<?xml version="1.0" encoding="ISO-8859-1" ?>
<link_info>
   <banner>MSP430 Linker PC v21.6.1.LTS</banner>
   <copyright>Copyright (c) 2003-2018 Texas Instruments Incorporated</copyright>
   <link_time>0x69e9f654</link_time>
   <link_errors>0x0</link_errors>
   <output_file>LearnStaff.out</output_file>
   <entry_point>
      <name>_c_int00_noargs_mpu</name>
      <address>0x6000</address>
   </entry_point>
   <input_file_list>
      <input_file id="fl-2">
         <path>.\</path>
         <kind>object</kind>
         <file>main.obj</file>
         <name>main.obj</name>
      </input_file>
      <input_file id="fl-3">
         <path>.\Common\</path>
         <kind>object</kind>
         <file>studiolib.obj</file>
         <name>studiolib.obj</name>
      </input_file>
      <input_file id="fl-4">
         <path>.\Hal\</path>
         <kind>object</kind>
         <file>hal_gpio.obj</file>
         <name>hal_gpio.obj</name>
      </input_file>
      <input_file id="fl-5">
         <path>.\Hal\</path>
         <kind>object</kind>
         <file>hal_system.obj</file>
         <name>hal_system.obj</name>
      </input_file>
      <input_file id="fl-6">
         <path>.\Hal\</path>
         <kind>object</kind>
         <file>hal_uart.obj</file>
         <name>hal_uart.obj</name>
      </input_file>
      <input_file id="fl-7">
         <path>.\Protocol\</path>
         <kind>object</kind>
         <file>Protocol.obj</file>
         <name>Protocol.obj</name>
      </input_file>
      <input_file id="fl-8">
         <path>.\Radio\</path>
         <kind>object</kind>
         <file>Nbiot.obj</file>
         <name>Nbiot.obj</name>
      </input_file>
      <input_file id="fl-f">
         <kind>object</kind>
         <file>&lt;internal&gt;</file>
         <name>&lt;internal&gt;</name>
      </input_file>
      <input_file id="fl-2f">
         <path>C:\ti\ccs1271\ccs\tools\compiler\ti-cgt-msp430_21.6.1.LTS\lib\</path>
         <kind>archive</kind>
         <file>rts430x_lc_rd_eabi.lib</file>
         <name>copy_decompress_lzss.c.obj</name>
      </input_file>
      <input_file id="fl-30">
         <path>C:\ti\ccs1271\ccs\tools\compiler\ti-cgt-msp430_21.6.1.LTS\lib\</path>
         <kind>archive</kind>
         <file>rts430x_lc_rd_eabi.lib</file>
         <name>copy_decompress_none.c.obj</name>
      </input_file>
      <input_file id="fl-31">
         <path>C:\ti\ccs1271\ccs\tools\compiler\ti-cgt-msp430_21.6.1.LTS\lib\</path>
         <kind>archive</kind>
         <file>rts430x_lc_rd_eabi.lib</file>
         <name>int16.asm.obj</name>
      </input_file>
      <input_file id="fl-32">
         <path>C:\ti\ccs1271\ccs\tools\compiler\ti-cgt-msp430_21.6.1.LTS\lib\</path>
         <kind>archive</kind>
         <file>rts430x_lc_rd_eabi.lib</file>
         <name>isr_trap.asm.obj</name>
      </input_file>
      <input_file id="fl-33">
         <path>C:\ti\ccs1271\ccs\tools\compiler\ti-cgt-msp430_21.6.1.LTS\lib\</path>
         <kind>archive</kind>
         <file>rts430x_lc_rd_eabi.lib</file>
         <name>int17.asm.obj</name>
      </input_file>
      <input_file id="fl-34">
         <path>C:\ti\ccs1271\ccs\tools\compiler\ti-cgt-msp430_21.6.1.LTS\lib\</path>
         <kind>archive</kind>
         <file>rts430x_lc_rd_eabi.lib</file>
         <name>int18.asm.obj</name>
      </input_file>
      <input_file id="fl-35">
         <path>C:\ti\ccs1271\ccs\tools\compiler\ti-cgt-msp430_21.6.1.LTS\lib\</path>
         <kind>archive</kind>
         <file>rts430x_lc_rd_eabi.lib</file>
         <name>int19.asm.obj</name>
      </input_file>
      <input_file id="fl-36">
         <path>C:\ti\ccs1271\ccs\tools\compiler\ti-cgt-msp430_21.6.1.LTS\lib\</path>
         <kind>archive</kind>
         <file>rts430x_lc_rd_eabi.lib</file>
         <name>int20.asm.obj</name>
      </input_file>
      <input_file id="fl-37">
         <path>C:\ti\ccs1271\ccs\tools\compiler\ti-cgt-msp430_21.6.1.LTS\lib\</path>
         <kind>archive</kind>
         <file>rts430x_lc_rd_eabi.lib</file>
         <name>int21.asm.obj</name>
      </input_file>
      <input_file id="fl-38">
         <path>C:\ti\ccs1271\ccs\tools\compiler\ti-cgt-msp430_21.6.1.LTS\lib\</path>
         <kind>archive</kind>
         <file>rts430x_lc_rd_eabi.lib</file>
         <name>int22.asm.obj</name>
      </input_file>
      <input_file id="fl-39">
         <path>C:\ti\ccs1271\ccs\tools\compiler\ti-cgt-msp430_21.6.1.LTS\lib\</path>
         <kind>archive</kind>
         <file>rts430x_lc_rd_eabi.lib</file>
         <name>int23.asm.obj</name>
      </input_file>
      <input_file id="fl-3a">
         <path>C:\ti\ccs1271\ccs\tools\compiler\ti-cgt-msp430_21.6.1.LTS\lib\</path>
         <kind>archive</kind>
         <file>rts430x_lc_rd_eabi.lib</file>
         <name>int24.asm.obj</name>
      </input_file>
      <input_file id="fl-3b">
         <path>C:\ti\ccs1271\ccs\tools\compiler\ti-cgt-msp430_21.6.1.LTS\lib\</path>
         <kind>archive</kind>
         <file>rts430x_lc_rd_eabi.lib</file>
         <name>int25.asm.obj</name>
      </input_file>
      <input_file id="fl-3c">
         <path>C:\ti\ccs1271\ccs\tools\compiler\ti-cgt-msp430_21.6.1.LTS\lib\</path>
         <kind>archive</kind>
         <file>rts430x_lc_rd_eabi.lib</file>
         <name>int26.asm.obj</name>
      </input_file>
      <input_file id="fl-3d">
         <path>C:\ti\ccs1271\ccs\tools\compiler\ti-cgt-msp430_21.6.1.LTS\lib\</path>
         <kind>archive</kind>
         <file>rts430x_lc_rd_eabi.lib</file>
         <name>int27.asm.obj</name>
      </input_file>
      <input_file id="fl-3e">
         <path>C:\ti\ccs1271\ccs\tools\compiler\ti-cgt-msp430_21.6.1.LTS\lib\</path>
         <kind>archive</kind>
         <file>rts430x_lc_rd_eabi.lib</file>
         <name>int28.asm.obj</name>
      </input_file>
      <input_file id="fl-3f">
         <path>C:\ti\ccs1271\ccs\tools\compiler\ti-cgt-msp430_21.6.1.LTS\lib\</path>
         <kind>archive</kind>
         <file>rts430x_lc_rd_eabi.lib</file>
         <name>int29.asm.obj</name>
      </input_file>
      <input_file id="fl-40">
         <path>C:\ti\ccs1271\ccs\tools\compiler\ti-cgt-msp430_21.6.1.LTS\lib\</path>
         <kind>archive</kind>
         <file>rts430x_lc_rd_eabi.lib</file>
         <name>int30.asm.obj</name>
      </input_file>
      <input_file id="fl-41">
         <path>C:\ti\ccs1271\ccs\tools\compiler\ti-cgt-msp430_21.6.1.LTS\lib\</path>
         <kind>archive</kind>
         <file>rts430x_lc_rd_eabi.lib</file>
         <name>int32.asm.obj</name>
      </input_file>
      <input_file id="fl-42">
         <path>C:\ti\ccs1271\ccs\tools\compiler\ti-cgt-msp430_21.6.1.LTS\lib\</path>
         <kind>archive</kind>
         <file>rts430x_lc_rd_eabi.lib</file>
         <name>int33.asm.obj</name>
      </input_file>
      <input_file id="fl-43">
         <path>C:\ti\ccs1271\ccs\tools\compiler\ti-cgt-msp430_21.6.1.LTS\lib\</path>
         <kind>archive</kind>
         <file>rts430x_lc_rd_eabi.lib</file>
         <name>int34.asm.obj</name>
      </input_file>
      <input_file id="fl-44">
         <path>C:\ti\ccs1271\ccs\tools\compiler\ti-cgt-msp430_21.6.1.LTS\lib\</path>
         <kind>archive</kind>
         <file>rts430x_lc_rd_eabi.lib</file>
         <name>int35.asm.obj</name>
      </input_file>
      <input_file id="fl-45">
         <path>C:\ti\ccs1271\ccs\tools\compiler\ti-cgt-msp430_21.6.1.LTS\lib\</path>
         <kind>archive</kind>
         <file>rts430x_lc_rd_eabi.lib</file>
         <name>int36.asm.obj</name>
      </input_file>
      <input_file id="fl-46">
         <path>C:\ti\ccs1271\ccs\tools\compiler\ti-cgt-msp430_21.6.1.LTS\lib\</path>
         <kind>archive</kind>
         <file>rts430x_lc_rd_eabi.lib</file>
         <name>int37.asm.obj</name>
      </input_file>
      <input_file id="fl-47">
         <path>C:\ti\ccs1271\ccs\tools\compiler\ti-cgt-msp430_21.6.1.LTS\lib\</path>
         <kind>archive</kind>
         <file>rts430x_lc_rd_eabi.lib</file>
         <name>int38.asm.obj</name>
      </input_file>
      <input_file id="fl-48">
         <path>C:\ti\ccs1271\ccs\tools\compiler\ti-cgt-msp430_21.6.1.LTS\lib\</path>
         <kind>archive</kind>
         <file>rts430x_lc_rd_eabi.lib</file>
         <name>int39.asm.obj</name>
      </input_file>
      <input_file id="fl-49">
         <path>C:\ti\ccs1271\ccs\tools\compiler\ti-cgt-msp430_21.6.1.LTS\lib\</path>
         <kind>archive</kind>
         <file>rts430x_lc_rd_eabi.lib</file>
         <name>int40.asm.obj</name>
      </input_file>
      <input_file id="fl-4a">
         <path>C:\ti\ccs1271\ccs\tools\compiler\ti-cgt-msp430_21.6.1.LTS\lib\</path>
         <kind>archive</kind>
         <file>rts430x_lc_rd_eabi.lib</file>
         <name>int41.asm.obj</name>
      </input_file>
      <input_file id="fl-4b">
         <path>C:\ti\ccs1271\ccs\tools\compiler\ti-cgt-msp430_21.6.1.LTS\lib\</path>
         <kind>archive</kind>
         <file>rts430x_lc_rd_eabi.lib</file>
         <name>int42.asm.obj</name>
      </input_file>
      <input_file id="fl-4c">
         <path>C:\ti\ccs1271\ccs\tools\compiler\ti-cgt-msp430_21.6.1.LTS\lib\</path>
         <kind>archive</kind>
         <file>rts430x_lc_rd_eabi.lib</file>
         <name>int43.asm.obj</name>
      </input_file>
      <input_file id="fl-4d">
         <path>C:\ti\ccs1271\ccs\tools\compiler\ti-cgt-msp430_21.6.1.LTS\lib\</path>
         <kind>archive</kind>
         <file>rts430x_lc_rd_eabi.lib</file>
         <name>int44.asm.obj</name>
      </input_file>
      <input_file id="fl-4e">
         <path>C:\ti\ccs1271\ccs\tools\compiler\ti-cgt-msp430_21.6.1.LTS\lib\</path>
         <kind>archive</kind>
         <file>rts430x_lc_rd_eabi.lib</file>
         <name>int45.asm.obj</name>
      </input_file>
      <input_file id="fl-4f">
         <path>C:\ti\ccs1271\ccs\tools\compiler\ti-cgt-msp430_21.6.1.LTS\lib\</path>
         <kind>archive</kind>
         <file>rts430x_lc_rd_eabi.lib</file>
         <name>int46.asm.obj</name>
      </input_file>
      <input_file id="fl-50">
         <path>C:\ti\ccs1271\ccs\tools\compiler\ti-cgt-msp430_21.6.1.LTS\lib\</path>
         <kind>archive</kind>
         <file>rts430x_lc_rd_eabi.lib</file>
         <name>int47.asm.obj</name>
      </input_file>
      <input_file id="fl-51">
         <path>C:\ti\ccs1271\ccs\tools\compiler\ti-cgt-msp430_21.6.1.LTS\lib\</path>
         <kind>archive</kind>
         <file>rts430x_lc_rd_eabi.lib</file>
         <name>int48.asm.obj</name>
      </input_file>
      <input_file id="fl-52">
         <path>C:\ti\ccs1271\ccs\tools\compiler\ti-cgt-msp430_21.6.1.LTS\lib\</path>
         <kind>archive</kind>
         <file>rts430x_lc_rd_eabi.lib</file>
         <name>int49.asm.obj</name>
      </input_file>
      <input_file id="fl-53">
         <path>C:\ti\ccs1271\ccs\tools\compiler\ti-cgt-msp430_21.6.1.LTS\lib\</path>
         <kind>archive</kind>
         <file>rts430x_lc_rd_eabi.lib</file>
         <name>int50.asm.obj</name>
      </input_file>
      <input_file id="fl-54">
         <path>C:\ti\ccs1271\ccs\tools\compiler\ti-cgt-msp430_21.6.1.LTS\lib\</path>
         <kind>archive</kind>
         <file>rts430x_lc_rd_eabi.lib</file>
         <name>int51.asm.obj</name>
      </input_file>
      <input_file id="fl-55">
         <path>C:\ti\ccs1271\ccs\tools\compiler\ti-cgt-msp430_21.6.1.LTS\lib\</path>
         <kind>archive</kind>
         <file>rts430x_lc_rd_eabi.lib</file>
         <name>int52.asm.obj</name>
      </input_file>
      <input_file id="fl-56">
         <path>C:\ti\ccs1271\ccs\tools\compiler\ti-cgt-msp430_21.6.1.LTS\lib\</path>
         <kind>archive</kind>
         <file>rts430x_lc_rd_eabi.lib</file>
         <name>int53.asm.obj</name>
      </input_file>
      <input_file id="fl-57">
         <path>C:\ti\ccs1271\ccs\tools\compiler\ti-cgt-msp430_21.6.1.LTS\lib\</path>
         <kind>archive</kind>
         <file>rts430x_lc_rd_eabi.lib</file>
         <name>int54.asm.obj</name>
      </input_file>
      <input_file id="fl-58">
         <path>C:\ti\ccs1271\ccs\tools\compiler\ti-cgt-msp430_21.6.1.LTS\lib\</path>
         <kind>archive</kind>
         <file>rts430x_lc_rd_eabi.lib</file>
         <name>copy_zero_init.c.obj</name>
      </input_file>
      <input_file id="fl-59">
         <path>C:\ti\ccs1271\ccs\tools\compiler\ti-cgt-msp430_21.6.1.LTS\lib\</path>
         <kind>archive</kind>
         <file>rts430x_lc_rd_eabi.lib</file>
         <name>cvtfd.c.obj</name>
      </input_file>
      <input_file id="fl-5a">
         <path>C:\ti\ccs1271\ccs\tools\compiler\ti-cgt-msp430_21.6.1.LTS\lib\</path>
         <kind>archive</kind>
         <file>rts430x_lc_rd_eabi.lib</file>
         <name>div16s.asm.obj</name>
      </input_file>
      <input_file id="fl-5b">
         <path>C:\ti\ccs1271\ccs\tools\compiler\ti-cgt-msp430_21.6.1.LTS\lib\</path>
         <kind>archive</kind>
         <file>rts430x_lc_rd_eabi.lib</file>
         <name>div16u.asm.obj</name>
      </input_file>
      <input_file id="fl-5c">
         <path>C:\ti\ccs1271\ccs\tools\compiler\ti-cgt-msp430_21.6.1.LTS\lib\</path>
         <kind>archive</kind>
         <file>rts430x_lc_rd_eabi.lib</file>
         <name>mult16_f5hw.asm.obj</name>
      </input_file>
      <input_file id="fl-5d">
         <path>C:\ti\ccs1271\ccs\tools\compiler\ti-cgt-msp430_21.6.1.LTS\lib\</path>
         <kind>archive</kind>
         <file>rts430x_lc_rd_eabi.lib</file>
         <name>mult32_f5hw.asm.obj</name>
      </input_file>
      <input_file id="fl-5e">
         <path>C:\ti\ccs1271\ccs\tools\compiler\ti-cgt-msp430_21.6.1.LTS\lib\</path>
         <kind>archive</kind>
         <file>rts430x_lc_rd_eabi.lib</file>
         <name>mult64_f5hw.asm.obj</name>
      </input_file>
      <input_file id="fl-5f">
         <path>C:\ti\ccs1271\ccs\tools\compiler\ti-cgt-msp430_21.6.1.LTS\lib\</path>
         <kind>archive</kind>
         <file>rts430x_lc_rd_eabi.lib</file>
         <name>mult1632_f5hw.asm.obj</name>
      </input_file>
      <input_file id="fl-60">
         <path>C:\ti\ccs1271\ccs\tools\compiler\ti-cgt-msp430_21.6.1.LTS\lib\</path>
         <kind>archive</kind>
         <file>rts430x_lc_rd_eabi.lib</file>
         <name>mult3264_f5hw.asm.obj</name>
      </input_file>
      <input_file id="fl-61">
         <path>C:\ti\ccs1271\ccs\tools\compiler\ti-cgt-msp430_21.6.1.LTS\lib\</path>
         <kind>archive</kind>
         <file>rts430x_lc_rd_eabi.lib</file>
         <name>asr32.asm.obj</name>
      </input_file>
      <input_file id="fl-62">
         <path>C:\ti\ccs1271\ccs\tools\compiler\ti-cgt-msp430_21.6.1.LTS\lib\</path>
         <kind>archive</kind>
         <file>rts430x_lc_rd_eabi.lib</file>
         <name>lsr64.c.obj</name>
      </input_file>
      <input_file id="fl-63">
         <path>C:\ti\ccs1271\ccs\tools\compiler\ti-cgt-msp430_21.6.1.LTS\lib\</path>
         <kind>archive</kind>
         <file>rts430x_lc_rd_eabi.lib</file>
         <name>boot.c.obj</name>
      </input_file>
      <input_file id="fl-64">
         <path>C:\ti\ccs1271\ccs\ccs_base\msp430\lib\FR59xx\</path>
         <kind>archive</kind>
         <file>MSPMPU_INIT_LIB_CCS_msp430_large_code_restricted_data.lib</file>
         <name>mpu_init.o</name>
      </input_file>
      <input_file id="fl-65">
         <path>C:\ti\ccs1271\ccs\tools\compiler\ti-cgt-msp430_21.6.1.LTS\lib\</path>
         <kind>archive</kind>
         <file>rts430x_lc_rd_eabi.lib</file>
         <name>args_main.c.obj</name>
      </input_file>
      <input_file id="fl-66">
         <path>C:\ti\ccs1271\ccs\tools\compiler\ti-cgt-msp430_21.6.1.LTS\lib\</path>
         <kind>archive</kind>
         <file>rts430x_lc_rd_eabi.lib</file>
         <name>autoinit.c.obj</name>
      </input_file>
      <input_file id="fl-67">
         <path>C:\ti\ccs1271\ccs\tools\compiler\ti-cgt-msp430_21.6.1.LTS\lib\</path>
         <kind>archive</kind>
         <file>rts430x_lc_rd_eabi.lib</file>
         <name>startup.c.obj</name>
      </input_file>
      <input_file id="fl-68">
         <path>C:\ti\ccs1271\ccs\tools\compiler\ti-cgt-msp430_21.6.1.LTS\lib\</path>
         <kind>archive</kind>
         <file>rts430x_lc_rd_eabi.lib</file>
         <name>pre_init.c.obj</name>
      </input_file>
      <input_file id="fl-69">
         <path>C:\ti\ccs1271\ccs\tools\compiler\ti-cgt-msp430_21.6.1.LTS\lib\</path>
         <kind>archive</kind>
         <file>rts430x_lc_rd_eabi.lib</file>
         <name>cpy_tbl.c.obj</name>
      </input_file>
      <input_file id="fl-6a">
         <path>C:\ti\ccs1271\ccs\tools\compiler\ti-cgt-msp430_21.6.1.LTS\lib\</path>
         <kind>archive</kind>
         <file>rts430x_lc_rd_eabi.lib</file>
         <name>mult16.asm.obj</name>
      </input_file>
      <input_file id="fl-6b">
         <path>C:\ti\ccs1271\ccs\tools\compiler\ti-cgt-msp430_21.6.1.LTS\lib\</path>
         <kind>archive</kind>
         <file>rts430x_lc_rd_eabi.lib</file>
         <name>exit.c.obj</name>
      </input_file>
      <input_file id="fl-6c">
         <path>C:\ti\ccs1271\ccs\tools\compiler\ti-cgt-msp430_21.6.1.LTS\lib\</path>
         <kind>archive</kind>
         <file>rts430x_lc_rd_eabi.lib</file>
         <name>exit_gvars.c.obj</name>
      </input_file>
      <input_file id="fl-6d">
         <path>C:\ti\ccs1271\ccs\tools\compiler\ti-cgt-msp430_21.6.1.LTS\lib\</path>
         <kind>archive</kind>
         <file>rts430x_lc_rd_eabi.lib</file>
         <name>_lock.c.obj</name>
      </input_file>
      <input_file id="fl-6e">
         <path>C:\ti\ccs1271\ccs\tools\compiler\ti-cgt-msp430_21.6.1.LTS\lib\</path>
         <kind>archive</kind>
         <file>rts430x_lc_rd_eabi.lib</file>
         <name>memcpy.c.obj</name>
      </input_file>
      <input_file id="fl-6f">
         <path>C:\ti\ccs1271\ccs\tools\compiler\ti-cgt-msp430_21.6.1.LTS\lib\</path>
         <kind>archive</kind>
         <file>rts430x_lc_rd_eabi.lib</file>
         <name>memset.c.obj</name>
      </input_file>
      <input_file id="fl-70">
         <path>C:\ti\ccs1271\ccs\tools\compiler\ti-cgt-msp430_21.6.1.LTS\lib\</path>
         <kind>archive</kind>
         <file>rts430x_lc_rd_eabi.lib</file>
         <name>snprintf.c.obj</name>
      </input_file>
      <input_file id="fl-71">
         <path>C:\ti\ccs1271\ccs\tools\compiler\ti-cgt-msp430_21.6.1.LTS\lib\</path>
         <kind>archive</kind>
         <file>rts430x_lc_rd_eabi.lib</file>
         <name>_printfi.c.obj</name>
      </input_file>
      <input_file id="fl-72">
         <path>C:\ti\ccs1271\ccs\tools\compiler\ti-cgt-msp430_21.6.1.LTS\lib\</path>
         <kind>archive</kind>
         <file>rts430x_lc_rd_eabi.lib</file>
         <name>_ltoa.c.obj</name>
      </input_file>
      <input_file id="fl-73">
         <path>C:\ti\ccs1271\ccs\tools\compiler\ti-cgt-msp430_21.6.1.LTS\lib\</path>
         <kind>archive</kind>
         <file>rts430x_lc_rd_eabi.lib</file>
         <name>cmpd.c.obj</name>
      </input_file>
      <input_file id="fl-74">
         <path>C:\ti\ccs1271\ccs\tools\compiler\ti-cgt-msp430_21.6.1.LTS\lib\</path>
         <kind>archive</kind>
         <file>rts430x_lc_rd_eabi.lib</file>
         <name>divd.c.obj</name>
      </input_file>
      <input_file id="fl-75">
         <path>C:\ti\ccs1271\ccs\tools\compiler\ti-cgt-msp430_21.6.1.LTS\lib\</path>
         <kind>archive</kind>
         <file>rts430x_lc_rd_eabi.lib</file>
         <name>frcdivd.c.obj</name>
      </input_file>
      <input_file id="fl-76">
         <path>C:\ti\ccs1271\ccs\tools\compiler\ti-cgt-msp430_21.6.1.LTS\lib\</path>
         <kind>archive</kind>
         <file>rts430x_lc_rd_eabi.lib</file>
         <name>div32s.asm.obj</name>
      </input_file>
      <input_file id="fl-77">
         <path>C:\ti\ccs1271\ccs\tools\compiler\ti-cgt-msp430_21.6.1.LTS\lib\</path>
         <kind>archive</kind>
         <file>rts430x_lc_rd_eabi.lib</file>
         <name>div32u.asm.obj</name>
      </input_file>
      <input_file id="fl-78">
         <path>C:\ti\ccs1271\ccs\tools\compiler\ti-cgt-msp430_21.6.1.LTS\lib\</path>
         <kind>archive</kind>
         <file>rts430x_lc_rd_eabi.lib</file>
         <name>div64u.c.obj</name>
      </input_file>
      <input_file id="fl-79">
         <path>C:\ti\ccs1271\ccs\tools\compiler\ti-cgt-msp430_21.6.1.LTS\lib\</path>
         <kind>archive</kind>
         <file>rts430x_lc_rd_eabi.lib</file>
         <name>fixdi.c.obj</name>
      </input_file>
      <input_file id="fl-7a">
         <path>C:\ti\ccs1271\ccs\tools\compiler\ti-cgt-msp430_21.6.1.LTS\lib\</path>
         <kind>archive</kind>
         <file>rts430x_lc_rd_eabi.lib</file>
         <name>fixdli.c.obj</name>
      </input_file>
      <input_file id="fl-7b">
         <path>C:\ti\ccs1271\ccs\tools\compiler\ti-cgt-msp430_21.6.1.LTS\lib\</path>
         <kind>archive</kind>
         <file>rts430x_lc_rd_eabi.lib</file>
         <name>fltid.c.obj</name>
      </input_file>
      <input_file id="fl-7c">
         <path>C:\ti\ccs1271\ccs\tools\compiler\ti-cgt-msp430_21.6.1.LTS\lib\</path>
         <kind>archive</kind>
         <file>rts430x_lc_rd_eabi.lib</file>
         <name>fltlid.c.obj</name>
      </input_file>
      <input_file id="fl-7d">
         <path>C:\ti\ccs1271\ccs\tools\compiler\ti-cgt-msp430_21.6.1.LTS\lib\</path>
         <kind>archive</kind>
         <file>rts430x_lc_rd_eabi.lib</file>
         <name>mpyd.c.obj</name>
      </input_file>
      <input_file id="fl-7e">
         <path>C:\ti\ccs1271\ccs\tools\compiler\ti-cgt-msp430_21.6.1.LTS\lib\</path>
         <kind>archive</kind>
         <file>rts430x_lc_rd_eabi.lib</file>
         <name>frcmpyd.c.obj</name>
      </input_file>
      <input_file id="fl-7f">
         <path>C:\ti\ccs1271\ccs\tools\compiler\ti-cgt-msp430_21.6.1.LTS\lib\</path>
         <kind>archive</kind>
         <file>rts430x_lc_rd_eabi.lib</file>
         <name>mult32.asm.obj</name>
      </input_file>
      <input_file id="fl-80">
         <path>C:\ti\ccs1271\ccs\tools\compiler\ti-cgt-msp430_21.6.1.LTS\lib\</path>
         <kind>archive</kind>
         <file>rts430x_lc_rd_eabi.lib</file>
         <name>mult64.asm.obj</name>
      </input_file>
      <input_file id="fl-81">
         <path>C:\ti\ccs1271\ccs\tools\compiler\ti-cgt-msp430_21.6.1.LTS\lib\</path>
         <kind>archive</kind>
         <file>rts430x_lc_rd_eabi.lib</file>
         <name>mult1632.asm.obj</name>
      </input_file>
      <input_file id="fl-82">
         <path>C:\ti\ccs1271\ccs\tools\compiler\ti-cgt-msp430_21.6.1.LTS\lib\</path>
         <kind>archive</kind>
         <file>rts430x_lc_rd_eabi.lib</file>
         <name>mult3264.asm.obj</name>
      </input_file>
      <input_file id="fl-83">
         <path>C:\ti\ccs1271\ccs\tools\compiler\ti-cgt-msp430_21.6.1.LTS\lib\</path>
         <kind>archive</kind>
         <file>rts430x_lc_rd_eabi.lib</file>
         <name>negd.c.obj</name>
      </input_file>
      <input_file id="fl-84">
         <path>C:\ti\ccs1271\ccs\tools\compiler\ti-cgt-msp430_21.6.1.LTS\lib\</path>
         <kind>archive</kind>
         <file>rts430x_lc_rd_eabi.lib</file>
         <name>lsl32.asm.obj</name>
      </input_file>
      <input_file id="fl-85">
         <path>C:\ti\ccs1271\ccs\tools\compiler\ti-cgt-msp430_21.6.1.LTS\lib\</path>
         <kind>archive</kind>
         <file>rts430x_lc_rd_eabi.lib</file>
         <name>lsl64.c.obj</name>
      </input_file>
      <input_file id="fl-86">
         <path>C:\ti\ccs1271\ccs\tools\compiler\ti-cgt-msp430_21.6.1.LTS\lib\</path>
         <kind>archive</kind>
         <file>rts430x_lc_rd_eabi.lib</file>
         <name>lsr32.asm.obj</name>
      </input_file>
      <input_file id="fl-87">
         <path>C:\ti\ccs1271\ccs\tools\compiler\ti-cgt-msp430_21.6.1.LTS\lib\</path>
         <kind>archive</kind>
         <file>rts430x_lc_rd_eabi.lib</file>
         <name>subd.c.obj</name>
      </input_file>
      <input_file id="fl-88">
         <path>C:\ti\ccs1271\ccs\tools\compiler\ti-cgt-msp430_21.6.1.LTS\lib\</path>
         <kind>archive</kind>
         <file>rts430x_lc_rd_eabi.lib</file>
         <name>addd.c.obj</name>
      </input_file>
      <input_file id="fl-89">
         <path>C:\ti\ccs1271\ccs\tools\compiler\ti-cgt-msp430_21.6.1.LTS\lib\</path>
         <kind>archive</kind>
         <file>rts430x_lc_rd_eabi.lib</file>
         <name>asr64.c.obj</name>
      </input_file>
      <input_file id="fl-8a">
         <path>C:\ti\ccs1271\ccs\tools\compiler\ti-cgt-msp430_21.6.1.LTS\lib\</path>
         <kind>archive</kind>
         <file>rts430x_lc_rd_eabi.lib</file>
         <name>abs.c.obj</name>
      </input_file>
      <input_file id="fl-8b">
         <path>C:\ti\ccs1271\ccs\tools\compiler\ti-cgt-msp430_21.6.1.LTS\lib\</path>
         <kind>archive</kind>
         <file>rts430x_lc_rd_eabi.lib</file>
         <name>atoi.c.obj</name>
      </input_file>
      <input_file id="fl-8c">
         <path>C:\ti\ccs1271\ccs\tools\compiler\ti-cgt-msp430_21.6.1.LTS\lib\</path>
         <kind>archive</kind>
         <file>rts430x_lc_rd_eabi.lib</file>
         <name>ctype.c.obj</name>
      </input_file>
      <input_file id="fl-8d">
         <path>C:\ti\ccs1271\ccs\tools\compiler\ti-cgt-msp430_21.6.1.LTS\lib\</path>
         <kind>archive</kind>
         <file>rts430x_lc_rd_eabi.lib</file>
         <name>errno.c.obj</name>
      </input_file>
      <input_file id="fl-8e">
         <path>C:\ti\ccs1271\ccs\tools\compiler\ti-cgt-msp430_21.6.1.LTS\lib\</path>
         <kind>archive</kind>
         <file>rts430x_lc_rd_eabi.lib</file>
         <name>s_frexp.c.obj</name>
      </input_file>
      <input_file id="fl-8f">
         <path>C:\ti\ccs1271\ccs\tools\compiler\ti-cgt-msp430_21.6.1.LTS\lib\</path>
         <kind>archive</kind>
         <file>rts430x_lc_rd_eabi.lib</file>
         <name>s_scalbn.c.obj</name>
      </input_file>
      <input_file id="fl-90">
         <path>C:\ti\ccs1271\ccs\tools\compiler\ti-cgt-msp430_21.6.1.LTS\lib\</path>
         <kind>archive</kind>
         <file>rts430x_lc_rd_eabi.lib</file>
         <name>s_copysign.c.obj</name>
      </input_file>
      <input_file id="fl-91">
         <path>C:\ti\ccs1271\ccs\tools\compiler\ti-cgt-msp430_21.6.1.LTS\lib\</path>
         <kind>archive</kind>
         <file>rts430x_lc_rd_eabi.lib</file>
         <name>memccpy.c.obj</name>
      </input_file>
      <input_file id="fl-92">
         <path>C:\ti\ccs1271\ccs\tools\compiler\ti-cgt-msp430_21.6.1.LTS\lib\</path>
         <kind>archive</kind>
         <file>rts430x_lc_rd_eabi.lib</file>
         <name>strchr.c.obj</name>
      </input_file>
      <input_file id="fl-93">
         <path>C:\ti\ccs1271\ccs\tools\compiler\ti-cgt-msp430_21.6.1.LTS\lib\</path>
         <kind>archive</kind>
         <file>rts430x_lc_rd_eabi.lib</file>
         <name>strcmp.c.obj</name>
      </input_file>
      <input_file id="fl-94">
         <path>C:\ti\ccs1271\ccs\tools\compiler\ti-cgt-msp430_21.6.1.LTS\lib\</path>
         <kind>archive</kind>
         <file>rts430x_lc_rd_eabi.lib</file>
         <name>strcpy.c.obj</name>
      </input_file>
      <input_file id="fl-95">
         <path>C:\ti\ccs1271\ccs\tools\compiler\ti-cgt-msp430_21.6.1.LTS\lib\</path>
         <kind>archive</kind>
         <file>rts430x_lc_rd_eabi.lib</file>
         <name>strlen.c.obj</name>
      </input_file>
      <input_file id="fl-96">
         <path>C:\ti\ccs1271\ccs\tools\compiler\ti-cgt-msp430_21.6.1.LTS\lib\</path>
         <kind>archive</kind>
         <file>rts430x_lc_rd_eabi.lib</file>
         <name>strstr.c.obj</name>
      </input_file>
      <input_file id="fl-97">
         <path>C:\ti\ccs1271\ccs\tools\compiler\ti-cgt-msp430_21.6.1.LTS\lib\</path>
         <kind>archive</kind>
         <file>rts430x_lc_rd_eabi.lib</file>
         <name>toupper.c.obj</name>
      </input_file>
      <input_file id="fl-98">
         <path>C:\ti\ccs1271\ccs\tools\compiler\ti-cgt-msp430_21.6.1.LTS\lib\</path>
         <kind>archive</kind>
         <file>rts430x_lc_rd_eabi.lib</file>
         <name>wcslen.c.obj</name>
      </input_file>
   </input_file_list>
   <object_component_list>
      <object_component id="oc-d7c">
         <name>.cinit..data.load</name>
         <load_address>0x6dc8</load_address>
         <run_address>0x6dc8</run_address>
         <size>0xc</size>
      </object_component>
      <object_component id="oc-d79">
         <name>__TI_handler_table</name>
         <load_address>0x6dd4</load_address>
         <run_address>0x6dd4</run_address>
         <size>0xc</size>
      </object_component>
      <object_component id="oc-d7b">
         <name>.cinit..bss.load</name>
         <load_address>0x6de0</load_address>
         <run_address>0x6de0</run_address>
         <size>0x6</size>
      </object_component>
      <object_component id="oc-d7a">
         <name>__TI_cinit_table</name>
         <load_address>0x6de6</load_address>
         <run_address>0x6de6</run_address>
         <size>0x10</size>
      </object_component>
      <object_component id="oc-d0a">
         <name>.binit</name>
         <load_address>0x6000</load_address>
         <run_address>0x6000</run_address>
         <size>0x0</size>
      </object_component>
      <object_component id="oc-7bb">
         <name>.text:_isr:_c_int00_noargs_mpu</name>
         <load_address>0x6000</load_address>
         <run_address>0x6000</run_address>
         <size>0x20</size>
         <input_file_ref idref="fl-63"/>
      </object_component>
      <object_component id="oc-78c">
         <name>.text:_isr:__TI_ISR_TRAP</name>
         <load_address>0x6020</load_address>
         <run_address>0x6020</run_address>
         <size>0x8</size>
         <input_file_ref idref="fl-32"/>
      </object_component>
      <object_component id="oc-891">
         <name>.const:.string</name>
         <load_address>0x6028</load_address>
         <run_address>0x6028</run_address>
         <size>0xc48</size>
         <input_file_ref idref="fl-8"/>
      </object_component>
      <object_component id="oc-b76">
         <name>.const:.string:_ctypes_</name>
         <load_address>0x6c70</load_address>
         <run_address>0x6c70</run_address>
         <size>0x101</size>
         <input_file_ref idref="fl-8c"/>
      </object_component>
      <object_component id="oc-90a">
         <name>.const:.string</name>
         <load_address>0x6d72</load_address>
         <run_address>0x6d72</run_address>
         <size>0x30</size>
         <input_file_ref idref="fl-5"/>
      </object_component>
      <object_component id="oc-b2f">
         <name>.const:.string</name>
         <load_address>0x6da2</load_address>
         <run_address>0x6da2</run_address>
         <size>0x26</size>
         <input_file_ref idref="fl-71"/>
      </object_component>
      <object_component id="oc-cb7">
         <name>.text:__mspabi_addd</name>
         <load_address>0x10000</load_address>
         <run_address>0x10000</run_address>
         <size>0x72a</size>
         <input_file_ref idref="fl-88"/>
      </object_component>
      <object_component id="oc-c7d">
         <name>.text:__TI_frcdivd</name>
         <load_address>0x1072a</load_address>
         <run_address>0x1072a</run_address>
         <size>0x468</size>
         <input_file_ref idref="fl-75"/>
      </object_component>
      <object_component id="oc-bd6">
         <name>.text:__mspabi_divull</name>
         <load_address>0x10b92</load_address>
         <run_address>0x10b92</run_address>
         <size>0x34e</size>
         <input_file_ref idref="fl-78"/>
      </object_component>
      <object_component id="oc-ad2">
         <name>.text:__TI_printfi:__TI_printfi</name>
         <load_address>0x10ee0</load_address>
         <run_address>0x10ee0</run_address>
         <size>0x2a6</size>
         <input_file_ref idref="fl-71"/>
      </object_component>
      <object_component id="oc-c14">
         <name>.text:__mspabi_mpyd</name>
         <load_address>0x11186</load_address>
         <run_address>0x11186</run_address>
         <size>0x292</size>
         <input_file_ref idref="fl-7d"/>
      </object_component>
      <object_component id="oc-91b">
         <name>.text:NbIot_ProcessUdpTestState</name>
         <load_address>0x11418</load_address>
         <run_address>0x11418</run_address>
         <size>0x288</size>
         <input_file_ref idref="fl-8"/>
      </object_component>
      <object_component id="oc-b1a">
         <name>.text:__TI_printfi:_setfield___TI_printfi</name>
         <load_address>0x116a0</load_address>
         <run_address>0x116a0</run_address>
         <size>0x27a</size>
         <input_file_ref idref="fl-71"/>
      </object_component>
      <object_component id="oc-b65">
         <name>.text:_pproc_fgea</name>
         <load_address>0x1191a</load_address>
         <run_address>0x1191a</run_address>
         <size>0x268</size>
         <input_file_ref idref="fl-71"/>
      </object_component>
      <object_component id="oc-c27">
         <name>.text:acvt</name>
         <load_address>0x11b82</load_address>
         <run_address>0x11b82</run_address>
         <size>0x224</size>
         <input_file_ref idref="fl-71"/>
      </object_component>
      <object_component id="oc-c1a">
         <name>.text:__mspabi_divd</name>
         <load_address>0x11da6</load_address>
         <run_address>0x11da6</run_address>
         <size>0x21c</size>
         <input_file_ref idref="fl-74"/>
      </object_component>
      <object_component id="oc-927">
         <name>.text:NbIot_ProcessInitState</name>
         <load_address>0x11fc2</load_address>
         <run_address>0x11fc2</run_address>
         <size>0x214</size>
         <input_file_ref idref="fl-8"/>
      </object_component>
      <object_component id="oc-b91">
         <name>.text:__TI_printfi:_getarg_diouxp___TI_printfi</name>
         <load_address>0x121d6</load_address>
         <run_address>0x121d6</run_address>
         <size>0x206</size>
         <input_file_ref idref="fl-71"/>
      </object_component>
      <object_component id="oc-bf4">
         <name>.text:ecvt</name>
         <load_address>0x123dc</load_address>
         <run_address>0x123dc</run_address>
         <size>0x1e6</size>
         <input_file_ref idref="fl-71"/>
      </object_component>
      <object_component id="oc-92d">
         <name>.text:NbIot_ProcessBootState</name>
         <load_address>0x125c2</load_address>
         <run_address>0x125c2</run_address>
         <size>0x1c8</size>
         <input_file_ref idref="fl-8"/>
      </object_component>
      <object_component id="oc-c07">
         <name>.text:fcvt</name>
         <load_address>0x1278a</load_address>
         <run_address>0x1278a</run_address>
         <size>0x1c8</size>
         <input_file_ref idref="fl-71"/>
      </object_component>
      <object_component id="oc-915">
         <name>.text:NbIot_ProcessTcpTestState</name>
         <load_address>0x12952</load_address>
         <run_address>0x12952</run_address>
         <size>0x1ae</size>
         <input_file_ref idref="fl-8"/>
      </object_component>
      <object_component id="oc-bb6">
         <name>.text:_pconv_e</name>
         <load_address>0x12b00</load_address>
         <run_address>0x12b00</run_address>
         <size>0x1a2</size>
         <input_file_ref idref="fl-71"/>
      </object_component>
      <object_component id="oc-bbc">
         <name>.text:_pconv_a</name>
         <load_address>0x12ca2</load_address>
         <run_address>0x12ca2</run_address>
         <size>0x170</size>
         <input_file_ref idref="fl-71"/>
      </object_component>
      <object_component id="oc-c75">
         <name>.text:__TI_frcmpyd</name>
         <load_address>0x12e12</load_address>
         <run_address>0x12e12</run_address>
         <size>0x164</size>
         <input_file_ref idref="fl-7e"/>
      </object_component>
      <object_component id="oc-c8c">
         <name>.text:scalbn</name>
         <load_address>0x12f76</load_address>
         <run_address>0x12f76</run_address>
         <size>0x15a</size>
         <input_file_ref idref="fl-8f"/>
      </object_component>
      <object_component id="oc-b5f">
         <name>.text:__TI_printfi:_pproc_diouxp___TI_printfi</name>
         <load_address>0x130d0</load_address>
         <run_address>0x130d0</run_address>
         <size>0x148</size>
         <input_file_ref idref="fl-71"/>
      </object_component>
      <object_component id="oc-9e7">
         <name>.text:NbIot_ProcessTerminalInput</name>
         <load_address>0x13218</load_address>
         <run_address>0x13218</run_address>
         <size>0x128</size>
         <input_file_ref idref="fl-8"/>
      </object_component>
      <object_component id="oc-b97">
         <name>.text:__TI_printfi:_ltostr___TI_printfi</name>
         <load_address>0x13340</load_address>
         <run_address>0x13340</run_address>
         <size>0x128</size>
         <input_file_ref idref="fl-71"/>
      </object_component>
      <object_component id="oc-baa">
         <name>.text:_pconv_g</name>
         <load_address>0x13468</load_address>
         <run_address>0x13468</run_address>
         <size>0xfc</size>
         <input_file_ref idref="fl-71"/>
      </object_component>
      <object_component id="oc-b14">
         <name>.text:__TI_printfi:_pproc_fwp___TI_printfi</name>
         <load_address>0x13564</load_address>
         <run_address>0x13564</run_address>
         <size>0xea</size>
         <input_file_ref idref="fl-71"/>
      </object_component>
      <object_component id="oc-bc2">
         <name>.text:__mspabi_cmpd</name>
         <load_address>0x1364e</load_address>
         <run_address>0x1364e</run_address>
         <size>0xd8</size>
         <input_file_ref idref="fl-73"/>
      </object_component>
      <object_component id="oc-b26">
         <name>.text:__TI_printfi:_pproc_wstr___TI_printfi</name>
         <load_address>0x13726</load_address>
         <run_address>0x13726</run_address>
         <size>0xc8</size>
         <input_file_ref idref="fl-71"/>
      </object_component>
      <object_component id="oc-827">
         <name>.text:NbIot_Init</name>
         <load_address>0x137ee</load_address>
         <run_address>0x137ee</run_address>
         <size>0xaa</size>
         <input_file_ref idref="fl-8"/>
      </object_component>
      <object_component id="oc-b20">
         <name>.text:__TI_printfi:_pproc_str___TI_printfi</name>
         <load_address>0x13898</load_address>
         <run_address>0x13898</run_address>
         <size>0xa6</size>
         <input_file_ref idref="fl-71"/>
      </object_component>
      <object_component id="oc-c21">
         <name>.text:frexp</name>
         <load_address>0x1393e</load_address>
         <run_address>0x1393e</run_address>
         <size>0xa6</size>
         <input_file_ref idref="fl-8e"/>
      </object_component>
      <object_component id="oc-9ce">
         <name>.text:NbIot_WaitForRecvLine</name>
         <load_address>0x139e4</load_address>
         <run_address>0x139e4</run_address>
         <size>0x9e</size>
         <input_file_ref idref="fl-8"/>
      </object_component>
      <object_component id="oc-c58">
         <name>.text:__mspabi_fltlid</name>
         <load_address>0x13a82</load_address>
         <run_address>0x13a82</run_address>
         <size>0x9e</size>
         <input_file_ref idref="fl-7c"/>
      </object_component>
      <object_component id="oc-90e">
         <name>.text:UART_Debug_SendInt</name>
         <load_address>0x13b20</load_address>
         <run_address>0x13b20</run_address>
         <size>0x96</size>
         <input_file_ref idref="fl-3"/>
      </object_component>
      <object_component id="oc-bfa">
         <name>.text:_ecpy</name>
         <load_address>0x13bb6</load_address>
         <run_address>0x13bb6</run_address>
         <size>0x90</size>
         <input_file_ref idref="fl-71"/>
      </object_component>
      <object_component id="oc-c00">
         <name>.text:_mcpy</name>
         <load_address>0x13c46</load_address>
         <run_address>0x13c46</run_address>
         <size>0x90</size>
         <input_file_ref idref="fl-71"/>
      </object_component>
      <object_component id="oc-c52">
         <name>.text:__TI_ltoa</name>
         <load_address>0x13cd6</load_address>
         <run_address>0x13cd6</run_address>
         <size>0x80</size>
         <input_file_ref idref="fl-72"/>
      </object_component>
      <object_component id="oc-9e1">
         <name>.text:NbIot_PrintHelp</name>
         <load_address>0x13d56</load_address>
         <run_address>0x13d56</run_address>
         <size>0x7a</size>
         <input_file_ref idref="fl-8"/>
      </object_component>
      <object_component id="oc-bb0">
         <name>.text:_pconv_f</name>
         <load_address>0x13dd0</load_address>
         <run_address>0x13dd0</run_address>
         <size>0x78</size>
         <input_file_ref idref="fl-71"/>
      </object_component>
      <object_component id="oc-81">
         <name>.text:decompress:lzss:__TI_decompress_lzss</name>
         <load_address>0x13e48</load_address>
         <run_address>0x13e48</run_address>
         <size>0x76</size>
         <input_file_ref idref="fl-2f"/>
      </object_component>
      <object_component id="oc-c4c">
         <name>.text:__mspabi_fixdli</name>
         <load_address>0x13ebe</load_address>
         <run_address>0x13ebe</run_address>
         <size>0x66</size>
         <input_file_ref idref="fl-7a"/>
      </object_component>
      <object_component id="oc-89f">
         <name>.text:NbIot_Process</name>
         <load_address>0x13f24</load_address>
         <run_address>0x13f24</run_address>
         <size>0x62</size>
         <input_file_ref idref="fl-8"/>
      </object_component>
      <object_component id="oc-b45">
         <name>.text:atoi</name>
         <load_address>0x13f86</load_address>
         <run_address>0x13f86</run_address>
         <size>0x62</size>
         <input_file_ref idref="fl-8b"/>
      </object_component>
      <object_component id="oc-a2c">
         <name>.text:snprintf</name>
         <load_address>0x13fe8</load_address>
         <run_address>0x13fe8</run_address>
         <size>0x62</size>
         <input_file_ref idref="fl-70"/>
      </object_component>
      <object_component id="oc-9bb">
         <name>.text:NbIot_BuildPdpCommand</name>
         <load_address>0x1404a</load_address>
         <run_address>0x1404a</run_address>
         <size>0x60</size>
         <input_file_ref idref="fl-8"/>
      </object_component>
      <object_component id="oc-9d4">
         <name>.text:NbIot_HandleDownlinkCommand</name>
         <load_address>0x140aa</load_address>
         <run_address>0x140aa</run_address>
         <size>0x5e</size>
         <input_file_ref idref="fl-8"/>
      </object_component>
      <object_component id="oc-9b5">
         <name>.text:NbIot_WaitForToken</name>
         <load_address>0x14108</load_address>
         <run_address>0x14108</run_address>
         <size>0x5e</size>
         <input_file_ref idref="fl-8"/>
      </object_component>
      <object_component id="oc-cc0">
         <name>.text:__mpyll</name>
         <load_address>0x14166</load_address>
         <run_address>0x14166</run_address>
         <size>0x5c</size>
         <input_file_ref idref="fl-5e"/>
      </object_component>
      <object_component id="oc-9c1">
         <name>.text:NbIot_BuildOfficePayload</name>
         <load_address>0x141c2</load_address>
         <run_address>0x141c2</run_address>
         <size>0x5a</size>
         <input_file_ref idref="fl-8"/>
      </object_component>
      <object_component id="oc-bdc">
         <name>.text</name>
         <load_address>0x1421c</load_address>
         <run_address>0x1421c</run_address>
         <size>0x58</size>
         <input_file_ref idref="fl-77"/>
      </object_component>
      <object_component id="oc-858">
         <name>.text:__TI_auto_init_nobinit_nopinit_hold_wdt:__TI_auto_init_nobinit_nopinit_hold_wdt</name>
         <load_address>0x14274</load_address>
         <run_address>0x14274</run_address>
         <size>0x54</size>
         <input_file_ref idref="fl-66"/>
      </object_component>
      <object_component id="oc-a5d">
         <name>.text:NbIot_LoadOfficeDemoPayload</name>
         <load_address>0x142c8</load_address>
         <run_address>0x142c8</run_address>
         <size>0x52</size>
         <input_file_ref idref="fl-8"/>
      </object_component>
      <object_component id="oc-9a3">
         <name>.text:NbIot_BuildSendCommand</name>
         <load_address>0x1431a</load_address>
         <run_address>0x1431a</run_address>
         <size>0x4e</size>
         <input_file_ref idref="fl-8"/>
      </object_component>
      <object_component id="oc-c0d">
         <name>.text:_fcpy</name>
         <load_address>0x14368</load_address>
         <run_address>0x14368</run_address>
         <size>0x4e</size>
         <input_file_ref idref="fl-71"/>
      </object_component>
      <object_component id="oc-898">
         <name>.text:baudRate</name>
         <load_address>0x143b6</load_address>
         <run_address>0x143b6</run_address>
         <size>0x4a</size>
         <input_file_ref idref="fl-5"/>
      </object_component>
      <object_component id="oc-cf4">
         <name>.text:__mspabi_srall</name>
         <load_address>0x14400</load_address>
         <run_address>0x14400</run_address>
         <size>0x40</size>
         <input_file_ref idref="fl-89"/>
      </object_component>
      <object_component id="oc-9f5">
         <name>.text:hal_uart_initModemPort</name>
         <load_address>0x14440</load_address>
         <run_address>0x14440</run_address>
         <size>0x40</size>
         <input_file_ref idref="fl-6"/>
      </object_component>
      <object_component id="oc-ca9">
         <name>.text</name>
         <load_address>0x14480</load_address>
         <run_address>0x14480</run_address>
         <size>0x40</size>
         <input_file_ref idref="fl-76"/>
      </object_component>
      <object_component id="oc-cd2">
         <name>.text:l_asr_const</name>
         <load_address>0x144c0</load_address>
         <run_address>0x144c0</run_address>
         <size>0x3e</size>
         <input_file_ref idref="fl-61"/>
      </object_component>
      <object_component id="oc-ca3">
         <name>.text:l_lsl_const</name>
         <load_address>0x144fe</load_address>
         <run_address>0x144fe</run_address>
         <size>0x3e</size>
         <input_file_ref idref="fl-84"/>
      </object_component>
      <object_component id="oc-cb0">
         <name>.text:l_lsr_const</name>
         <load_address>0x1453c</load_address>
         <run_address>0x1453c</run_address>
         <size>0x3e</size>
         <input_file_ref idref="fl-86"/>
      </object_component>
      <object_component id="oc-921">
         <name>.text:NbIot_ProcessBridgeState</name>
         <load_address>0x1457a</load_address>
         <run_address>0x1457a</run_address>
         <size>0x3c</size>
         <input_file_ref idref="fl-8"/>
      </object_component>
      <object_component id="oc-a4d">
         <name>.text:strstr</name>
         <load_address>0x145b6</load_address>
         <run_address>0x145b6</run_address>
         <size>0x3c</size>
         <input_file_ref idref="fl-96"/>
      </object_component>
      <object_component id="oc-c3b">
         <name>.text:__mspabi_sllll</name>
         <load_address>0x145f2</load_address>
         <run_address>0x145f2</run_address>
         <size>0x3a</size>
         <input_file_ref idref="fl-85"/>
      </object_component>
      <object_component id="oc-be1">
         <name>.text:__mspabi_srlll</name>
         <load_address>0x1462c</load_address>
         <run_address>0x1462c</run_address>
         <size>0x3a</size>
         <input_file_ref idref="fl-62"/>
      </object_component>
      <object_component id="oc-a8e">
         <name>.text:_outs</name>
         <load_address>0x14666</load_address>
         <run_address>0x14666</run_address>
         <size>0x36</size>
         <input_file_ref idref="fl-70"/>
      </object_component>
      <object_component id="oc-821">
         <name>.text:hal_uart_initDebugPort</name>
         <load_address>0x1469c</load_address>
         <run_address>0x1469c</run_address>
         <size>0x34</size>
         <input_file_ref idref="fl-6"/>
      </object_component>
      <object_component id="oc-9a9">
         <name>.text:NbIot_BuildTcpOpenCommand</name>
         <load_address>0x146d0</load_address>
         <run_address>0x146d0</run_address>
         <size>0x32</size>
         <input_file_ref idref="fl-8"/>
      </object_component>
      <object_component id="oc-9da">
         <name>.text:NbIot_BuildUdpOpenCommand</name>
         <load_address>0x14702</load_address>
         <run_address>0x14702</run_address>
         <size>0x32</size>
         <input_file_ref idref="fl-8"/>
      </object_component>
      <object_component id="oc-c5e">
         <name>.text:__mspabi_subd</name>
         <load_address>0x14734</load_address>
         <run_address>0x14734</run_address>
         <size>0x32</size>
         <input_file_ref idref="fl-87"/>
      </object_component>
      <object_component id="oc-9c8">
         <name>.text:NbIot_BuildReadCommand</name>
         <load_address>0x14766</load_address>
         <run_address>0x14766</run_address>
         <size>0x30</size>
         <input_file_ref idref="fl-8"/>
      </object_component>
      <object_component id="oc-ba4">
         <name>.text:__mspabi_negd</name>
         <load_address>0x14796</load_address>
         <run_address>0x14796</run_address>
         <size>0x2e</size>
         <input_file_ref idref="fl-83"/>
      </object_component>
      <object_component id="oc-ce2">
         <name>.text:copysign</name>
         <load_address>0x147c4</load_address>
         <run_address>0x147c4</run_address>
         <size>0x2e</size>
         <input_file_ref idref="fl-90"/>
      </object_component>
      <object_component id="oc-997">
         <name>.text:NbIot_BuildCloseCommand</name>
         <load_address>0x147f2</load_address>
         <run_address>0x147f2</run_address>
         <size>0x2c</size>
         <input_file_ref idref="fl-8"/>
      </object_component>
      <object_component id="oc-99d">
         <name>.text:NbIot_SendCommandAndWait</name>
         <load_address>0x1481e</load_address>
         <run_address>0x1481e</run_address>
         <size>0x2c</size>
         <input_file_ref idref="fl-8"/>
      </object_component>
      <object_component id="oc-7ff">
         <name>.text:__mpu_init</name>
         <load_address>0x1484a</load_address>
         <run_address>0x1484a</run_address>
         <size>0x2c</size>
         <input_file_ref idref="fl-64"/>
      </object_component>
      <object_component id="oc-cc5">
         <name>.text:__mpyull</name>
         <load_address>0x14876</load_address>
         <run_address>0x14876</run_address>
         <size>0x2c</size>
         <input_file_ref idref="fl-60"/>
      </object_component>
      <object_component id="oc-98b">
         <name>.text</name>
         <load_address>0x148a2</load_address>
         <run_address>0x148a2</run_address>
         <size>0x2c</size>
         <input_file_ref idref="fl-5a"/>
      </object_component>
      <object_component id="oc-c64">
         <name>.text:__mspabi_fixdi</name>
         <load_address>0x148ce</load_address>
         <run_address>0x148ce</run_address>
         <size>0x28</size>
         <input_file_ref idref="fl-79"/>
      </object_component>
      <object_component id="oc-874">
         <name>.text:ModemGpio_Init</name>
         <load_address>0x148f6</load_address>
         <run_address>0x148f6</run_address>
         <size>0x26</size>
         <input_file_ref idref="fl-4"/>
      </object_component>
      <object_component id="oc-82d">
         <name>.text:NbIot_Task</name>
         <load_address>0x1491c</load_address>
         <run_address>0x1491c</run_address>
         <size>0x26</size>
         <input_file_ref idref="fl-8"/>
      </object_component>
      <object_component id="oc-b36">
         <name>.text:memccpy</name>
         <load_address>0x14942</load_address>
         <run_address>0x14942</run_address>
         <size>0x26</size>
         <input_file_ref idref="fl-91"/>
      </object_component>
      <object_component id="oc-791">
         <name>.text:decompress:ZI:__TI_zero_init_nomemset:__TI_zero_init_nomemset</name>
         <load_address>0x14968</load_address>
         <run_address>0x14968</run_address>
         <size>0x24</size>
         <input_file_ref idref="fl-58"/>
      </object_component>
      <object_component id="oc-ccd">
         <name>.text</name>
         <load_address>0x1498c</load_address>
         <run_address>0x1498c</run_address>
         <size>0x24</size>
         <input_file_ref idref="fl-5d"/>
      </object_component>
      <object_component id="oc-a94">
         <name>.text:_outc</name>
         <load_address>0x149b0</load_address>
         <run_address>0x149b0</run_address>
         <size>0x20</size>
         <input_file_ref idref="fl-70"/>
      </object_component>
      <object_component id="oc-7ed">
         <name>.text:main</name>
         <load_address>0x149d0</load_address>
         <run_address>0x149d0</run_address>
         <size>0x1e</size>
         <input_file_ref idref="fl-2"/>
      </object_component>
      <object_component id="oc-c92">
         <name>.text:strchr</name>
         <load_address>0x149ee</load_address>
         <run_address>0x149ee</run_address>
         <size>0x1c</size>
         <input_file_ref idref="fl-92"/>
      </object_component>
      <object_component id="oc-a66">
         <name>.text:strcmp</name>
         <load_address>0x14a0a</load_address>
         <run_address>0x14a0a</run_address>
         <size>0x1c</size>
         <input_file_ref idref="fl-93"/>
      </object_component>
      <object_component id="oc-815">
         <name>.text:Clock_Init</name>
         <load_address>0x14a26</load_address>
         <run_address>0x14a26</run_address>
         <size>0x1a</size>
         <input_file_ref idref="fl-2"/>
      </object_component>
      <object_component id="oc-9ed">
         <name>.text:NbIot_ProcessModemOutput</name>
         <load_address>0x14a40</load_address>
         <run_address>0x14a40</run_address>
         <size>0x18</size>
         <input_file_ref idref="fl-8"/>
      </object_component>
      <object_component id="oc-9fb">
         <name>.text:hal_uart_ModemFlush</name>
         <load_address>0x14a58</load_address>
         <run_address>0x14a58</run_address>
         <size>0x18</size>
         <input_file_ref idref="fl-6"/>
      </object_component>
      <object_component id="oc-957">
         <name>.text</name>
         <load_address>0x14a70</load_address>
         <run_address>0x14a70</run_address>
         <size>0x18</size>
         <input_file_ref idref="fl-5c"/>
      </object_component>
      <object_component id="oc-8ab">
         <name>.text:NbIot_DelayMs</name>
         <load_address>0x14a88</load_address>
         <run_address>0x14a88</run_address>
         <size>0x16</size>
         <input_file_ref idref="fl-8"/>
      </object_component>
      <object_component id="oc-a72">
         <name>.text:hal_uart_DebugReadByte</name>
         <load_address>0x14a9e</load_address>
         <run_address>0x14a9e</run_address>
         <size>0x16</size>
         <input_file_ref idref="fl-6"/>
      </object_component>
      <object_component id="oc-892">
         <name>.text:hal_uart_DebugWriteString</name>
         <load_address>0x14ab4</load_address>
         <run_address>0x14ab4</run_address>
         <size>0x16</size>
         <input_file_ref idref="fl-3"/>
      </object_component>
      <object_component id="oc-a43">
         <name>.text:hal_uart_ModemReadByte</name>
         <load_address>0x14aca</load_address>
         <run_address>0x14aca</run_address>
         <size>0x16</size>
         <input_file_ref idref="fl-6"/>
      </object_component>
      <object_component id="oc-a3c">
         <name>.text:hal_uart_ModemWriteString</name>
         <load_address>0x14ae0</load_address>
         <run_address>0x14ae0</run_address>
         <size>0x16</size>
         <input_file_ref idref="fl-6"/>
      </object_component>
      <object_component id="oc-882">
         <name>.text:memset</name>
         <load_address>0x14af6</load_address>
         <run_address>0x14af6</run_address>
         <size>0x16</size>
         <input_file_ref idref="fl-6f"/>
      </object_component>
      <object_component id="oc-a25">
         <name>.text</name>
         <load_address>0x14b0c</load_address>
         <run_address>0x14b0c</run_address>
         <size>0x16</size>
         <input_file_ref idref="fl-5b"/>
      </object_component>
      <object_component id="oc-b54">
         <name>.text:wcslen</name>
         <load_address>0x14b22</load_address>
         <run_address>0x14b22</run_address>
         <size>0x16</size>
         <input_file_ref idref="fl-98"/>
      </object_component>
      <object_component id="oc-a0d">
         <name>.text:Modem_PowerEnable</name>
         <load_address>0x14b38</load_address>
         <run_address>0x14b38</run_address>
         <size>0x14</size>
         <input_file_ref idref="fl-4"/>
      </object_component>
      <object_component id="oc-a07">
         <name>.text:Modem_PowerKeySet</name>
         <load_address>0x14b4c</load_address>
         <run_address>0x14b4c</run_address>
         <size>0x14</size>
         <input_file_ref idref="fl-4"/>
      </object_component>
      <object_component id="oc-77f">
         <name>.text:memcpy</name>
         <load_address>0x14b60</load_address>
         <run_address>0x14b60</run_address>
         <size>0x14</size>
         <input_file_ref idref="fl-6e"/>
      </object_component>
      <object_component id="oc-a54">
         <name>.text:NbIot_RemoteTestFunction</name>
         <load_address>0x14b74</load_address>
         <run_address>0x14b74</run_address>
         <size>0x12</size>
         <input_file_ref idref="fl-8"/>
      </object_component>
      <object_component id="oc-87">
         <name>.text:decompress:none:__TI_decompress_none</name>
         <load_address>0x14b86</load_address>
         <run_address>0x14b86</run_address>
         <size>0x12</size>
         <input_file_ref idref="fl-30"/>
      </object_component>
      <object_component id="oc-ab4">
         <name>.text:strcpy</name>
         <load_address>0x14b98</load_address>
         <run_address>0x14b98</run_address>
         <size>0x12</size>
         <input_file_ref idref="fl-94"/>
      </object_component>
      <object_component id="oc-b9e">
         <name>.text:toupper</name>
         <load_address>0x14baa</load_address>
         <run_address>0x14baa</run_address>
         <size>0x12</size>
         <input_file_ref idref="fl-97"/>
      </object_component>
      <object_component id="oc-a01">
         <name>.text:Modem_ResetAssert</name>
         <load_address>0x14bbc</load_address>
         <run_address>0x14bbc</run_address>
         <size>0x10</size>
         <input_file_ref idref="fl-4"/>
      </object_component>
      <object_component id="oc-c41">
         <name>.text:l_lsr</name>
         <load_address>0x14bcc</load_address>
         <run_address>0x14bcc</run_address>
         <size>0x10</size>
         <input_file_ref idref="fl-86"/>
      </object_component>
      <object_component id="oc-81b">
         <name>.text:Gpio_Init</name>
         <load_address>0x14bdc</load_address>
         <run_address>0x14bdc</run_address>
         <size>0xe</size>
         <input_file_ref idref="fl-4"/>
      </object_component>
      <object_component id="oc-a6c">
         <name>.text:NbIot_StartTcpDemo</name>
         <load_address>0x14bea</load_address>
         <run_address>0x14bea</run_address>
         <size>0xe</size>
         <input_file_ref idref="fl-8"/>
      </object_component>
      <object_component id="oc-a78">
         <name>.text:NbIot_StartUdpDemo</name>
         <load_address>0x14bf8</load_address>
         <run_address>0x14bf8</run_address>
         <size>0xe</size>
         <input_file_ref idref="fl-8"/>
      </object_component>
      <object_component id="oc-aa9">
         <name>.text:hal_uart_ModemWriteByte</name>
         <load_address>0x14c06</load_address>
         <run_address>0x14c06</run_address>
         <size>0xe</size>
         <input_file_ref idref="fl-6"/>
      </object_component>
      <object_component id="oc-902">
         <name>.text:hal_uart_debug_write_char</name>
         <load_address>0x14c14</load_address>
         <run_address>0x14c14</run_address>
         <size>0xe</size>
         <input_file_ref idref="fl-3"/>
      </object_component>
      <object_component id="oc-a34">
         <name>.text:strlen</name>
         <load_address>0x14c22</load_address>
         <run_address>0x14c22</run_address>
         <size>0xe</size>
         <input_file_ref idref="fl-95"/>
      </object_component>
      <object_component id="oc-c98">
         <name>.text:__mspabi_fltid</name>
         <load_address>0x14c30</load_address>
         <run_address>0x14c30</run_address>
         <size>0xc</size>
         <input_file_ref idref="fl-7b"/>
      </object_component>
      <object_component id="oc-991">
         <name>.text:NbIot_PrintPrompt</name>
         <load_address>0x14c3c</load_address>
         <run_address>0x14c3c</run_address>
         <size>0xa</size>
         <input_file_ref idref="fl-8"/>
      </object_component>
      <object_component id="oc-c6b">
         <name>.text:abs</name>
         <load_address>0x14c46</load_address>
         <run_address>0x14c46</run_address>
         <size>0xa</size>
         <input_file_ref idref="fl-8a"/>
      </object_component>
      <object_component id="oc-8a5">
         <name>.text:Gpio_ToggleHeartbeatLed</name>
         <load_address>0x14c50</load_address>
         <run_address>0x14c50</run_address>
         <size>0x6</size>
         <input_file_ref idref="fl-4"/>
      </object_component>
      <object_component id="oc-9af">
         <name>.text:NbIot_SendRaw</name>
         <load_address>0x14c56</load_address>
         <run_address>0x14c56</run_address>
         <size>0x6</size>
         <input_file_ref idref="fl-8"/>
      </object_component>
      <object_component id="oc-834">
         <name>.text:abort</name>
         <load_address>0x14c5c</load_address>
         <run_address>0x14c5c</run_address>
         <size>0x6</size>
         <input_file_ref idref="fl-6b"/>
      </object_component>
      <object_component id="oc-7e7">
         <name>.text:_system_pre_init</name>
         <load_address>0x14c62</load_address>
         <run_address>0x14c62</run_address>
         <size>0x4</size>
         <input_file_ref idref="fl-68"/>
      </object_component>
      <object_component id="oc-8c4">
         <name>.text:_system_post_cinit</name>
         <load_address>0x14c66</load_address>
         <run_address>0x14c66</run_address>
         <size>0x2</size>
         <input_file_ref idref="fl-67"/>
      </object_component>
      <object_component id="oc-a63">
         <name>.bss:g_cmdBuffer</name>
         <uninitialized>true</uninitialized>
         <run_address>0x1ea6</run_address>
         <size>0x80</size>
         <input_file_ref idref="fl-8"/>
      </object_component>
      <object_component id="oc-87f">
         <name>.bss:g_officePayload</name>
         <uninitialized>true</uninitialized>
         <run_address>0x1e20</run_address>
         <size>0x85</size>
         <input_file_ref idref="fl-8"/>
      </object_component>
      <object_component id="oc-888">
         <name>.bss:g_payloadBuffer</name>
         <uninitialized>true</uninitialized>
         <run_address>0x1d80</run_address>
         <size>0xa0</size>
         <input_file_ref idref="fl-8"/>
      </object_component>
      <object_component id="oc-88b">
         <name>.bss:g_workBuffer</name>
         <uninitialized>true</uninitialized>
         <run_address>0x1cc0</run_address>
         <size>0xc0</size>
         <input_file_ref idref="fl-8"/>
      </object_component>
      <object_component id="oc-88e">
         <name>.bss:g_recvLineBuffer</name>
         <uninitialized>true</uninitialized>
         <run_address>0x1c00</run_address>
         <size>0xc0</size>
         <input_file_ref idref="fl-8"/>
      </object_component>
      <object_component id="oc-90b">
         <name>.data:uartConfig</name>
         <load_address>0x1f34</load_address>
         <run_address>0x1f34</run_address>
         <size>0x4</size>
         <input_file_ref idref="fl-5"/>
      </object_component>
      <object_component id="oc-87c">
         <name>.data</name>
         <load_address>0x1f26</load_address>
         <run_address>0x1f26</run_address>
         <size>0xe</size>
         <input_file_ref idref="fl-8"/>
      </object_component>
      <object_component id="oc-b5a">
         <name>.data</name>
         <load_address>0x1f38</load_address>
         <run_address>0x1f38</run_address>
         <size>0x2</size>
         <input_file_ref idref="fl-8d"/>
      </object_component>
      <object_component id="oc-770">
         <name>.stack</name>
         <uninitialized>true</uninitialized>
         <run_address>0x2b60</run_address>
         <size>0x4</size>
         <input_file_ref idref="fl-63"/>
      </object_component>
      <object_component id="oc-d7d">
         <name>.stack</name>
         <uninitialized>true</uninitialized>
         <run_address>0x2b60</run_address>
         <size>0x0</size>
      </object_component>
      <object_component id="oc-8d">
         <name>.int16</name>
         <load_address>0xffb0</load_address>
         <run_address>0xffb0</run_address>
         <size>0x2</size>
         <input_file_ref idref="fl-31"/>
      </object_component>
      <object_component id="oc-8e">
         <name>.int17</name>
         <load_address>0xffb2</load_address>
         <run_address>0xffb2</run_address>
         <size>0x2</size>
         <input_file_ref idref="fl-33"/>
      </object_component>
      <object_component id="oc-8f">
         <name>.int18</name>
         <load_address>0xffb4</load_address>
         <run_address>0xffb4</run_address>
         <size>0x2</size>
         <input_file_ref idref="fl-34"/>
      </object_component>
      <object_component id="oc-90">
         <name>.int19</name>
         <load_address>0xffb6</load_address>
         <run_address>0xffb6</run_address>
         <size>0x2</size>
         <input_file_ref idref="fl-35"/>
      </object_component>
      <object_component id="oc-91">
         <name>.int20</name>
         <load_address>0xffb8</load_address>
         <run_address>0xffb8</run_address>
         <size>0x2</size>
         <input_file_ref idref="fl-36"/>
      </object_component>
      <object_component id="oc-92">
         <name>.int21</name>
         <load_address>0xffba</load_address>
         <run_address>0xffba</run_address>
         <size>0x2</size>
         <input_file_ref idref="fl-37"/>
      </object_component>
      <object_component id="oc-93">
         <name>.int22</name>
         <load_address>0xffbc</load_address>
         <run_address>0xffbc</run_address>
         <size>0x2</size>
         <input_file_ref idref="fl-38"/>
      </object_component>
      <object_component id="oc-94">
         <name>.int23</name>
         <load_address>0xffbe</load_address>
         <run_address>0xffbe</run_address>
         <size>0x2</size>
         <input_file_ref idref="fl-39"/>
      </object_component>
      <object_component id="oc-95">
         <name>.int24</name>
         <load_address>0xffc0</load_address>
         <run_address>0xffc0</run_address>
         <size>0x2</size>
         <input_file_ref idref="fl-3a"/>
      </object_component>
      <object_component id="oc-96">
         <name>.int25</name>
         <load_address>0xffc2</load_address>
         <run_address>0xffc2</run_address>
         <size>0x2</size>
         <input_file_ref idref="fl-3b"/>
      </object_component>
      <object_component id="oc-97">
         <name>.int26</name>
         <load_address>0xffc4</load_address>
         <run_address>0xffc4</run_address>
         <size>0x2</size>
         <input_file_ref idref="fl-3c"/>
      </object_component>
      <object_component id="oc-98">
         <name>.int27</name>
         <load_address>0xffc6</load_address>
         <run_address>0xffc6</run_address>
         <size>0x2</size>
         <input_file_ref idref="fl-3d"/>
      </object_component>
      <object_component id="oc-99">
         <name>.int28</name>
         <load_address>0xffc8</load_address>
         <run_address>0xffc8</run_address>
         <size>0x2</size>
         <input_file_ref idref="fl-3e"/>
      </object_component>
      <object_component id="oc-9a">
         <name>.int29</name>
         <load_address>0xffca</load_address>
         <run_address>0xffca</run_address>
         <size>0x2</size>
         <input_file_ref idref="fl-3f"/>
      </object_component>
      <object_component id="oc-9b">
         <name>.int30</name>
         <load_address>0xffcc</load_address>
         <run_address>0xffcc</run_address>
         <size>0x2</size>
         <input_file_ref idref="fl-40"/>
      </object_component>
      <object_component id="oc-9c">
         <name>.int32</name>
         <load_address>0xffd0</load_address>
         <run_address>0xffd0</run_address>
         <size>0x2</size>
         <input_file_ref idref="fl-41"/>
      </object_component>
      <object_component id="oc-9d">
         <name>.int33</name>
         <load_address>0xffd2</load_address>
         <run_address>0xffd2</run_address>
         <size>0x2</size>
         <input_file_ref idref="fl-42"/>
      </object_component>
      <object_component id="oc-9e">
         <name>.int34</name>
         <load_address>0xffd4</load_address>
         <run_address>0xffd4</run_address>
         <size>0x2</size>
         <input_file_ref idref="fl-43"/>
      </object_component>
      <object_component id="oc-9f">
         <name>.int35</name>
         <load_address>0xffd6</load_address>
         <run_address>0xffd6</run_address>
         <size>0x2</size>
         <input_file_ref idref="fl-44"/>
      </object_component>
      <object_component id="oc-a0">
         <name>.int36</name>
         <load_address>0xffd8</load_address>
         <run_address>0xffd8</run_address>
         <size>0x2</size>
         <input_file_ref idref="fl-45"/>
      </object_component>
      <object_component id="oc-a1">
         <name>.int37</name>
         <load_address>0xffda</load_address>
         <run_address>0xffda</run_address>
         <size>0x2</size>
         <input_file_ref idref="fl-46"/>
      </object_component>
      <object_component id="oc-a2">
         <name>.int38</name>
         <load_address>0xffdc</load_address>
         <run_address>0xffdc</run_address>
         <size>0x2</size>
         <input_file_ref idref="fl-47"/>
      </object_component>
      <object_component id="oc-a3">
         <name>.int39</name>
         <load_address>0xffde</load_address>
         <run_address>0xffde</run_address>
         <size>0x2</size>
         <input_file_ref idref="fl-48"/>
      </object_component>
      <object_component id="oc-a4">
         <name>.int40</name>
         <load_address>0xffe0</load_address>
         <run_address>0xffe0</run_address>
         <size>0x2</size>
         <input_file_ref idref="fl-49"/>
      </object_component>
      <object_component id="oc-a5">
         <name>.int41</name>
         <load_address>0xffe2</load_address>
         <run_address>0xffe2</run_address>
         <size>0x2</size>
         <input_file_ref idref="fl-4a"/>
      </object_component>
      <object_component id="oc-a6">
         <name>.int42</name>
         <load_address>0xffe4</load_address>
         <run_address>0xffe4</run_address>
         <size>0x2</size>
         <input_file_ref idref="fl-4b"/>
      </object_component>
      <object_component id="oc-a7">
         <name>.int43</name>
         <load_address>0xffe6</load_address>
         <run_address>0xffe6</run_address>
         <size>0x2</size>
         <input_file_ref idref="fl-4c"/>
      </object_component>
      <object_component id="oc-a8">
         <name>.int44</name>
         <load_address>0xffe8</load_address>
         <run_address>0xffe8</run_address>
         <size>0x2</size>
         <input_file_ref idref="fl-4d"/>
      </object_component>
      <object_component id="oc-a9">
         <name>.int45</name>
         <load_address>0xffea</load_address>
         <run_address>0xffea</run_address>
         <size>0x2</size>
         <input_file_ref idref="fl-4e"/>
      </object_component>
      <object_component id="oc-aa">
         <name>.int46</name>
         <load_address>0xffec</load_address>
         <run_address>0xffec</run_address>
         <size>0x2</size>
         <input_file_ref idref="fl-4f"/>
      </object_component>
      <object_component id="oc-ab">
         <name>.int47</name>
         <load_address>0xffee</load_address>
         <run_address>0xffee</run_address>
         <size>0x2</size>
         <input_file_ref idref="fl-50"/>
      </object_component>
      <object_component id="oc-ac">
         <name>.int48</name>
         <load_address>0xfff0</load_address>
         <run_address>0xfff0</run_address>
         <size>0x2</size>
         <input_file_ref idref="fl-51"/>
      </object_component>
      <object_component id="oc-ad">
         <name>.int49</name>
         <load_address>0xfff2</load_address>
         <run_address>0xfff2</run_address>
         <size>0x2</size>
         <input_file_ref idref="fl-52"/>
      </object_component>
      <object_component id="oc-ae">
         <name>.int50</name>
         <load_address>0xfff4</load_address>
         <run_address>0xfff4</run_address>
         <size>0x2</size>
         <input_file_ref idref="fl-53"/>
      </object_component>
      <object_component id="oc-af">
         <name>.int51</name>
         <load_address>0xfff6</load_address>
         <run_address>0xfff6</run_address>
         <size>0x2</size>
         <input_file_ref idref="fl-54"/>
      </object_component>
      <object_component id="oc-b0">
         <name>.int52</name>
         <load_address>0xfff8</load_address>
         <run_address>0xfff8</run_address>
         <size>0x2</size>
         <input_file_ref idref="fl-55"/>
      </object_component>
      <object_component id="oc-b1">
         <name>.int53</name>
         <load_address>0xfffa</load_address>
         <run_address>0xfffa</run_address>
         <size>0x2</size>
         <input_file_ref idref="fl-56"/>
      </object_component>
      <object_component id="oc-b2">
         <name>.int54</name>
         <load_address>0xfffc</load_address>
         <run_address>0xfffc</run_address>
         <size>0x2</size>
         <input_file_ref idref="fl-57"/>
      </object_component>
      <object_component id="oc-773">
         <name>.reset</name>
         <load_address>0xfffe</load_address>
         <run_address>0xfffe</run_address>
         <size>0x2</size>
         <input_file_ref idref="fl-63"/>
      </object_component>
      <object_component id="oc-963">
         <name>.debug_info</name>
         <load_address>0x0</load_address>
         <run_address>0x0</run_address>
         <size>0x2c4</size>
         <input_file_ref idref="fl-2"/>
      </object_component>
      <object_component id="oc-816">
         <name>.debug_info</name>
         <load_address>0x2c4</load_address>
         <run_address>0x2c4</run_address>
         <size>0x105</size>
         <input_file_ref idref="fl-2"/>
      </object_component>
      <object_component id="oc-7ef">
         <name>.debug_info</name>
         <load_address>0x3c9</load_address>
         <run_address>0x3c9</run_address>
         <size>0x154</size>
         <input_file_ref idref="fl-2"/>
      </object_component>
      <object_component id="oc-977">
         <name>.debug_info</name>
         <load_address>0x51d</load_address>
         <run_address>0x51d</run_address>
         <size>0xd7</size>
         <input_file_ref idref="fl-2"/>
      </object_component>
      <object_component id="oc-8e8">
         <name>.debug_info</name>
         <load_address>0x5f4</load_address>
         <run_address>0x5f4</run_address>
         <size>0x2d6</size>
         <input_file_ref idref="fl-2"/>
      </object_component>
      <object_component id="oc-96d">
         <name>.debug_info</name>
         <load_address>0x8ca</load_address>
         <run_address>0x8ca</run_address>
         <size>0x26b</size>
         <input_file_ref idref="fl-2"/>
      </object_component>
      <object_component id="oc-986">
         <name>.debug_info</name>
         <load_address>0xb35</load_address>
         <run_address>0xb35</run_address>
         <size>0x72</size>
         <input_file_ref idref="fl-2"/>
      </object_component>
      <object_component id="oc-8f2">
         <name>.debug_info</name>
         <load_address>0xba7</load_address>
         <run_address>0xba7</run_address>
         <size>0x8b</size>
         <input_file_ref idref="fl-2"/>
      </object_component>
      <object_component id="oc-964">
         <name>.debug_info</name>
         <load_address>0xc32</load_address>
         <run_address>0xc32</run_address>
         <size>0x282</size>
         <input_file_ref idref="fl-2"/>
      </object_component>
      <object_component id="oc-8ed">
         <name>.debug_info</name>
         <load_address>0xeb4</load_address>
         <run_address>0xeb4</run_address>
         <size>0xbb</size>
         <input_file_ref idref="fl-2"/>
      </object_component>
      <object_component id="oc-97f">
         <name>.debug_info</name>
         <load_address>0xf6f</load_address>
         <run_address>0xf6f</run_address>
         <size>0xd9</size>
         <input_file_ref idref="fl-2"/>
      </object_component>
      <object_component id="oc-ada">
         <name>.debug_info</name>
         <load_address>0x1048</load_address>
         <run_address>0x1048</run_address>
         <size>0x2c</size>
         <input_file_ref idref="fl-2"/>
      </object_component>
      <object_component id="oc-909">
         <name>.debug_info</name>
         <load_address>0x1074</load_address>
         <run_address>0x1074</run_address>
         <size>0x233</size>
         <input_file_ref idref="fl-3"/>
      </object_component>
      <object_component id="oc-903">
         <name>.debug_info</name>
         <load_address>0x12a7</load_address>
         <run_address>0x12a7</run_address>
         <size>0x15e</size>
         <input_file_ref idref="fl-3"/>
      </object_component>
      <object_component id="oc-893">
         <name>.debug_info</name>
         <load_address>0x1405</load_address>
         <run_address>0x1405</run_address>
         <size>0x186</size>
         <input_file_ref idref="fl-3"/>
      </object_component>
      <object_component id="oc-90f">
         <name>.debug_info</name>
         <load_address>0x158b</load_address>
         <run_address>0x158b</run_address>
         <size>0x200</size>
         <input_file_ref idref="fl-3"/>
      </object_component>
      <object_component id="oc-a04">
         <name>.debug_info</name>
         <load_address>0x178b</load_address>
         <run_address>0x178b</run_address>
         <size>0x16a</size>
         <input_file_ref idref="fl-4"/>
      </object_component>
      <object_component id="oc-a08">
         <name>.debug_info</name>
         <load_address>0x18f5</load_address>
         <run_address>0x18f5</run_address>
         <size>0x152</size>
         <input_file_ref idref="fl-4"/>
      </object_component>
      <object_component id="oc-a0f">
         <name>.debug_info</name>
         <load_address>0x1a47</load_address>
         <run_address>0x1a47</run_address>
         <size>0x156</size>
         <input_file_ref idref="fl-4"/>
      </object_component>
      <object_component id="oc-875">
         <name>.debug_info</name>
[...]
         <value>0xffdc</value>
         <object_component_ref idref="oc-a2"/>
      </symbol>
      <symbol id="sm-adf">
         <name>__TI_int39</name>
         <value>0xffde</value>
         <object_component_ref idref="oc-a3"/>
      </symbol>
      <symbol id="sm-ae2">
         <name>__TI_int40</name>
         <value>0xffe0</value>
         <object_component_ref idref="oc-a4"/>
      </symbol>
      <symbol id="sm-ae5">
         <name>__TI_int41</name>
         <value>0xffe2</value>
         <object_component_ref idref="oc-a5"/>
      </symbol>
      <symbol id="sm-ae8">
         <name>__TI_int42</name>
         <value>0xffe4</value>
         <object_component_ref idref="oc-a6"/>
      </symbol>
      <symbol id="sm-aeb">
         <name>__TI_int43</name>
         <value>0xffe6</value>
         <object_component_ref idref="oc-a7"/>
      </symbol>
      <symbol id="sm-aee">
         <name>__TI_int44</name>
         <value>0xffe8</value>
         <object_component_ref idref="oc-a8"/>
      </symbol>
      <symbol id="sm-af1">
         <name>__TI_int45</name>
         <value>0xffea</value>
         <object_component_ref idref="oc-a9"/>
      </symbol>
      <symbol id="sm-af4">
         <name>__TI_int46</name>
         <value>0xffec</value>
         <object_component_ref idref="oc-aa"/>
      </symbol>
      <symbol id="sm-af7">
         <name>__TI_int47</name>
         <value>0xffee</value>
         <object_component_ref idref="oc-ab"/>
      </symbol>
      <symbol id="sm-afa">
         <name>__TI_int48</name>
         <value>0xfff0</value>
         <object_component_ref idref="oc-ac"/>
      </symbol>
      <symbol id="sm-afd">
         <name>__TI_int49</name>
         <value>0xfff2</value>
         <object_component_ref idref="oc-ad"/>
      </symbol>
      <symbol id="sm-b00">
         <name>__TI_int50</name>
         <value>0xfff4</value>
         <object_component_ref idref="oc-ae"/>
      </symbol>
      <symbol id="sm-b03">
         <name>__TI_int51</name>
         <value>0xfff6</value>
         <object_component_ref idref="oc-af"/>
      </symbol>
      <symbol id="sm-b06">
         <name>__TI_int52</name>
         <value>0xfff8</value>
         <object_component_ref idref="oc-b0"/>
      </symbol>
      <symbol id="sm-b09">
         <name>__TI_int53</name>
         <value>0xfffa</value>
         <object_component_ref idref="oc-b1"/>
      </symbol>
      <symbol id="sm-b0c">
         <name>__TI_int54</name>
         <value>0xfffc</value>
         <object_component_ref idref="oc-b2"/>
      </symbol>
      <symbol id="sm-b1f">
         <name>__TI_zero_init_nomemset</name>
         <value>0x14968</value>
         <object_component_ref idref="oc-791"/>
      </symbol>
      <symbol id="sm-b2c">
         <name>__mspabi_remi</name>
         <value>0x148a2</value>
         <object_component_ref idref="oc-98b"/>
      </symbol>
      <symbol id="sm-b2d">
         <name>__mspabi_divi</name>
         <value>0x148a2</value>
         <object_component_ref idref="oc-98b"/>
      </symbol>
      <symbol id="sm-b37">
         <name>__mspabi_remu</name>
         <value>0x14b0c</value>
         <object_component_ref idref="oc-a25"/>
      </symbol>
      <symbol id="sm-b38">
         <name>__mspabi_divu</name>
         <value>0x14b0c</value>
         <object_component_ref idref="oc-a25"/>
      </symbol>
      <symbol id="sm-b40">
         <name>__mspabi_mpyi_f5hw</name>
         <value>0x14a70</value>
         <object_component_ref idref="oc-957"/>
      </symbol>
      <symbol id="sm-b48">
         <name>__mspabi_mpyl_f5hw</name>
         <value>0x1498c</value>
         <object_component_ref idref="oc-ccd"/>
      </symbol>
      <symbol id="sm-b50">
         <name>__mspabi_mpyll_f5hw</name>
         <value>0x14166</value>
         <object_component_ref idref="oc-cc0"/>
      </symbol>
      <symbol id="sm-b59">
         <name>__mspabi_mpyull_f5hw</name>
         <value>0x14876</value>
         <object_component_ref idref="oc-cc5"/>
      </symbol>
      <symbol id="sm-b61">
         <name>__mspabi_sral_15</name>
         <value>0x144c0</value>
         <object_component_ref idref="oc-cd2"/>
      </symbol>
      <symbol id="sm-b62">
         <name>__mspabi_sral_14</name>
         <value>0x144c4</value>
         <object_component_ref idref="oc-cd2"/>
      </symbol>
      <symbol id="sm-b63">
         <name>__mspabi_sral_13</name>
         <value>0x144c8</value>
         <object_component_ref idref="oc-cd2"/>
      </symbol>
      <symbol id="sm-b64">
         <name>__mspabi_sral_12</name>
         <value>0x144cc</value>
         <object_component_ref idref="oc-cd2"/>
      </symbol>
      <symbol id="sm-b65">
         <name>__mspabi_sral_11</name>
         <value>0x144d0</value>
         <object_component_ref idref="oc-cd2"/>
      </symbol>
      <symbol id="sm-b66">
         <name>__mspabi_sral_10</name>
         <value>0x144d4</value>
         <object_component_ref idref="oc-cd2"/>
      </symbol>
      <symbol id="sm-b67">
         <name>__mspabi_sral_8</name>
         <value>0x144dc</value>
         <object_component_ref idref="oc-cd2"/>
      </symbol>
      <symbol id="sm-b68">
         <name>__mspabi_sral_9</name>
         <value>0x144d8</value>
         <object_component_ref idref="oc-cd2"/>
      </symbol>
      <symbol id="sm-b69">
         <name>__mspabi_sral_6</name>
         <value>0x144e4</value>
         <object_component_ref idref="oc-cd2"/>
      </symbol>
      <symbol id="sm-b6a">
         <name>__mspabi_sral_7</name>
         <value>0x144e0</value>
         <object_component_ref idref="oc-cd2"/>
      </symbol>
      <symbol id="sm-b6b">
         <name>__mspabi_sral_4</name>
         <value>0x144ec</value>
         <object_component_ref idref="oc-cd2"/>
      </symbol>
      <symbol id="sm-b6c">
         <name>__mspabi_sral_5</name>
         <value>0x144e8</value>
         <object_component_ref idref="oc-cd2"/>
      </symbol>
      <symbol id="sm-b6d">
         <name>__mspabi_sral_2</name>
         <value>0x144f4</value>
         <object_component_ref idref="oc-cd2"/>
      </symbol>
      <symbol id="sm-b6e">
         <name>__mspabi_sral_3</name>
         <value>0x144f0</value>
         <object_component_ref idref="oc-cd2"/>
      </symbol>
      <symbol id="sm-b6f">
         <name>__mspabi_sral_1</name>
         <value>0x144f8</value>
         <object_component_ref idref="oc-cd2"/>
      </symbol>
      <symbol id="sm-b7c">
         <name>__mspabi_srlll</name>
         <value>0x1462c</value>
         <object_component_ref idref="oc-be1"/>
      </symbol>
      <symbol id="sm-b8c">
         <name>_c_int00_noargs_mpu</name>
         <value>0x6000</value>
         <object_component_ref idref="oc-7bb"/>
      </symbol>
      <symbol id="sm-b8d">
         <name>_stack</name>
         <value>0x2b60</value>
         <object_component_ref idref="oc-770"/>
      </symbol>
      <symbol id="sm-b8e">
         <name>_reset_vector</name>
         <value>0xfffe</value>
         <object_component_ref idref="oc-773"/>
      </symbol>
      <symbol id="sm-b97">
         <name>__mpu_init</name>
         <value>0x1484a</value>
         <object_component_ref idref="oc-7ff"/>
      </symbol>
      <symbol id="sm-bbb">
         <name>__TI_auto_init_nobinit_nopinit_hold_wdt</name>
         <value>0x14274</value>
         <object_component_ref idref="oc-858"/>
      </symbol>
      <symbol id="sm-bc4">
         <name>_system_post_cinit</name>
         <value>0x14c66</value>
         <object_component_ref idref="oc-8c4"/>
      </symbol>
      <symbol id="sm-bcd">
         <name>_system_pre_init</name>
         <value>0x14c62</value>
         <object_component_ref idref="oc-7e7"/>
      </symbol>
      <symbol id="sm-bd9">
         <name>C$$EXIT</name>
         <value>0x14c5c</value>
         <object_component_ref idref="oc-834"/>
      </symbol>
      <symbol id="sm-bda">
         <name>abort</name>
         <value>0x14c5c</value>
         <object_component_ref idref="oc-834"/>
      </symbol>
      <symbol id="sm-bea">
         <name>memcpy</name>
         <value>0x14b60</value>
         <object_component_ref idref="oc-77f"/>
      </symbol>
      <symbol id="sm-bf8">
         <name>memset</name>
         <value>0x14af6</value>
         <object_component_ref idref="oc-882"/>
      </symbol>
      <symbol id="sm-c24">
         <name>snprintf</name>
         <value>0x13fe8</value>
         <object_component_ref idref="oc-a2c"/>
      </symbol>
      <symbol id="sm-df3">
         <name>__TI_printfi</name>
         <value>0x10ee0</value>
         <object_component_ref idref="oc-ad2"/>
      </symbol>
      <symbol id="sm-e02">
         <name>__TI_ltoa</name>
         <value>0x13cd6</value>
         <object_component_ref idref="oc-c52"/>
      </symbol>
      <symbol id="sm-e21">
         <name>__mspabi_cmpd</name>
         <value>0x1364e</value>
         <object_component_ref idref="oc-bc2"/>
      </symbol>
      <symbol id="sm-e42">
         <name>__mspabi_divd</name>
         <value>0x11da6</value>
         <object_component_ref idref="oc-c1a"/>
      </symbol>
      <symbol id="sm-e5d">
         <name>__TI_frcdivd</name>
         <value>0x1072a</value>
         <object_component_ref idref="oc-c7d"/>
      </symbol>
      <symbol id="sm-e69">
         <name>__mspabi_remli</name>
         <value>0x14480</value>
         <object_component_ref idref="oc-ca9"/>
      </symbol>
      <symbol id="sm-e6a">
         <name>__mspabi_divli</name>
         <value>0x14480</value>
         <object_component_ref idref="oc-ca9"/>
      </symbol>
      <symbol id="sm-e78">
         <name>__mspabi_remul</name>
         <value>0x1421c</value>
         <object_component_ref idref="oc-bdc"/>
      </symbol>
      <symbol id="sm-e79">
         <name>__mspabi_divul</name>
         <value>0x1421c</value>
         <object_component_ref idref="oc-bdc"/>
      </symbol>
      <symbol id="sm-eac">
         <name>__mspabi_divull</name>
         <value>0x10b92</value>
         <object_component_ref idref="oc-bd6"/>
      </symbol>
      <symbol id="sm-eb9">
         <name>__mspabi_fixdi</name>
         <value>0x148ce</value>
         <object_component_ref idref="oc-c64"/>
      </symbol>
      <symbol id="sm-ec8">
         <name>__mspabi_fixdli</name>
         <value>0x13ebe</value>
         <object_component_ref idref="oc-c4c"/>
      </symbol>
      <symbol id="sm-ed1">
         <name>__mspabi_fltid</name>
         <value>0x14c30</value>
         <object_component_ref idref="oc-c98"/>
      </symbol>
      <symbol id="sm-ee9">
         <name>__mspabi_fltlid</name>
         <value>0x13a82</value>
         <object_component_ref idref="oc-c58"/>
      </symbol>
      <symbol id="sm-f0e">
         <name>__mspabi_mpyd</name>
         <value>0x11186</value>
         <object_component_ref idref="oc-c14"/>
      </symbol>
      <symbol id="sm-f19">
         <name>__TI_frcmpyd</name>
         <value>0x12e12</value>
         <object_component_ref idref="oc-c75"/>
      </symbol>
      <symbol id="sm-f26">
         <name>__mspabi_negd</name>
         <value>0x14796</value>
         <object_component_ref idref="oc-ba4"/>
      </symbol>
      <symbol id="sm-f2e">
         <name>__mspabi_slll_9</name>
         <value>0x14516</value>
         <object_component_ref idref="oc-ca3"/>
      </symbol>
      <symbol id="sm-f2f">
         <name>__mspabi_slll_8</name>
         <value>0x1451a</value>
         <object_component_ref idref="oc-ca3"/>
      </symbol>
      <symbol id="sm-f30">
         <name>__mspabi_slll_7</name>
         <value>0x1451e</value>
         <object_component_ref idref="oc-ca3"/>
      </symbol>
      <symbol id="sm-f31">
         <name>__mspabi_slll_6</name>
         <value>0x14522</value>
         <object_component_ref idref="oc-ca3"/>
      </symbol>
      <symbol id="sm-f32">
         <name>__mspabi_slll_5</name>
         <value>0x14526</value>
         <object_component_ref idref="oc-ca3"/>
      </symbol>
      <symbol id="sm-f33">
         <name>__mspabi_slll_4</name>
         <value>0x1452a</value>
         <object_component_ref idref="oc-ca3"/>
      </symbol>
      <symbol id="sm-f34">
         <name>__mspabi_slll_3</name>
         <value>0x1452e</value>
         <object_component_ref idref="oc-ca3"/>
      </symbol>
      <symbol id="sm-f35">
         <name>__mspabi_slll_2</name>
         <value>0x14532</value>
         <object_component_ref idref="oc-ca3"/>
      </symbol>
      <symbol id="sm-f36">
         <name>__mspabi_slll_1</name>
         <value>0x14536</value>
         <object_component_ref idref="oc-ca3"/>
      </symbol>
      <symbol id="sm-f37">
         <name>__mspabi_slll_15</name>
         <value>0x144fe</value>
         <object_component_ref idref="oc-ca3"/>
      </symbol>
      <symbol id="sm-f38">
         <name>__mspabi_slll_14</name>
         <value>0x14502</value>
         <object_component_ref idref="oc-ca3"/>
      </symbol>
      <symbol id="sm-f39">
         <name>__mspabi_slll_13</name>
         <value>0x14506</value>
         <object_component_ref idref="oc-ca3"/>
      </symbol>
      <symbol id="sm-f3a">
         <name>__mspabi_slll_12</name>
         <value>0x1450a</value>
         <object_component_ref idref="oc-ca3"/>
      </symbol>
      <symbol id="sm-f3b">
         <name>__mspabi_slll_11</name>
         <value>0x1450e</value>
         <object_component_ref idref="oc-ca3"/>
      </symbol>
      <symbol id="sm-f3c">
         <name>__mspabi_slll_10</name>
         <value>0x14512</value>
         <object_component_ref idref="oc-ca3"/>
      </symbol>
      <symbol id="sm-f49">
         <name>__mspabi_sllll</name>
         <value>0x145f2</value>
         <object_component_ref idref="oc-c3b"/>
      </symbol>
      <symbol id="sm-f59">
         <name>__mspabi_srll_8</name>
         <value>0x14558</value>
         <object_component_ref idref="oc-cb0"/>
      </symbol>
      <symbol id="sm-f5a">
         <name>__mspabi_srll_9</name>
         <value>0x14554</value>
         <object_component_ref idref="oc-cb0"/>
      </symbol>
      <symbol id="sm-f5b">
         <name>__mspabi_srll_6</name>
         <value>0x14560</value>
         <object_component_ref idref="oc-cb0"/>
      </symbol>
      <symbol id="sm-f5c">
         <name>__mspabi_srll_7</name>
         <value>0x1455c</value>
         <object_component_ref idref="oc-cb0"/>
      </symbol>
      <symbol id="sm-f5d">
         <name>__mspabi_srll_4</name>
         <value>0x14568</value>
         <object_component_ref idref="oc-cb0"/>
      </symbol>
      <symbol id="sm-f5e">
         <name>__mspabi_srll_5</name>
         <value>0x14564</value>
         <object_component_ref idref="oc-cb0"/>
      </symbol>
      <symbol id="sm-f5f">
         <name>__mspabi_srll_2</name>
         <value>0x14570</value>
         <object_component_ref idref="oc-cb0"/>
      </symbol>
      <symbol id="sm-f60">
         <name>__mspabi_srll_3</name>
         <value>0x1456c</value>
         <object_component_ref idref="oc-cb0"/>
      </symbol>
      <symbol id="sm-f61">
         <name>__mspabi_srll_1</name>
         <value>0x14574</value>
         <object_component_ref idref="oc-cb0"/>
      </symbol>
      <symbol id="sm-f62">
         <name>__mspabi_srll_15</name>
         <value>0x1453c</value>
         <object_component_ref idref="oc-cb0"/>
      </symbol>
      <symbol id="sm-f63">
         <name>__mspabi_srll_14</name>
         <value>0x14540</value>
         <object_component_ref idref="oc-cb0"/>
      </symbol>
      <symbol id="sm-f64">
         <name>__mspabi_srll_13</name>
         <value>0x14544</value>
         <object_component_ref idref="oc-cb0"/>
      </symbol>
      <symbol id="sm-f65">
         <name>__mspabi_srll_12</name>
         <value>0x14548</value>
         <object_component_ref idref="oc-cb0"/>
      </symbol>
      <symbol id="sm-f66">
         <name>__mspabi_srll_11</name>
         <value>0x1454c</value>
         <object_component_ref idref="oc-cb0"/>
      </symbol>
      <symbol id="sm-f67">
         <name>__mspabi_srll_10</name>
         <value>0x14550</value>
         <object_component_ref idref="oc-cb0"/>
      </symbol>
      <symbol id="sm-f68">
         <name>__mspabi_srll</name>
         <value>0x14bcc</value>
         <object_component_ref idref="oc-c41"/>
      </symbol>
      <symbol id="sm-f71">
         <name>__mspabi_subd</name>
         <value>0x14734</value>
         <object_component_ref idref="oc-c5e"/>
      </symbol>
      <symbol id="sm-fab">
         <name>__mspabi_addd</name>
         <value>0x10000</value>
         <object_component_ref idref="oc-cb7"/>
      </symbol>
      <symbol id="sm-fb8">
         <name>__mspabi_srall</name>
         <value>0x14400</value>
         <object_component_ref idref="oc-cf4"/>
      </symbol>
      <symbol id="sm-fc2">
         <name>abs</name>
         <value>0x14c46</value>
         <object_component_ref idref="oc-c6b"/>
      </symbol>
      <symbol id="sm-fd5">
         <name>atoi</name>
         <value>0x13f86</value>
         <object_component_ref idref="oc-b45"/>
      </symbol>
      <symbol id="sm-fdf">
         <name>_ctypes_</name>
         <value>0x6c70</value>
         <object_component_ref idref="oc-b76"/>
      </symbol>
      <symbol id="sm-fe6">
         <name>errno</name>
         <value>0x1f38</value>
         <object_component_ref idref="oc-b5a"/>
      </symbol>
      <symbol id="sm-1002">
         <name>frexpl</name>
         <value>0x1393e</value>
         <object_component_ref idref="oc-c21"/>
      </symbol>
      <symbol id="sm-1003">
         <name>frexp</name>
         <value>0x1393e</value>
         <object_component_ref idref="oc-c21"/>
      </symbol>
      <symbol id="sm-101c">
         <name>scalbn</name>
         <value>0x12f76</value>
         <object_component_ref idref="oc-c8c"/>
      </symbol>
      <symbol id="sm-101d">
         <name>scalbnl</name>
         <value>0x12f76</value>
         <object_component_ref idref="oc-c8c"/>
      </symbol>
      <symbol id="sm-101e">
         <name>ldexpl</name>
         <value>0x12f76</value>
         <object_component_ref idref="oc-c8c"/>
      </symbol>
      <symbol id="sm-101f">
         <name>ldexp</name>
         <value>0x12f76</value>
         <object_component_ref idref="oc-c8c"/>
      </symbol>
      <symbol id="sm-1028">
         <name>copysign</name>
         <value>0x147c4</value>
         <object_component_ref idref="oc-ce2"/>
      </symbol>
      <symbol id="sm-1029">
         <name>copysignl</name>
         <value>0x147c4</value>
         <object_component_ref idref="oc-ce2"/>
      </symbol>
      <symbol id="sm-1038">
         <name>memccpy</name>
         <value>0x14942</value>
         <object_component_ref idref="oc-b36"/>
      </symbol>
      <symbol id="sm-1047">
         <name>strchr</name>
         <value>0x149ee</value>
         <object_component_ref idref="oc-c92"/>
      </symbol>
      <symbol id="sm-1055">
         <name>strcmp</name>
         <value>0x14a0a</value>
         <object_component_ref idref="oc-a66"/>
      </symbol>
      <symbol id="sm-1062">
         <name>strcpy</name>
         <value>0x14b98</value>
         <object_component_ref idref="oc-ab4"/>
      </symbol>
      <symbol id="sm-106f">
         <name>strlen</name>
         <value>0x14c22</value>
         <object_component_ref idref="oc-a34"/>
      </symbol>
      <symbol id="sm-1082">
         <name>strstr</name>
         <value>0x145b6</value>
         <object_component_ref idref="oc-a4d"/>
      </symbol>
      <symbol id="sm-108f">
         <name>toupper</name>
         <value>0x14baa</value>
         <object_component_ref idref="oc-b9e"/>
      </symbol>
      <symbol id="sm-10a7">
         <name>wcslen</name>
         <value>0x14b22</value>
         <object_component_ref idref="oc-b54"/>
      </symbol>
   </symbol_table>
   <title>Link successful</title>
</link_info>
