Archive member included to satisfy reference by file (symbol)

C:\Users\B4T\Documents\sloeber-workspace\Pass_Thru_Data_to_Cloud\Release\arduino.ar(CDC.cpp.o)
                              .\sloeber.ino.cpp.o (Serial_::write(unsigned char))
C:\Users\B4T\Documents\sloeber-workspace\Pass_Thru_Data_to_Cloud\Release\arduino.ar(PluggableUSB.cpp.o)
                              C:\Users\B4T\Documents\sloeber-workspace\Pass_Thru_Data_to_Cloud\Release\arduino.ar(CDC.cpp.o) (PluggableUSB_::plug(PluggableUSBModule*))
C:\Users\B4T\Documents\sloeber-workspace\Pass_Thru_Data_to_Cloud\Release\arduino.ar(USBCore.cpp.o)
                              C:\Users\B4T\Documents\sloeber-workspace\Pass_Thru_Data_to_Cloud\Release\arduino.ar(CDC.cpp.o) (usbd)
C:\Users\B4T\Documents\sloeber-workspace\Pass_Thru_Data_to_Cloud\Release\arduino.ar(Print.cpp.o)
                              .\sloeber.ino.cpp.o (Print::print(String const&))
C:\Users\B4T\Documents\sloeber-workspace\Pass_Thru_Data_to_Cloud\Release\arduino.ar(Reset.cpp.o)
                              C:\Users\B4T\Documents\sloeber-workspace\Pass_Thru_Data_to_Cloud\Release\arduino.ar(CDC.cpp.o) (initiateReset)
C:\Users\B4T\Documents\sloeber-workspace\Pass_Thru_Data_to_Cloud\Release\arduino.ar(SERCOM.cpp.o)
                              .\core\variant\variant.cpp.o (SERCOM::SERCOM(Sercom*))
C:\Users\B4T\Documents\sloeber-workspace\Pass_Thru_Data_to_Cloud\Release\arduino.ar(Uart.cpp.o)
                              .\sloeber.ino.cpp.o (Uart::begin(unsigned long))
C:\Users\B4T\Documents\sloeber-workspace\Pass_Thru_Data_to_Cloud\Release\arduino.ar(WString.cpp.o)
                              .\sloeber.ino.cpp.o (String::~String())
C:\Users\B4T\Documents\sloeber-workspace\Pass_Thru_Data_to_Cloud\Release\arduino.ar(abi.cpp.o)
                              C:\Users\B4T\Documents\sloeber-workspace\Pass_Thru_Data_to_Cloud\Release\arduino.ar(Print.cpp.o) (__cxa_pure_virtual)
C:\Users\B4T\Documents\sloeber-workspace\Pass_Thru_Data_to_Cloud\Release\arduino.ar(cortex_handlers.c.o)
                              (Reset_Handler)
C:\Users\B4T\Documents\sloeber-workspace\Pass_Thru_Data_to_Cloud\Release\arduino.ar(delay.c.o)
                              .\sloeber.ino.cpp.o (millis)
C:\Users\B4T\Documents\sloeber-workspace\Pass_Thru_Data_to_Cloud\Release\arduino.ar(hooks.c.o)
                              C:\Users\B4T\Documents\sloeber-workspace\Pass_Thru_Data_to_Cloud\Release\arduino.ar(delay.c.o) (yield)
C:\Users\B4T\Documents\sloeber-workspace\Pass_Thru_Data_to_Cloud\Release\arduino.ar(itoa.c.o)
                              C:\Users\B4T\Documents\sloeber-workspace\Pass_Thru_Data_to_Cloud\Release\arduino.ar(WString.cpp.o) (ltoa)
C:\Users\B4T\Documents\sloeber-workspace\Pass_Thru_Data_to_Cloud\Release\arduino.ar(main.cpp.o)
                              c:/users/b4t/downloads/sloeber-ide-v4.4.3-win32.win32.x86_64/sloeber/arduinoplugin/packages/arduino/tools/arm-none-eabi-gcc/7-2017q4/bin/../lib/gcc/arm-none-eabi/7.2.1/../../../../arm-none-eabi/lib/thumb/v6-m/crt0.o (main)
C:\Users\B4T\Documents\sloeber-workspace\Pass_Thru_Data_to_Cloud\Release\arduino.ar(new.cpp.o)
                              C:\Users\B4T\Documents\sloeber-workspace\Pass_Thru_Data_to_Cloud\Release\arduino.ar(USBCore.cpp.o) (operator new(unsigned int))
C:\Users\B4T\Documents\sloeber-workspace\Pass_Thru_Data_to_Cloud\Release\arduino.ar(startup.c.o)
                              C:\Users\B4T\Documents\sloeber-workspace\Pass_Thru_Data_to_Cloud\Release\arduino.ar(cortex_handlers.c.o) (SystemInit)
C:\Users\B4T\Documents\sloeber-workspace\Pass_Thru_Data_to_Cloud\Release\arduino.ar(wiring.c.o)
                              C:\Users\B4T\Documents\sloeber-workspace\Pass_Thru_Data_to_Cloud\Release\arduino.ar(main.cpp.o) (init)
C:\Users\B4T\Documents\sloeber-workspace\Pass_Thru_Data_to_Cloud\Release\arduino.ar(wiring_analog.c.o)
                              C:\Users\B4T\Documents\sloeber-workspace\Pass_Thru_Data_to_Cloud\Release\arduino.ar(wiring.c.o) (analogReference)
C:\Users\B4T\Documents\sloeber-workspace\Pass_Thru_Data_to_Cloud\Release\arduino.ar(wiring_digital.c.o)
                              .\core\variant\variant.cpp.o (pinMode)
C:\Users\B4T\Documents\sloeber-workspace\Pass_Thru_Data_to_Cloud\Release\arduino.ar(wiring_private.c.o)
                              .\core\variant\variant.cpp.o (pinPeripheral)
C:\Users\B4T\Documents\sloeber-workspace\Pass_Thru_Data_to_Cloud\Release\arduino.ar(dtostrf.c.o)
                              C:\Users\B4T\Documents\sloeber-workspace\Pass_Thru_Data_to_Cloud\Release\arduino.ar(WString.cpp.o) (dtostrf)
c:/users/b4t/downloads/sloeber-ide-v4.4.3-win32.win32.x86_64/sloeber/arduinoplugin/packages/arduino/tools/arm-none-eabi-gcc/7-2017q4/bin/../lib/gcc/arm-none-eabi/7.2.1/thumb/v6-m\libgcc.a(_thumb1_case_uqi.o)
                              C:\Users\B4T\Documents\sloeber-workspace\Pass_Thru_Data_to_Cloud\Release\arduino.ar(USBCore.cpp.o) (__gnu_thumb1_case_uqi)
[...]
Memory Configuration

Name             Origin             Length             Attributes
FLASH            0x00002000         0x0003e000         xr
RAM              0x20000000         0x00008000         xrw
*default*        0x00000000         0xffffffff

Linker script and memory map

LOAD c:/users/b4t/downloads/sloeber-ide-v4.4.3-win32.win32.x86_64/sloeber/arduinoplugin/packages/arduino/tools/arm-none-eabi-gcc/7-2017q4/bin/../lib/gcc/arm-none-eabi/7.2.1/thumb/v6-m/crti.o
LOAD c:/users/b4t/downloads/sloeber-ide-v4.4.3-win32.win32.x86_64/sloeber/arduinoplugin/packages/arduino/tools/arm-none-eabi-gcc/7-2017q4/bin/../lib/gcc/arm-none-eabi/7.2.1/thumb/v6-m/crtbegin.o
LOAD c:/users/b4t/downloads/sloeber-ide-v4.4.3-win32.win32.x86_64/sloeber/arduinoplugin/packages/arduino/tools/arm-none-eabi-gcc/7-2017q4/bin/../lib/gcc/arm-none-eabi/7.2.1/../../../../arm-none-eabi/lib/thumb/v6-m/crt0.o
LOAD .\sloeber.ino.cpp.o
LOAD .\core\variant\variant.cpp.o
START GROUP
LOAD C:\Users\B4T\Downloads\sloeber-ide-V4.4.3-win32.win32.x86_64\Sloeber\arduinoPlugin\packages\arduino\tools\CMSIS\4.5.0/CMSIS/Lib/GCC/\libarm_cortexM0l_math.a
LOAD C:\Users\B4T\Documents\sloeber-workspace\Pass_Thru_Data_to_Cloud\Release\arduino.ar
END GROUP
LOAD c:/users/b4t/downloads/sloeber-ide-v4.4.3-win32.win32.x86_64/sloeber/arduinoplugin/packages/arduino/tools/arm-none-eabi-gcc/7-2017q4/bin/../lib/gcc/arm-none-eabi/7.2.1/../../../../arm-none-eabi/lib/thumb/v6-m\libstdc++_nano.a
LOAD c:/users/b4t/downloads/sloeber-ide-v4.4.3-win32.win32.x86_64/sloeber/arduinoplugin/packages/arduino/tools/arm-none-eabi-gcc/7-2017q4/bin/../lib/gcc/arm-none-eabi/7.2.1/../../../../arm-none-eabi/lib/thumb/v6-m\libm.a
START GROUP
LOAD c:/users/b4t/downloads/sloeber-ide-v4.4.3-win32.win32.x86_64/sloeber/arduinoplugin/packages/arduino/tools/arm-none-eabi-gcc/7-2017q4/bin/../lib/gcc/arm-none-eabi/7.2.1/thumb/v6-m\libgcc.a
LOAD c:/users/b4t/downloads/sloeber-ide-v4.4.3-win32.win32.x86_64/sloeber/arduinoplugin/packages/arduino/tools/arm-none-eabi-gcc/7-2017q4/bin/../lib/gcc/arm-none-eabi/7.2.1/../../../../arm-none-eabi/lib/thumb/v6-m\libc_nano.a
END GROUP
START GROUP
LOAD c:/users/b4t/downloads/sloeber-ide-v4.4.3-win32.win32.x86_64/sloeber/arduinoplugin/packages/arduino/tools/arm-none-eabi-gcc/7-2017q4/bin/../lib/gcc/arm-none-eabi/7.2.1/thumb/v6-m\libgcc.a
LOAD c:/users/b4t/downloads/sloeber-ide-v4.4.3-win32.win32.x86_64/sloeber/arduinoplugin/packages/arduino/tools/arm-none-eabi-gcc/7-2017q4/bin/../lib/gcc/arm-none-eabi/7.2.1/../../../../arm-none-eabi/lib/thumb/v6-m\libc_nano.a
LOAD c:/users/b4t/downloads/sloeber-ide-v4.4.3-win32.win32.x86_64/sloeber/arduinoplugin/packages/arduino/tools/arm-none-eabi-gcc/7-2017q4/bin/../lib/gcc/arm-none-eabi/7.2.1/../../../../arm-none-eabi/lib/thumb/v6-m\libnosys.a
END GROUP
START GROUP
LOAD c:/users/b4t/downloads/sloeber-ide-v4.4.3-win32.win32.x86_64/sloeber/arduinoplugin/packages/arduino/tools/arm-none-eabi-gcc/7-2017q4/bin/../lib/gcc/arm-none-eabi/7.2.1/thumb/v6-m\libgcc.a
LOAD c:/users/b4t/downloads/sloeber-ide-v4.4.3-win32.win32.x86_64/sloeber/arduinoplugin/packages/arduino/tools/arm-none-eabi-gcc/7-2017q4/bin/../lib/gcc/arm-none-eabi/7.2.1/../../../../arm-none-eabi/lib/thumb/v6-m\libc_nano.a
LOAD c:/users/b4t/downloads/sloeber-ide-v4.4.3-win32.win32.x86_64/sloeber/arduinoplugin/packages/arduino/tools/arm-none-eabi-gcc/7-2017q4/bin/../lib/gcc/arm-none-eabi/7.2.1/../../../../arm-none-eabi/lib/thumb/v6-m\libnosys.a
END GROUP
LOAD c:/users/b4t/downloads/sloeber-ide-v4.4.3-win32.win32.x86_64/sloeber/arduinoplugin/packages/arduino/tools/arm-none-eabi-gcc/7-2017q4/bin/../lib/gcc/arm-none-eabi/7.2.1/thumb/v6-m/crtend.o
LOAD c:/users/b4t/downloads/sloeber-ide-v4.4.3-win32.win32.x86_64/sloeber/arduinoplugin/packages/arduino/tools/arm-none-eabi-gcc/7-2017q4/bin/../lib/gcc/arm-none-eabi/7.2.1/thumb/v6-m/crtn.o

.text           0x00002000     0x97fc
                0x00002000                __text_start__ = .
 *(.sketch_boot)
                0x00002000                . = ALIGN (0x2000)
 *(.isr_vector)
 .isr_vector    0x00002000       0xb4 C:\Users\B4T\Documents\sloeber-workspace\Pass_Thru_Data_to_Cloud\Release\arduino.ar(cortex_handlers.c.o)
                0x00002000                exception_table
 *(.text*)
 .text          0x000020b4       0x48 c:/users/b4t/downloads/sloeber-ide-v4.4.3-win32.win32.x86_64/sloeber/arduinoplugin/packages/arduino/tools/arm-none-eabi-gcc/7-2017q4/bin/../lib/gcc/arm-none-eabi/7.2.1/thumb/v6-m/crtbegin.o
 .text._Z15handleBackspacev
                0x000020fc       0x30 .\sloeber.ino.cpp.o
                0x000020fc                handleBackspace()
 .text._Z16sendSensorPacketv
                0x0000212c       0xd8 .\sloeber.ino.cpp.o
                0x0000212c                sendSensorPacket()
 .text._Z14handleAutoModev
                0x00002204       0x7c .\sloeber.ino.cpp.o
                0x00002204                handleAutoMode()
 .text._Z11printStatusv
                0x00002280       0xdc .\sloeber.ino.cpp.o
                0x00002280                printStatus()
 .text._Z9printHelpv
                0x0000235c       0xac .\sloeber.ino.cpp.o
                0x0000235c                printHelp()
 .text._Z11printPromptv
                0x00002408       0x14 .\sloeber.ino.cpp.o
                0x00002408                printPrompt()
 .text._Z15clearLineBufferv
                0x0000241c       0x1c .\sloeber.ino.cpp.o
                0x0000241c                clearLineBuffer()
 .text._Z10trimStringPc
                0x00002438       0x46 .\sloeber.ino.cpp.o
                0x00002438                trimString(char*)
 *fill*         0x0000247e        0x2 
 .text._Z13handleCommandPc
                0x00002480      0x1dc .\sloeber.ino.cpp.o
                0x00002480                handleCommand(char*)
 .text._Z11handleEnterv
                0x0000265c       0x30 .\sloeber.ino.cpp.o
                0x0000265c                handleEnter()
 .text.setup    0x0000268c       0x68 .\sloeber.ino.cpp.o
                0x0000268c                setup
 .text._Z15handlePrintablec
                0x000026f4       0x4c .\sloeber.ino.cpp.o
                0x000026f4                handlePrintable(char)
 .text._Z22handleUsbTerminalInputv
                0x00002740       0x48 .\sloeber.ino.cpp.o
                0x00002740                handleUsbTerminalInput()
 .text._Z20handleMsp430Responsev
                0x00002788       0x28 .\sloeber.ino.cpp.o
                0x00002788                handleMsp430Response()
 .text.loop     0x000027b0       0x10 .\sloeber.ino.cpp.o
                0x000027b0                loop
 .text._Z11initVariantv
                0x000027c0       0xf8 .\core\variant\variant.cpp.o
                0x000027c0                initVariant()
 .text.SERCOM5_Handler
                0x000028b8       0x10 .\core\variant\variant.cpp.o
                0x000028b8                SERCOM5_Handler
 .text.SERCOM4_Handler
                0x000028c8       0x10 .\core\variant\variant.cpp.o
                0x000028c8                SERCOM4_Handler
 .text.startup._GLOBAL__sub_I_g_APinDescription
                0x000028d8       0xa0 .\core\variant\variant.cpp.o
 .text._ZN7Serial_13getDescriptorER8USBSetup
                0x00002978        0x4 C:\Users\B4T\Documents\sloeber-workspace\Pass_Thru_Data_to_Cloud\Release\arduino.ar(CDC.cpp.o)
                0x00002978                Serial_::getDescriptor(USBSetup&)
 .text._ZL5utox8mPc
                0x0000297c       0x24 C:\Users\B4T\Documents\sloeber-workspace\Pass_Thru_Data_to_Cloud\Release\arduino.ar(CDC.cpp.o)
 .text._ZN7Serial_12getShortNameEPc
                0x000029a0       0x44 C:\Users\B4T\Documents\sloeber-workspace\Pass_Thru_Data_to_Cloud\Release\arduino.ar(CDC.cpp.o)
                0x000029a0                Serial_::getShortName(char*)
 .text._ZThn16_N7Serial_12getShortNameEPc
                0x000029e4       0x10 C:\Users\B4T\Documents\sloeber-workspace\Pass_Thru_Data_to_Cloud\Release\arduino.ar(CDC.cpp.o)
                0x000029e4                non-virtual thunk to Serial_::getShortName(char*)
 .text._ZN7Serial_14handleEndpointEi
                0x000029f4        0x2 C:\Users\B4T\Documents\sloeber-workspace\Pass_Thru_Data_to_Cloud\Release\arduino.ar(CDC.cpp.o)
                0x000029f4                Serial_::handleEndpoint(int)
 .text._ZN7Serial_17availableForWriteEv
                0x000029f6        0x4 C:\Users\B4T\Documents\sloeber-workspace\Pass_Thru_Data_to_Cloud\Release\arduino.ar(CDC.cpp.o)
                0x000029f6                Serial_::availableForWrite()
 .text._ZN7Serial_5writeEh
                0x000029fa       0x14 C:\Users\B4T\Documents\sloeber-workspace\Pass_Thru_Data_to_Cloud\Release\arduino.ar(CDC.cpp.o)
                0x000029fa                Serial_::write(unsigned char)
 *fill*         0x00002a0e        0x2 
 .text._ZN7Serial_12getInterfaceEPh
                0x00002a10      0x11c C:\Users\B4T\Documents\sloeber-workspace\Pass_Thru_Data_to_Cloud\Release\arduino.ar(CDC.cpp.o)
                0x00002a10                Serial_::getInterface(unsigned char*)
 .text._ZThn16_N7Serial_12getInterfaceEPh
                0x00002b2c       0x10 C:\Users\B4T\Documents\sloeber-workspace\Pass_Thru_Data_to_Cloud\Release\arduino.ar(CDC.cpp.o)
                0x00002b2c                non-virtual thunk to Serial_::getInterface(unsigned char*)
 .text._ZN7Serial_5setupER8USBSetup
                0x00002b3c       0xa8 C:\Users\B4T\Documents\sloeber-workspace\Pass_Thru_Data_to_Cloud\Release\arduino.ar(CDC.cpp.o)
                0x00002b3c                Serial_::setup(USBSetup&)
 .text._ZThn16_N7Serial_5setupER8USBSetup
                0x00002be4       0x10 C:\Users\B4T\Documents\sloeber-workspace\Pass_Thru_Data_to_Cloud\Release\arduino.ar(CDC.cpp.o)
                0x00002be4                non-virtual thunk to Serial_::setup(USBSetup&)
 .text._ZN7Serial_9availableEv
                0x00002bf4       0x20 C:\Users\B4T\Documents\sloeber-workspace\Pass_Thru_Data_to_Cloud\Release\arduino.ar(CDC.cpp.o)
                0x00002bf4                Serial_::available()
 .text._ZN7Serial_5flushEv
                0x00002c14        0xe C:\Users\B4T\Documents\sloeber-workspace\Pass_Thru_Data_to_Cloud\Release\arduino.ar(CDC.cpp.o)
                0x00002c14                Serial_::flush()
 .text._ZN7Serial_5clearEv
                0x00002c22        0xe C:\Users\B4T\Documents\sloeber-workspace\Pass_Thru_Data_to_Cloud\Release\arduino.ar(CDC.cpp.o)
                0x00002c22                Serial_::clear()
 .text._ZN7Serial_5writeEPKhj
                0x00002c30       0x1e C:\Users\B4T\Documents\sloeber-workspace\Pass_Thru_Data_to_Cloud\Release\arduino.ar(CDC.cpp.o)
                0x00002c30                Serial_::write(unsigned char const*, unsigned int)
 *fill*         0x00002c4e        0x2 
 .text._ZN7Serial_4peekEv
                0x00002c50       0x1c C:\Users\B4T\Documents\sloeber-workspace\Pass_Thru_Data_to_Cloud\Release\arduino.ar(CDC.cpp.o)
                0x00002c50                Serial_::peek()
 .text._ZN7Serial_4readEv
                0x00002c6c       0x24 C:\Users\B4T\Documents\sloeber-workspace\Pass_Thru_Data_to_Cloud\Release\arduino.ar(CDC.cpp.o)
                0x00002c6c                Serial_::read()
 .text._ZThn16_N7Serial_14handleEndpointEi
                0x00002c90        0x2 C:\Users\B4T\Documents\sloeber-workspace\Pass_Thru_Data_to_Cloud\Release\arduino.ar(CDC.cpp.o)
                0x00002c90                non-virtual thunk to Serial_::handleEndpoint(int)
 .text._ZThn16_N7Serial_13getDescriptorER8USBSetup
                0x00002c92        0x4 C:\Users\B4T\Documents\sloeber-workspace\Pass_Thru_Data_to_Cloud\Release\arduino.ar(CDC.cpp.o)
                0x00002c92                non-virtual thunk to Serial_::getDescriptor(USBSetup&)
 .text.resetExternalChip
                0x00002c96        0x2 C:\Users\B4T\Documents\sloeber-workspace\Pass_Thru_Data_to_Cloud\Release\arduino.ar(CDC.cpp.o)
                0x00002c96                resetExternalChip
 .text._ZN7Serial_C2ER14USBDeviceClass
                0x00002c98       0x50 C:\Users\B4T\Documents\sloeber-workspace\Pass_Thru_Data_to_Cloud\Release\arduino.ar(CDC.cpp.o)
                0x00002c98                Serial_::Serial_(USBDeviceClass&)
                0x00002c98                Serial_::Serial_(USBDeviceClass&)
 .text._ZN7Serial_15enableInterruptEv
                0x00002ce8       0x30 C:\Users\B4T\Documents\sloeber-workspace\Pass_Thru_Data_to_Cloud\Release\arduino.ar(CDC.cpp.o)
                0x00002ce8                Serial_::enableInterrupt()
 .text._ZN7Serial_5beginEm
                0x00002d18        0x2 C:\Users\B4T\Documents\sloeber-workspace\Pass_Thru_Data_to_Cloud\Release\arduino.ar(CDC.cpp.o)
                0x00002d18                Serial_::begin(unsigned long)
 *fill*         0x00002d1a        0x2 
 .text.startup._GLOBAL__sub_I__ZN7Serial_12getInterfaceEPh
                0x00002d1c       0x14 C:\Users\B4T\Documents\sloeber-workspace\Pass_Thru_Data_to_Cloud\Release\arduino.ar(CDC.cpp.o)
 .text._ZN13PluggableUSB_12getInterfaceEPh
                0x00002d30       0x28 C:\Users\B4T\Documents\sloeber-workspace\Pass_Thru_Data_to_Cloud\Release\arduino.ar(PluggableUSB.cpp.o)
                0x00002d30                PluggableUSB_::getInterface(unsigned char*)
 .text._ZN13PluggableUSB_13getDescriptorER8USBSetup
                0x00002d58       0x20 C:\Users\B4T\Documents\sloeber-workspace\Pass_Thru_Data_to_Cloud\Release\arduino.ar(PluggableUSB.cpp.o)
                0x00002d58                PluggableUSB_::getDescriptor(USBSetup&)
 .text._ZN13PluggableUSB_12getShortNameEPc
                0x00002d78       0x26 C:\Users\B4T\Documents\sloeber-workspace\Pass_Thru_Data_to_Cloud\Release\arduino.ar(PluggableUSB.cpp.o)
                0x00002d78                PluggableUSB_::getShortName(char*)
 .text._ZN13PluggableUSB_5setupER8USBSetup
                0x00002d9e       0x20 C:\Users\B4T\Documents\sloeber-workspace\Pass_Thru_Data_to_Cloud\Release\arduino.ar(PluggableUSB.cpp.o)
                0x00002d9e                PluggableUSB_::setup(USBSetup&)
 .text._ZN13PluggableUSB_14handleEndpointEi
                0x00002dbe       0x1a C:\Users\B4T\Documents\sloeber-workspace\Pass_Thru_Data_to_Cloud\Release\arduino.ar(PluggableUSB.cpp.o)
                0x00002dbe                PluggableUSB_::handleEndpoint(int)
 .text._ZN13PluggableUSB_4plugEP18PluggableUSBModule
                0x00002dd8       0x58 C:\Users\B4T\Documents\sloeber-workspace\Pass_Thru_Data_to_Cloud\Release\arduino.ar(PluggableUSB.cpp.o)
                0x00002dd8                PluggableUSB_::plug(PluggableUSBModule*)
 .text._Z12PluggableUSBv
                0x00002e30       0x24 C:\Users\B4T\Documents\sloeber-workspace\Pass_Thru_Data_to_Cloud\Release\arduino.ar(PluggableUSB.cpp.o)
                0x00002e30                PluggableUSB()
 .text._ZN26DoubleBufferedEPOutHandlerD2Ev
                0x00002e54        0x2 C:\Users\B4T\Documents\sloeber-workspace\Pass_Thru_Data_to_Cloud\Release\arduino.ar(USBCore.cpp.o)
                0x00002e54                DoubleBufferedEPOutHandler::~DoubleBufferedEPOutHandler()
                0x00002e54                DoubleBufferedEPOutHandler::~DoubleBufferedEPOutHandler()
 .text._ZN26DoubleBufferedEPOutHandlerD0Ev
                0x00002e56        0xc C:\Users\B4T\Documents\sloeber-workspace\Pass_Thru_Data_to_Cloud\Release\arduino.ar(USBCore.cpp.o)
                0x00002e56                DoubleBufferedEPOutHandler::~DoubleBufferedEPOutHandler()
 *fill*         0x00002e62        0x2 
 .text._ZN14USBDeviceClass6initEPEmm.part.7
                0x00002e64       0xc4 C:\Users\B4T\Documents\sloeber-workspace\Pass_Thru_Data_to_Cloud\Release\arduino.ar(USBCore.cpp.o)
 .text._ZN7__GuardC2Ev
                0x00002f28        0xe C:\Users\B4T\Documents\sloeber-workspace\Pass_Thru_Data_to_Cloud\Release\arduino.ar(USBCore.cpp.o)
                0x00002f28                __Guard::__Guard()
                0x00002f28                __Guard::__Guard()
 .text._ZN7__GuardD2Ev
                0x00002f36        0xe C:\Users\B4T\Documents\sloeber-workspace\Pass_Thru_Data_to_Cloud\Release\arduino.ar(USBCore.cpp.o)
                0x00002f36                __Guard::~__Guard()
                0x00002f36                __Guard::~__Guard()
 .text._ZNK26DoubleBufferedEPOutHandler10_availableEv
                0x00002f44       0x70 C:\Users\B4T\Documents\sloeber-workspace\Pass_Thru_Data_to_Cloud\Release\arduino.ar(USBCore.cpp.o)
                0x00002f44                DoubleBufferedEPOutHandler::_available() const
 .text._ZN26DoubleBufferedEPOutHandler7releaseEv
                0x00002fb4       0x3c C:\Users\B4T\Documents\sloeber-workspace\Pass_Thru_Data_to_Cloud\Release\arduino.ar(USBCore.cpp.o)
                0x00002fb4                DoubleBufferedEPOutHandler::release()
 .text._ZN26DoubleBufferedEPOutHandler14handleEndpointEv
                0x00002ff0       0xea C:\Users\B4T\Documents\sloeber-workspace\Pass_Thru_Data_to_Cloud\Release\arduino.ar(USBCore.cpp.o)
                0x00002ff0                DoubleBufferedEPOutHandler::handleEndpoint()
 .text._ZN26DoubleBufferedEPOutHandler5_recvEv
                0x000030da      0x198 C:\Users\B4T\Documents\sloeber-workspace\Pass_Thru_Data_to_Cloud\Release\arduino.ar(USBCore.cpp.o)
                0x000030da                DoubleBufferedEPOutHandler::_recv()
 .text._ZN26DoubleBufferedEPOutHandler4peekEv
                0x00003272       0x22 C:\Users\B4T\Documents\sloeber-workspace\Pass_Thru_Data_to_Cloud\Release\arduino.ar(USBCore.cpp.o)
                0x00003272                DoubleBufferedEPOutHandler::peek()
 .text._ZN26DoubleBufferedEPOutHandler9availableEv
                0x00003294       0x18 C:\Users\B4T\Documents\sloeber-workspace\Pass_Thru_Data_to_Cloud\Release\arduino.ar(USBCore.cpp.o)
                0x00003294                DoubleBufferedEPOutHandler::available()
 .text._ZN26DoubleBufferedEPOutHandler4recvEPvm
                0x000032ac       0x72 C:\Users\B4T\Documents\sloeber-workspace\Pass_Thru_Data_to_Cloud\Release\arduino.ar(USBCore.cpp.o)
                0x000032ac                DoubleBufferedEPOutHandler::recv(void*, unsigned long)
 .text._ZN14USBDeviceClass14SendInterfacesEPm
                0x0000331e       0x20 C:\Users\B4T\Documents\sloeber-workspace\Pass_Thru_Data_to_Cloud\Release\arduino.ar(USBCore.cpp.o)
                0x0000331e                USBDeviceClass::SendInterfaces(unsigned long*)
 *fill*         0x0000333e        0x2 
 .text._ZN14USBDeviceClass4initEv
                0x00003340      0x15c C:\Users\B4T\Documents\sloeber-workspace\Pass_Thru_Data_to_Cloud\Release\arduino.ar(USBCore.cpp.o)
                0x00003340                USBDeviceClass::init()
 .text._ZN14USBDeviceClass6attachEv
                0x0000349c       0x34 C:\Users\B4T\Documents\sloeber-workspace\Pass_Thru_Data_to_Cloud\Release\arduino.ar(USBCore.cpp.o)
                0x0000349c                USBDeviceClass::attach()
 .text._ZN14USBDeviceClass10setAddressEm
                0x000034d0       0x48 C:\Users\B4T\Documents\sloeber-workspace\Pass_Thru_Data_to_Cloud\Release\arduino.ar(USBCore.cpp.o)
                0x000034d0                USBDeviceClass::setAddress(unsigned long)
 .text._ZN14USBDeviceClass25handleClassInterfaceSetupER8USBSetup
                0x00003518       0x24 C:\Users\B4T\Documents\sloeber-workspace\Pass_Thru_Data_to_Cloud\Release\arduino.ar(USBCore.cpp.o)
                0x00003518                USBDeviceClass::handleClassInterfaceSetup(USBSetup&)
 .text._ZN14USBDeviceClass6initEPEmm
                0x0000353c      0x120 C:\Users\B4T\Documents\sloeber-workspace\Pass_Thru_Data_to_Cloud\Release\arduino.ar(USBCore.cpp.o)
                0x0000353c                USBDeviceClass::initEP(unsigned long, unsigned long)
 .text._ZN14USBDeviceClass13initEndpointsEv
                0x0000365c       0x24 C:\Users\B4T\Documents\sloeber-workspace\Pass_Thru_Data_to_Cloud\Release\arduino.ar(USBCore.cpp.o)
                0x0000365c                USBDeviceClass::initEndpoints()
 .text._ZN14USBDeviceClass5clearEm
                0x00003680       0x38 C:\Users\B4T\Documents\sloeber-workspace\Pass_Thru_Data_to_Cloud\Release\arduino.ar(USBCore.cpp.o)
                0x00003680                USBDeviceClass::clear(unsigned long)
 .text._ZN14USBDeviceClass9availableEm
                0x000036b8       0x2c C:\Users\B4T\Documents\sloeber-workspace\Pass_Thru_Data_to_Cloud\Release\arduino.ar(USBCore.cpp.o)
                0x000036b8                USBDeviceClass::available(unsigned long)
 .text._ZN14USBDeviceClass5flushEm
                0x000036e4       0x2c C:\Users\B4T\Documents\sloeber-workspace\Pass_Thru_Data_to_Cloud\Release\arduino.ar(USBCore.cpp.o)
                0x000036e4                USBDeviceClass::flush(unsigned long)
 .text._ZN14USBDeviceClass4recvEmPvm
                0x00003710       0xc0 C:\Users\B4T\Documents\sloeber-workspace\Pass_Thru_Data_to_Cloud\Release\arduino.ar(USBCore.cpp.o)
                0x00003710                USBDeviceClass::recv(unsigned long, void*, unsigned long)
 .text._ZN14USBDeviceClass4recvEm
                0x000037d0       0x1c C:\Users\B4T\Documents\sloeber-workspace\Pass_Thru_Data_to_Cloud\Release\arduino.ar(USBCore.cpp.o)
                0x000037d0                USBDeviceClass::recv(unsigned long)
 .text._ZN14USBDeviceClass14armRecvCtrlOUTEm
                0x000037ec       0x5c C:\Users\B4T\Documents\sloeber-workspace\Pass_Thru_Data_to_Cloud\Release\arduino.ar(USBCore.cpp.o)
                0x000037ec                USBDeviceClass::armRecvCtrlOUT(unsigned long)
 .text._ZN14USBDeviceClass11recvControlEPvm
                0x00003848       0x28 C:\Users\B4T\Documents\sloeber-workspace\Pass_Thru_Data_to_Cloud\Release\arduino.ar(USBCore.cpp.o)
                0x00003848                USBDeviceClass::recvControl(void*, unsigned long)
 .text._ZN14USBDeviceClass4sendEmPKvm
                0x00003870      0x10c C:\Users\B4T\Documents\sloeber-workspace\Pass_Thru_Data_to_Cloud\Release\arduino.ar(USBCore.cpp.o)
                0x00003870                USBDeviceClass::send(unsigned long, void const*, unsigned long)
 .text._ZN14USBDeviceClass7armSendEmPKvm
                0x0000397c       0x48 C:\Users\B4T\Documents\sloeber-workspace\Pass_Thru_Data_to_Cloud\Release\arduino.ar(USBCore.cpp.o)
                0x0000397c                USBDeviceClass::armSend(unsigned long, void const*, unsigned long)
 .text._ZN14USBDeviceClass11sendControlEPKvm
                0x000039c4       0x54 C:\Users\B4T\Documents\sloeber-workspace\Pass_Thru_Data_to_Cloud\Release\arduino.ar(USBCore.cpp.o)
                0x000039c4                USBDeviceClass::sendControl(void const*, unsigned long)
 .text._ZN14USBDeviceClass20sendStringDescriptorEPKhm
                0x00003a18       0x64 C:\Users\B4T\Documents\sloeber-workspace\Pass_Thru_Data_to_Cloud\Release\arduino.ar(USBCore.cpp.o)
                0x00003a18                USBDeviceClass::sendStringDescriptor(unsigned char const*, unsigned long)
 .text._ZN14USBDeviceClass17sendConfigurationEm
                0x00003a7c       0x80 C:\Users\B4T\Documents\sloeber-workspace\Pass_Thru_Data_to_Cloud\Release\arduino.ar(USBCore.cpp.o)
                0x00003a7c                USBDeviceClass::sendConfiguration(unsigned long)
 .text._ZN14USBDeviceClass14sendDescriptorER8USBSetup
                0x00003afc       0xe0 C:\Users\B4T\Documents\sloeber-workspace\Pass_Thru_Data_to_Cloud\Release\arduino.ar(USBCore.cpp.o)
                0x00003afc                USBDeviceClass::sendDescriptor(USBSetup&)
 .text._ZN14USBDeviceClass7sendZlpEm
                0x00003bdc       0x18 C:\Users\B4T\Documents\sloeber-workspace\Pass_Thru_Data_to_Cloud\Release\arduino.ar(USBCore.cpp.o)
                0x00003bdc                USBDeviceClass::sendZlp(unsigned long)
 .text._ZN14USBDeviceClass19handleStandardSetupER8USBSetup
                0x00003bf4       0xf0 C:\Users\B4T\Documents\sloeber-workspace\Pass_Thru_Data_to_Cloud\Release\arduino.ar(USBCore.cpp.o)
                0x00003bf4                USBDeviceClass::handleStandardSetup(USBSetup&)
 .text._ZN14USBDeviceClass10ISRHandlerEv
                0x00003ce4      0x108 C:\Users\B4T\Documents\sloeber-workspace\Pass_Thru_Data_to_Cloud\Release\arduino.ar(USBCore.cpp.o)
                0x00003ce4                USBDeviceClass::ISRHandler()
 .text.UDD_Handler
                0x00003dec       0x10 C:\Users\B4T\Documents\sloeber-workspace\Pass_Thru_Data_to_Cloud\Release\arduino.ar(USBCore.cpp.o)
                0x00003dec                UDD_Handler
 .text.startup._GLOBAL__sub_I_usbd
                0x00003dfc       0x10 C:\Users\B4T\Documents\sloeber-workspace\Pass_Thru_Data_to_Cloud\Release\arduino.ar(USBCore.cpp.o)
 .text._ZN5Print5writeEPKhj
                0x00003e0c       0x28 C:\Users\B4T\Documents\sloeber-workspace\Pass_Thru_Data_to_Cloud\Release\arduino.ar(Print.cpp.o)
                0x00003e0c                Print::write(unsigned char const*, unsigned int)
 .text._ZN5Print5writeEPKc.part.2
                0x00003e34       0x1a C:\Users\B4T\Documents\sloeber-workspace\Pass_Thru_Data_to_Cloud\Release\arduino.ar(Print.cpp.o)
 .text._ZN5Print5writeEPKc
                0x00003e4e       0x10 C:\Users\B4T\Documents\sloeber-workspace\Pass_Thru_Data_to_Cloud\Release\arduino.ar(Print.cpp.o)
                0x00003e4e                Print::write(char const*)
 .text._ZN5Print5printERK6String
                0x00003e5e        0xe C:\Users\B4T\Documents\sloeber-workspace\Pass_Thru_Data_to_Cloud\Release\arduino.ar(Print.cpp.o)
                0x00003e5e                Print::print(String const&)
 .text._ZN5Print5printEPKc
                0x00003e6c        0x8 C:\Users\B4T\Documents\sloeber-workspace\Pass_Thru_Data_to_Cloud\Release\arduino.ar(Print.cpp.o)
                0x00003e6c                Print::print(char const*)
 .text._ZN5Print5printEc
                0x00003e74        0xa C:\Users\B4T\Documents\sloeber-workspace\Pass_Thru_Data_to_Cloud\Release\arduino.ar(Print.cpp.o)
                0x00003e74                Print::print(char)
 *fill*         0x00003e7e        0x2 
 .text._ZN5Print7printlnEv
                0x00003e80       0x10 C:\Users\B4T\Documents\sloeber-workspace\Pass_Thru_Data_to_Cloud\Release\arduino.ar(Print.cpp.o)
                0x00003e80                Print::println()
 .text._ZN5Print7printlnERK6String
                0x00003e90       0x14 C:\Users\B4T\Documents\sloeber-workspace\Pass_Thru_Data_to_Cloud\Release\arduino.ar(Print.cpp.o)
                0x00003e90                Print::println(String const&)
 .text._ZN5Print7printlnEPKc
                0x00003ea4       0x14 C:\Users\B4T\Documents\sloeber-workspace\Pass_Thru_Data_to_Cloud\Release\arduino.ar(Print.cpp.o)
                0x00003ea4                Print::println(char const*)
 .text._ZN5Print11printNumberEmh
                0x00003eb8       0x48 C:\Users\B4T\Documents\sloeber-workspace\Pass_Thru_Data_to_Cloud\Release\arduino.ar(Print.cpp.o)
                0x00003eb8                Print::printNumber(unsigned long, unsigned char)
 .text._ZN5Print5printEli
                0x00003f00       0x3e C:\Users\B4T\Documents\sloeber-workspace\Pass_Thru_Data_to_Cloud\Release\arduino.ar(Print.cpp.o)
                0x00003f00                Print::print(long, int)
 .text._ZN5Print5printEii
                0x00003f3e        0x8 C:\Users\B4T\Documents\sloeber-workspace\Pass_Thru_Data_to_Cloud\Release\arduino.ar(Print.cpp.o)
                0x00003f3e                Print::print(int, int)
 *fill*         0x00003f46        0x2 
 .text._ZN5Print10printFloatEdh
                0x00003f48      0x168 C:\Users\B4T\Documents\sloeber-workspace\Pass_Thru_Data_to_Cloud\Release\arduino.ar(Print.cpp.o)
                0x00003f48                Print::printFloat(double, unsigned char)
 .text._ZN5Print5printEdi
                0x000040b0       0x12 C:\Users\B4T\Documents\sloeber-workspace\Pass_Thru_Data_to_Cloud\Release\arduino.ar(Print.cpp.o)
                0x000040b0                Print::print(double, int)
 *fill*         0x000040c2        0x2 
 .text.initiateReset
                0x000040c4       0x14 C:\Users\B4T\Documents\sloeber-workspace\Pass_Thru_Data_to_Cloud\Release\arduino.ar(Reset.cpp.o)
                0x000040c4                initiateReset
 .text.cancelReset
                0x000040d8       0x10 C:\Users\B4T\Documents\sloeber-workspace\Pass_Thru_Data_to_Cloud\Release\arduino.ar(Reset.cpp.o)
                0x000040d8                cancelReset
 .text.tickReset
                0x000040e8       0x78 C:\Users\B4T\Documents\sloeber-workspace\Pass_Thru_Data_to_Cloud\Release\arduino.ar(Reset.cpp.o)
                0x000040e8                tickReset
 .text._ZN6SERCOMC2EP6Sercom
                0x00004160        0x4 C:\Users\B4T\Documents\sloeber-workspace\Pass_Thru_Data_to_Cloud\Release\arduino.ar(SERCOM.cpp.o)
                0x00004160                SERCOM::SERCOM(Sercom*)
                0x00004160                SERCOM::SERCOM(Sercom*)
 .text._ZN6SERCOM9initFrameE18SercomUartCharSize15SercomDataOrder16SercomParityMode19SercomNumberStopBit
                0x00004164       0x3a C:\Users\B4T\Documents\sloeber-workspace\Pass_Thru_Data_to_Cloud\Release\arduino.ar(SERCOM.cpp.o)
                0x00004164                SERCOM::initFrame(SercomUartCharSize, SercomDataOrder, SercomParityMode, SercomNumberStopBit)
 .text._ZN6SERCOM8initPadsE15SercomUartTXPad11SercomRXPad
                0x0000419e       0x26 C:\Users\B4T\Documents\sloeber-workspace\Pass_Thru_Data_to_Cloud\Release\arduino.ar(SERCOM.cpp.o)
                0x0000419e                SERCOM::initPads(SercomUartTXPad, SercomRXPad)
 .text._ZN6SERCOM9resetUARTEv
                0x000041c4       0x1a C:\Users\B4T\Documents\sloeber-workspace\Pass_Thru_Data_to_Cloud\Release\arduino.ar(SERCOM.cpp.o)
                0x000041c4                SERCOM::resetUART()
 .text._ZN6SERCOM10enableUARTEv
                0x000041de       0x14 C:\Users\B4T\Documents\sloeber-workspace\Pass_Thru_Data_to_Cloud\Release\arduino.ar(SERCOM.cpp.o)
                0x000041de                SERCOM::enableUART()
 .text._ZN6SERCOM9flushUARTEv
                0x000041f2       0x10 C:\Users\B4T\Documents\sloeber-workspace\Pass_Thru_Data_to_Cloud\Release\arduino.ar(SERCOM.cpp.o)
                0x000041f2                SERCOM::flushUART()
 .text._ZN6SERCOM15clearStatusUARTEv
                0x00004202        0x8 C:\Users\B4T\Documents\sloeber-workspace\Pass_Thru_Data_to_Cloud\Release\arduino.ar(SERCOM.cpp.o)
                0x00004202                SERCOM::clearStatusUART()
 .text._ZN6SERCOM17availableDataUARTEv
                0x0000420a        0xa C:\Users\B4T\Documents\sloeber-workspace\Pass_Thru_Data_to_Cloud\Release\arduino.ar(SERCOM.cpp.o)
                0x0000420a                SERCOM::availableDataUART()
 .text._ZN6SERCOM11isUARTErrorEv
                0x00004214        0x8 C:\Users\B4T\Documents\sloeber-workspace\Pass_Thru_Data_to_Cloud\Release\arduino.ar(SERCOM.cpp.o)
                0x00004214                SERCOM::isUARTError()
 .text._ZN6SERCOM20acknowledgeUARTErrorEv
                0x0000421c        0xe C:\Users\B4T\Documents\sloeber-workspace\Pass_Thru_Data_to_Cloud\Release\arduino.ar(SERCOM.cpp.o)
                0x0000421c                SERCOM::acknowledgeUARTError()
 .text._ZN6SERCOM16isFrameErrorUARTEv
                0x0000422a        0xa C:\Users\B4T\Documents\sloeber-workspace\Pass_Thru_Data_to_Cloud\Release\arduino.ar(SERCOM.cpp.o)
                0x0000422a                SERCOM::isFrameErrorUART()
 .text._ZN6SERCOM19clearFrameErrorUARTEv
                0x00004234        0xc C:\Users\B4T\Documents\sloeber-workspace\Pass_Thru_Data_to_Cloud\Release\arduino.ar(SERCOM.cpp.o)
                0x00004234                SERCOM::clearFrameErrorUART()
 .text._ZN6SERCOM23isDataRegisterEmptyUARTEv
                0x00004240        0xa C:\Users\B4T\Documents\sloeber-workspace\Pass_Thru_Data_to_Cloud\Release\arduino.ar(SERCOM.cpp.o)
                0x00004240                SERCOM::isDataRegisterEmptyUART()
 .text._ZN6SERCOM12readDataUARTEv
                0x0000424a        0x8 C:\Users\B4T\Documents\sloeber-workspace\Pass_Thru_Data_to_Cloud\Release\arduino.ar(SERCOM.cpp.o)
                0x0000424a                SERCOM::readDataUART()
 .text._ZN6SERCOM13writeDataUARTEh
                0x00004252       0x10 C:\Users\B4T\Documents\sloeber-workspace\Pass_Thru_Data_to_Cloud\Release\arduino.ar(SERCOM.cpp.o)
                0x00004252                SERCOM::writeDataUART(unsigned char)
 .text._ZN6SERCOM36enableDataRegisterEmptyInterruptUARTEv
                0x00004262        0x8 C:\Users\B4T\Documents\sloeber-workspace\Pass_Thru_Data_to_Cloud\Release\arduino.ar(SERCOM.cpp.o)
                0x00004262                SERCOM::enableDataRegisterEmptyInterruptUART()
 .text._ZN6SERCOM37disableDataRegisterEmptyInterruptUARTEv
                0x0000426a        0x8 C:\Users\B4T\Documents\sloeber-workspace\Pass_Thru_Data_to_Cloud\Release\arduino.ar(SERCOM.cpp.o)
                0x0000426a                SERCOM::disableDataRegisterEmptyInterruptUART()
 .text._ZN6SERCOM9resetWIREEv
                0x00004272       0x1a C:\Users\B4T\Documents\sloeber-workspace\Pass_Thru_Data_to_Cloud\Release\arduino.ar(SERCOM.cpp.o)
                0x00004272                SERCOM::resetWIRE()
 .text._ZN6SERCOM10enableWIREEv
                0x0000428c       0x2a C:\Users\B4T\Documents\sloeber-workspace\Pass_Thru_Data_to_Cloud\Release\arduino.ar(SERCOM.cpp.o)
                0x0000428c                SERCOM::enableWIRE()
 .text._ZN6SERCOM11disableWIREEv
                0x000042b6       0x14 C:\Users\B4T\Documents\sloeber-workspace\Pass_Thru_Data_to_Cloud\Release\arduino.ar(SERCOM.cpp.o)
                0x000042b6                SERCOM::disableWIRE()
 *fill*         0x000042ca        0x2 
 .text._ZN6SERCOM22prepareCommandBitsWireEh
                0x000042cc       0x2c C:\Users\B4T\Documents\sloeber-workspace\Pass_Thru_Data_to_Cloud\Release\arduino.ar(SERCOM.cpp.o)
                0x000042cc                SERCOM::prepareCommandBitsWire(unsigned char)
 .text._ZN6SERCOM21startTransmissionWIREEh23SercomWireReadWriteFlag
                0x000042f8       0x84 C:\Users\B4T\Documents\sloeber-workspace\Pass_Thru_Data_to_Cloud\Release\arduino.ar(SERCOM.cpp.o)
                0x000042f8                SERCOM::startTransmissionWIRE(unsigned char, SercomWireReadWriteFlag)
 .text._ZN6SERCOM18sendDataMasterWIREEh
                0x0000437c       0x24 C:\Users\B4T\Documents\sloeber-workspace\Pass_Thru_Data_to_Cloud\Release\arduino.ar(SERCOM.cpp.o)
                0x0000437c                SERCOM::sendDataMasterWIRE(unsigned char)
 .text._ZN6SERCOM13initClockNVICEv
                0x000043a0       0xa8 C:\Users\B4T\Documents\sloeber-workspace\Pass_Thru_Data_to_Cloud\Release\arduino.ar(SERCOM.cpp.o)
                0x000043a0                SERCOM::initClockNVIC()
 .text._ZN6SERCOM8initUARTE14SercomUartMode20SercomUartSampleRatem
                0x00004448       0x6c C:\Users\B4T\Documents\sloeber-workspace\Pass_Thru_Data_to_Cloud\Release\arduino.ar(SERCOM.cpp.o)
                0x00004448                SERCOM::initUART(SercomUartMode, SercomUartSampleRate, unsigned long)
 .text._ZN6SERCOM14initMasterWIREEm
                0x000044b4       0x54 C:\Users\B4T\Documents\sloeber-workspace\Pass_Thru_Data_to_Cloud\Release\arduino.ar(SERCOM.cpp.o)
                0x000044b4                SERCOM::initMasterWIRE(unsigned long)
 .text._ZN4UartcvbEv
                0x00004508        0x4 C:\Users\B4T\Documents\sloeber-workspace\Pass_Thru_Data_to_Cloud\Release\arduino.ar(Uart.cpp.o)
                0x00004508                Uart::operator bool()
 .text._ZN4Uart5beginEm
                0x0000450c       0x10 C:\Users\B4T\Documents\sloeber-workspace\Pass_Thru_Data_to_Cloud\Release\arduino.ar(Uart.cpp.o)
                0x0000450c                Uart::begin(unsigned long)
 .text._ZN4Uart4peekEv
                0x0000451c       0x1a C:\Users\B4T\Documents\sloeber-workspace\Pass_Thru_Data_to_Cloud\Release\arduino.ar(Uart.cpp.o)
                0x0000451c                Uart::peek()
 .text._ZN4Uart3endEv
                0x00004536       0x20 C:\Users\B4T\Documents\sloeber-workspace\Pass_Thru_Data_to_Cloud\Release\arduino.ar(Uart.cpp.o)
                0x00004536                Uart::end()
 .text._ZN4Uart16extractNbStopBitEt
                0x00004556        0xc C:\Users\B4T\Documents\sloeber-workspace\Pass_Thru_Data_to_Cloud\Release\arduino.ar(Uart.cpp.o)
                0x00004556                Uart::extractNbStopBit(unsigned short)
 .text._ZN4Uart15extractCharSizeEt
                0x00004562       0x28 C:\Users\B4T\Documents\sloeber-workspace\Pass_Thru_Data_to_Cloud\Release\arduino.ar(Uart.cpp.o)
                0x00004562                Uart::extractCharSize(unsigned short)
 .text._ZN4Uart13extractParityEt
                0x0000458a       0x14 C:\Users\B4T\Documents\sloeber-workspace\Pass_Thru_Data_to_Cloud\Release\arduino.ar(Uart.cpp.o)
                0x0000458a                Uart::extractParity(unsigned short)
 *fill*         0x0000459e        0x2 
 .text._ZN4Uart5beginEmt
                0x000045a0       0xf8 C:\Users\B4T\Documents\sloeber-workspace\Pass_Thru_Data_to_Cloud\Release\arduino.ar(Uart.cpp.o)
                0x000045a0                Uart::begin(unsigned long, unsigned short)
 .text._ZN11RingBufferNILi256EEC2Ev
                0x00004698       0x1c C:\Users\B4T\Documents\sloeber-workspace\Pass_Thru_Data_to_Cloud\Release\arduino.ar(Uart.cpp.o)
                0x00004698                RingBufferN<256>::RingBufferN()
                0x00004698                RingBufferN<256>::RingBufferN()
 .text._ZN4UartC2EP6SERCOMhh11SercomRXPad15SercomUartTXPadhh
                0x000046b4       0x88 C:\Users\B4T\Documents\sloeber-workspace\Pass_Thru_Data_to_Cloud\Release\arduino.ar(Uart.cpp.o)
                0x000046b4                Uart::Uart(SERCOM*, unsigned char, unsigned char, SercomRXPad, SercomUartTXPad, unsigned char, unsigned char)
                0x000046b4                Uart::Uart(SERCOM*, unsigned char, unsigned char, SercomRXPad, SercomUartTXPad, unsigned char, unsigned char)
 .text._ZN4UartC2EP6SERCOMhh11SercomRXPad15SercomUartTXPad
                0x0000473c       0x74 C:\Users\B4T\Documents\sloeber-workspace\Pass_Thru_Data_to_Cloud\Release\arduino.ar(Uart.cpp.o)
                0x0000473c                Uart::Uart(SERCOM*, unsigned char, unsigned char, SercomRXPad, SercomUartTXPad)
                0x0000473c                Uart::Uart(SERCOM*, unsigned char, unsigned char, SercomRXPad, SercomUartTXPad)
 .text._ZN11RingBufferNILi256EE9availableEv
                0x000047b0       0x12 C:\Users\B4T\Documents\sloeber-workspace\Pass_Thru_Data_to_Cloud\Release\arduino.ar(Uart.cpp.o)
                0x000047b0                RingBufferN<256>::available()
 .text._ZN4Uart5flushEv
                0x000047c2       0x1a C:\Users\B4T\Documents\sloeber-workspace\Pass_Thru_Data_to_Cloud\Release\arduino.ar(Uart.cpp.o)
                0x000047c2                Uart::flush()
 .text._ZN4Uart9availableEv
                0x000047dc        0xa C:\Users\B4T\Documents\sloeber-workspace\Pass_Thru_Data_to_Cloud\Release\arduino.ar(Uart.cpp.o)
                0x000047dc                Uart::available()
 .text._ZN11RingBufferNILi256EE17availableForStoreEv
                0x000047e6       0x20 C:\Users\B4T\Documents\sloeber-workspace\Pass_Thru_Data_to_Cloud\Release\arduino.ar(Uart.cpp.o)
                0x000047e6                RingBufferN<256>::availableForStore()
 .text._ZN4Uart17availableForWriteEv
                0x00004806        0xc C:\Users\B4T\Documents\sloeber-workspace\Pass_Thru_Data_to_Cloud\Release\arduino.ar(Uart.cpp.o)
                0x00004806                Uart::availableForWrite()
 .text._ZN4Uart10IrqHandlerEv
                0x00004812       0xcc C:\Users\B4T\Documents\sloeber-workspace\Pass_Thru_Data_to_Cloud\Release\arduino.ar(Uart.cpp.o)
                0x00004812                Uart::IrqHandler()
 *fill*         0x000048de        0x2 
 .text._ZN4Uart5writeEh
                0x000048e0       0xb4 C:\Users\B4T\Documents\sloeber-workspace\Pass_Thru_Data_to_Cloud\Release\arduino.ar(Uart.cpp.o)
                0x000048e0                Uart::write(unsigned char)
 .text._ZN4Uart4readEv
                0x00004994       0x4c C:\Users\B4T\Documents\sloeber-workspace\Pass_Thru_Data_to_Cloud\Release\arduino.ar(Uart.cpp.o)
                0x00004994                Uart::read()
 .text._ZN6StringD2Ev
                0x000049e0       0x12 C:\Users\B4T\Documents\sloeber-workspace\Pass_Thru_Data_to_Cloud\Release\arduino.ar(WString.cpp.o)
                0x000049e0                String::~String()
                0x000049e0                String::~String()
 .text._ZN6String10invalidateEv
                0x000049f2       0x18 C:\Users\B4T\Documents\sloeber-workspace\Pass_Thru_Data_to_Cloud\Release\arduino.ar(WString.cpp.o)
                0x000049f2                String::invalidate()
 .text._ZN6String12changeBufferEj
                0x00004a0a       0x18 C:\Users\B4T\Documents\sloeber-workspace\Pass_Thru_Data_to_Cloud\Release\arduino.ar(WString.cpp.o)
                0x00004a0a                String::changeBuffer(unsigned int)
 .text._ZN6String7reserveEj
                0x00004a22       0x2a C:\Users\B4T\Documents\sloeber-workspace\Pass_Thru_Data_to_Cloud\Release\arduino.ar(WString.cpp.o)
                0x00004a22                String::reserve(unsigned int)
 .text._ZN6String4copyEPKcj
                0x00004a4c       0x28 C:\Users\B4T\Documents\sloeber-workspace\Pass_Thru_Data_to_Cloud\Release\arduino.ar(WString.cpp.o)
                0x00004a4c                String::copy(char const*, unsigned int)
 .text._ZN6StringC2EPKc
                0x00004a74       0x26 C:\Users\B4T\Documents\sloeber-workspace\Pass_Thru_Data_to_Cloud\Release\arduino.ar(WString.cpp.o)
                0x00004a74                String::String(char const*)
                0x00004a74                String::String(char const*)
 .text._ZN6StringaSEPKc.part.3
                0x00004a9a       0x18 C:\Users\B4T\Documents\sloeber-workspace\Pass_Thru_Data_to_Cloud\Release\arduino.ar(WString.cpp.o)
 .text._ZN6StringC2Eih
                0x00004ab2       0x24 C:\Users\B4T\Documents\sloeber-workspace\Pass_Thru_Data_to_Cloud\Release\arduino.ar(WString.cpp.o)
                0x00004ab2                String::String(int, unsigned char)
                0x00004ab2                String::String(int, unsigned char)
 .text._ZN6StringaSERKS_
                0x00004ad6       0x20 C:\Users\B4T\Documents\sloeber-workspace\Pass_Thru_Data_to_Cloud\Release\arduino.ar(WString.cpp.o)
                0x00004ad6                String::operator=(String const&)
 .text._ZN6StringC2ERKS_
                0x00004af6       0x14 C:\Users\B4T\Documents\sloeber-workspace\Pass_Thru_Data_to_Cloud\Release\arduino.ar(WString.cpp.o)
                0x00004af6                String::String(String const&)
                0x00004af6                String::String(String const&)
 .text._ZN6StringaSEPKc
                0x00004b0a       0x16 C:\Users\B4T\Documents\sloeber-workspace\Pass_Thru_Data_to_Cloud\Release\arduino.ar(WString.cpp.o)
                0x00004b0a                String::operator=(char const*)
 .text._ZN6StringC2Efh
                0x00004b20       0x34 C:\Users\B4T\Documents\sloeber-workspace\Pass_Thru_Data_to_Cloud\Release\arduino.ar(WString.cpp.o)
                0x00004b20                String::String(float, unsigned char)
                0x00004b20                String::String(float, unsigned char)
 .text._ZN6String6concatEPKcj
                0x00004b54       0x32 C:\Users\B4T\Documents\sloeber-workspace\Pass_Thru_Data_to_Cloud\Release\arduino.ar(WString.cpp.o)
                0x00004b54                String::concat(char const*, unsigned int)
 .text._ZplRK15StringSumHelperRK6String
                0x00004b86       0x1a C:\Users\B4T\Documents\sloeber-workspace\Pass_Thru_Data_to_Cloud\Release\arduino.ar(WString.cpp.o)
                0x00004b86                operator+(StringSumHelper const&, String const&)
 .text._ZplRK15StringSumHelperPKc
                0x00004ba0       0x28 C:\Users\B4T\Documents\sloeber-workspace\Pass_Thru_Data_to_Cloud\Release\arduino.ar(WString.cpp.o)
                0x00004ba0                operator+(StringSumHelper const&, char const*)
 .text.Dummy_Handler
                0x00004bc8        0x2 C:\Users\B4T\Documents\sloeber-workspace\Pass_Thru_Data_to_Cloud\Release\arduino.ar(cortex_handlers.c.o)
                0x00004bc8                DMAC_Handler
                0x00004bc8                HardFault_Handler
                0x00004bc8                AC_Handler
                0x00004bc8                PendSV_Handler
                0x00004bc8                NMI_Handler
                0x00004bc8                TC7_Handler
                0x00004bc8                SERCOM1_Handler
                0x00004bc8                ADC_Handler
                0x00004bc8                TCC1_Handler
                0x00004bc8                SERCOM2_Handler
                0x00004bc8                TCC0_Handler
                0x00004bc8                RTC_Handler
                0x00004bc8                EIC_Handler
                0x00004bc8                TC6_Handler
                0x00004bc8                WDT_Handler
                0x00004bc8                TC4_Handler
                0x00004bc8                TC3_Handler
                0x00004bc8                Dummy_Handler
                0x00004bc8                PM_Handler
                0x00004bc8                SVC_Handler
                0x00004bc8                TCC2_Handler
                0x00004bc8                EVSYS_Handler
                0x00004bc8                SERCOM3_Handler
                0x00004bc8                I2S_Handler
                0x00004bc8                NVMCTRL_Handler
                0x00004bc8                SERCOM0_Handler
                0x00004bc8                DAC_Handler
                0x00004bc8                PTC_Handler
                0x00004bc8                SYSCTRL_Handler
 *fill*         0x00004bca        0x2 
 .text.USB_Handler
                0x00004bcc       0x14 C:\Users\B4T\Documents\sloeber-workspace\Pass_Thru_Data_to_Cloud\Release\arduino.ar(cortex_handlers.c.o)
                0x00004bcc                USB_Handler
 .text.Reset_Handler
                0x00004be0       0x54 C:\Users\B4T\Documents\sloeber-workspace\Pass_Thru_Data_to_Cloud\Release\arduino.ar(cortex_handlers.c.o)
                0x00004be0                Reset_Handler
 .text.SysTick_Handler
                0x00004c34       0x10 C:\Users\B4T\Documents\sloeber-workspace\Pass_Thru_Data_to_Cloud\Release\arduino.ar(cortex_handlers.c.o)
                0x00004c34                SysTick_Handler
 .text.USB_SetHandler
                0x00004c44        0xc C:\Users\B4T\Documents\sloeber-workspace\Pass_Thru_Data_to_Cloud\Release\arduino.ar(cortex_handlers.c.o)
                0x00004c44                USB_SetHandler
 .text.millis   0x00004c50        0xc C:\Users\B4T\Documents\sloeber-workspace\Pass_Thru_Data_to_Cloud\Release\arduino.ar(delay.c.o)
                0x00004c50                millis
 .text.micros   0x00004c5c       0x60 C:\Users\B4T\Documents\sloeber-workspace\Pass_Thru_Data_to_Cloud\Release\arduino.ar(delay.c.o)
                0x00004c5c                micros
 .text.delay    0x00004cbc       0x30 C:\Users\B4T\Documents\sloeber-workspace\Pass_Thru_Data_to_Cloud\Release\arduino.ar(delay.c.o)
                0x00004cbc                delay
 .text.SysTick_DefaultHandler
                0x00004cec       0x14 C:\Users\B4T\Documents\sloeber-workspace\Pass_Thru_Data_to_Cloud\Release\arduino.ar(delay.c.o)
                0x00004cec                SysTick_DefaultHandler
 .text.__empty  0x00004d00        0x2 C:\Users\B4T\Documents\sloeber-workspace\Pass_Thru_Data_to_Cloud\Release\arduino.ar(hooks.c.o)
                0x00004d00                yield
 .text.__false  0x00004d02        0x4 C:\Users\B4T\Documents\sloeber-workspace\Pass_Thru_Data_to_Cloud\Release\arduino.ar(hooks.c.o)
                0x00004d02                sysTickHook
 .text.ltoa     0x00004d06       0x72 C:\Users\B4T\Documents\sloeber-workspace\Pass_Thru_Data_to_Cloud\Release\arduino.ar(itoa.c.o)
                0x00004d06                ltoa
 .text.itoa     0x00004d78        0x8 C:\Users\B4T\Documents\sloeber-workspace\Pass_Thru_Data_to_Cloud\Release\arduino.ar(itoa.c.o)
                0x00004d78                itoa
 .text.startup.main
                0x00004d80       0x40 C:\Users\B4T\Documents\sloeber-workspace\Pass_Thru_Data_to_Cloud\Release\arduino.ar(main.cpp.o)
                0x00004d80                main
 .text._Znwj    0x00004dc0        0x8 C:\Users\B4T\Documents\sloeber-workspace\Pass_Thru_Data_to_Cloud\Release\arduino.ar(new.cpp.o)
                0x00004dc0                operator new(unsigned int)
 .text._ZdlPv   0x00004dc8        0x8 C:\Users\B4T\Documents\sloeber-workspace\Pass_Thru_Data_to_Cloud\Release\arduino.ar(new.cpp.o)
                0x00004dc8                operator delete(void*)
 .text.SystemInit
                0x00004dd0      0x160 C:\Users\B4T\Documents\sloeber-workspace\Pass_Thru_Data_to_Cloud\Release\arduino.ar(startup.c.o)
                0x00004dd0                SystemInit
 .text.init     0x00004f30       0xf0 C:\Users\B4T\Documents\sloeber-workspace\Pass_Thru_Data_to_Cloud\Release\arduino.ar(wiring.c.o)
                0x00004f30                init
 .text.mapResolution
                0x00005020       0x12 C:\Users\B4T\Documents\sloeber-workspace\Pass_Thru_Data_to_Cloud\Release\arduino.ar(wiring_analog.c.o)
 *fill*         0x00005032        0x2 
 .text.analogReference
                0x00005034       0x64 C:\Users\B4T\Documents\sloeber-workspace\Pass_Thru_Data_to_Cloud\Release\arduino.ar(wiring_analog.c.o)
                0x00005034                analogReference
 .text.analogRead
                0x00005098       0xd8 C:\Users\B4T\Documents\sloeber-workspace\Pass_Thru_Data_to_Cloud\Release\arduino.ar(wiring_analog.c.o)
                0x00005098                analogRead
 .text.pinMode  0x00005170       0x98 C:\Users\B4T\Documents\sloeber-workspace\Pass_Thru_Data_to_Cloud\Release\arduino.ar(wiring_digital.c.o)
                0x00005170                pinMode
 .text.digitalWrite
                0x00005208       0x58 C:\Users\B4T\Documents\sloeber-workspace\Pass_Thru_Data_to_Cloud\Release\arduino.ar(wiring_digital.c.o)
                0x00005208                digitalWrite
 .text.pinPeripheral
                0x00005260       0xc0 C:\Users\B4T\Documents\sloeber-workspace\Pass_Thru_Data_to_Cloud\Release\arduino.ar(wiring_private.c.o)
                0x00005260                pinPeripheral
 .text.dtostrf  0x00005320       0x28 C:\Users\B4T\Documents\sloeber-workspace\Pass_Thru_Data_to_Cloud\Release\arduino.ar(dtostrf.c.o)
                0x00005320                dtostrf
 .text          0x00005348       0x14 c:/users/b4t/downloads/sloeber-ide-v4.4.3-win32.win32.x86_64/sloeber/arduinoplugin/packages/arduino/tools/arm-none-eabi-gcc/7-2017q4/bin/../lib/gcc/arm-none-eabi/7.2.1/thumb/v6-m\libgcc.a(_thumb1_case_uqi.o)
                0x00005348                __gnu_thumb1_case_uqi
 .text          0x0000535c      0x114 c:/users/b4t/downloads/sloeber-ide-v4.4.3-win32.win32.x86_64/sloeber/arduinoplugin/packages/arduino/tools/arm-none-eabi-gcc/7-2017q4/bin/../lib/gcc/arm-none-eabi/7.2.1/thumb/v6-m\libgcc.a(_udivsi3.o)
                0x0000535c                __aeabi_uidiv
                0x0000535c                __udivsi3
                0x00005468                __aeabi_uidivmod
 .text          0x00005470      0x1d4 c:/users/b4t/downloads/sloeber-ide-v4.4.3-win32.win32.x86_64/sloeber/arduinoplugin/packages/arduino/tools/arm-none-eabi-gcc/7-2017q4/bin/../lib/gcc/arm-none-eabi/7.2.1/thumb/v6-m\libgcc.a(_divsi3.o)
                0x00005470                __divsi3
                0x00005470                __aeabi_idiv
                0x0000563c                __aeabi_idivmod
 .text          0x00005644        0x4 c:/users/b4t/downloads/sloeber-ide-v4.4.3-win32.win32.x86_64/sloeber/arduinoplugin/packages/arduino/tools/arm-none-eabi-gcc/7-2017q4/bin/../lib/gcc/arm-none-eabi/7.2.1/thumb/v6-m\libgcc.a(_dvmd_tls.o)
                0x00005644                __aeabi_idiv0
                0x00005644                __aeabi_ldiv0
 .text          0x00005648       0x7c c:/users/b4t/downloads/sloeber-ide-v4.4.3-win32.win32.x86_64/sloeber/arduinoplugin/packages/arduino/tools/arm-none-eabi-gcc/7-2017q4/bin/../lib/gcc/arm-none-eabi/7.2.1/thumb/v6-m\libgcc.a(_arm_cmpdf2.o)
                0x00005648                __aeabi_cdrcmple
                0x00005658                __aeabi_cdcmple
                0x00005658                __aeabi_cdcmpeq
                0x00005668                __aeabi_dcmpeq
                0x00005674                __aeabi_dcmplt
                0x00005688                __aeabi_dcmple
                0x0000569c                __aeabi_dcmpgt
                0x000056b0                __aeabi_dcmpge
 .text          0x000056c4       0x3c c:/users/b4t/downloads/sloeber-ide-v4.4.3-win32.win32.x86_64/sloeber/arduinoplugin/packages/arduino/tools/arm-none-eabi-gcc/7-2017q4/bin/../lib/gcc/arm-none-eabi/7.2.1/thumb/v6-m\libgcc.a(_fixunsdfsi.o)
                0x000056c4                __aeabi_d2uiz
                0x000056c4                __fixunsdfsi
 .text          0x00005700      0x638 c:/users/b4t/downloads/sloeber-ide-v4.4.3-win32.win32.x86_64/sloeber/arduinoplugin/packages/arduino/tools/arm-none-eabi-gcc/7-2017q4/bin/../lib/gcc/arm-none-eabi/7.2.1/thumb/v6-m\libgcc.a(adddf3.o)
                0x00005700                __aeabi_dadd
 .text          0x00005d38      0x604 c:/users/b4t/downloads/sloeber-ide-v4.4.3-win32.win32.x86_64/sloeber/arduinoplugin/packages/arduino/tools/arm-none-eabi-gcc/7-2017q4/bin/../lib/gcc/arm-none-eabi/7.2.1/thumb/v6-m\libgcc.a(divdf3.o)
                0x00005d38                __aeabi_ddiv
 .text          0x0000633c       0x78 c:/users/b4t/downloads/sloeber-ide-v4.4.3-win32.win32.x86_64/sloeber/arduinoplugin/packages/arduino/tools/arm-none-eabi-gcc/7-2017q4/bin/../lib/gcc/arm-none-eabi/7.2.1/thumb/v6-m\libgcc.a(eqdf2.o)
                0x0000633c                __nedf2
                0x0000633c                __eqdf2
 .text          0x000063b4       0xc8 c:/users/b4t/downloads/sloeber-ide-v4.4.3-win32.win32.x86_64/sloeber/arduinoplugin/packages/arduino/tools/arm-none-eabi-gcc/7-2017q4/bin/../lib/gcc/arm-none-eabi/7.2.1/thumb/v6-m\libgcc.a(gedf2.o)
                0x000063b4                __gedf2
                0x000063b4                __gtdf2
 .text          0x0000647c       0xd0 c:/users/b4t/downloads/sloeber-ide-v4.4.3-win32.win32.x86_64/sloeber/arduinoplugin/packages/arduino/tools/arm-none-eabi-gcc/7-2017q4/bin/../lib/gcc/arm-none-eabi/7.2.1/thumb/v6-m\libgcc.a(ledf2.o)
                0x0000647c                __ledf2
                0x0000647c                __ltdf2
 .text          0x0000654c      0x4e4 c:/users/b4t/downloads/sloeber-ide-v4.4.3-win32.win32.x86_64/sloeber/arduinoplugin/packages/arduino/tools/arm-none-eabi-gcc/7-2017q4/bin/../lib/gcc/arm-none-eabi/7.2.1/thumb/v6-m\libgcc.a(muldf3.o)
                0x0000654c                __aeabi_dmul
 .text          0x00006a30      0x690 c:/users/b4t/downloads/sloeber-ide-v4.4.3-win32.win32.x86_64/sloeber/arduinoplugin/packages/arduino/tools/arm-none-eabi-gcc/7-2017q4/bin/../lib/gcc/arm-none-eabi/7.2.1/thumb/v6-m\libgcc.a(subdf3.o)
                0x00006a30                __aeabi_dsub
 .text          0x000070c0       0x38 c:/users/b4t/downloads/sloeber-ide-v4.4.3-win32.win32.x86_64/sloeber/arduinoplugin/packages/arduino/tools/arm-none-eabi-gcc/7-2017q4/bin/../lib/gcc/arm-none-eabi/7.2.1/thumb/v6-m\libgcc.a(unorddf2.o)
                0x000070c0                __aeabi_dcmpun
 .text          0x000070f8       0x6c c:/users/b4t/downloads/sloeber-ide-v4.4.3-win32.win32.x86_64/sloeber/arduinoplugin/packages/arduino/tools/arm-none-eabi-gcc/7-2017q4/bin/../lib/gcc/arm-none-eabi/7.2.1/thumb/v6-m\libgcc.a(fixdfsi.o)
                0x000070f8                __aeabi_d2iz
 .text          0x00007164       0x64 c:/users/b4t/downloads/sloeber-ide-v4.4.3-win32.win32.x86_64/sloeber/arduinoplugin/packages/arduino/tools/arm-none-eabi-gcc/7-2017q4/bin/../lib/gcc/arm-none-eabi/7.2.1/thumb/v6-m\libgcc.a(floatunsidf.o)
                0x00007164                __aeabi_ui2d
 .text          0x000071c8       0xa4 c:/users/b4t/downloads/sloeber-ide-v4.4.3-win32.win32.x86_64/sloeber/arduinoplugin/packages/arduino/tools/arm-none-eabi-gcc/7-2017q4/bin/../lib/gcc/arm-none-eabi/7.2.1/thumb/v6-m\libgcc.a(extendsfdf2.o)
                0x000071c8                __aeabi_f2d
 .text          0x0000726c      0x108 c:/users/b4t/downloads/sloeber-ide-v4.4.3-win32.win32.x86_64/sloeber/arduinoplugin/packages/arduino/tools/arm-none-eabi-gcc/7-2017q4/bin/../lib/gcc/arm-none-eabi/7.2.1/thumb/v6-m\libgcc.a(truncdfsf2.o)
                0x0000726c                __aeabi_d2f
 .text          0x00007374       0x3c c:/users/b4t/downloads/sloeber-ide-v4.4.3-win32.win32.x86_64/sloeber/arduinoplugin/packages/arduino/tools/arm-none-eabi-gcc/7-2017q4/bin/../lib/gcc/arm-none-eabi/7.2.1/thumb/v6-m\libgcc.a(_clzsi2.o)
                0x00007374                __clzsi2
 .text.atof     0x000073b0        0xa c:/users/b4t/downloads/sloeber-ide-v4.4.3-win32.win32.x86_64/sloeber/arduinoplugin/packages/arduino/tools/arm-none-eabi-gcc/7-2017q4/bin/../lib/gcc/arm-none-eabi/7.2.1/../../../../arm-none-eabi/lib/thumb/v6-m\libc_nano.a(lib_a-atof.o)
                0x000073b0                atof
 .text.atoi     0x000073ba        0xc c:/users/b4t/downloads/sloeber-ide-v4.4.3-win32.win32.x86_64/sloeber/arduinoplugin/packages/arduino/tools/arm-none-eabi-gcc/7-2017q4/bin/../lib/gcc/arm-none-eabi/7.2.1/../../../../arm-none-eabi/lib/thumb/v6-m\libc_nano.a(lib_a-atoi.o)
                0x000073ba                atoi
 *fill*         0x000073c6        0x2 
 .text.__libc_init_array
                0x000073c8       0x48 c:/users/b4t/downloads/sloeber-ide-v4.4.3-win32.win32.x86_64/sloeber/arduinoplugin/packages/arduino/tools/arm-none-eabi-gcc/7-2017q4/bin/../lib/gcc/arm-none-eabi/7.2.1/../../../../arm-none-eabi/lib/thumb/v6-m\libc_nano.a(lib_a-init.o)
                0x000073c8                __libc_init_array
 .text.__locale_ctype_ptr_l
                0x00007410        0x6 c:/users/b4t/downloads/sloeber-ide-v4.4.3-win32.win32.x86_64/sloeber/arduinoplugin/packages/arduino/tools/arm-none-eabi-gcc/7-2017q4/bin/../lib/gcc/arm-none-eabi/7.2.1/../../../../arm-none-eabi/lib/thumb/v6-m\libc_nano.a(lib_a-locale.o)
                0x00007410                __locale_ctype_ptr_l
 *fill*         0x00007416        0x2 
 .text.malloc   0x00007418       0x14 c:/users/b4t/downloads/sloeber-ide-v4.4.3-win32.win32.x86_64/sloeber/arduinoplugin/packages/arduino/tools/arm-none-eabi-gcc/7-2017q4/bin/../lib/gcc/arm-none-eabi/7.2.1/../../../../arm-none-eabi/lib/thumb/v6-m\libc_nano.a(lib_a-malloc.o)
                0x00007418                malloc
 .text.free     0x0000742c       0x14 c:/users/b4t/downloads/sloeber-ide-v4.4.3-win32.win32.x86_64/sloeber/arduinoplugin/packages/arduino/tools/arm-none-eabi-gcc/7-2017q4/bin/../lib/gcc/arm-none-eabi/7.2.1/../../../../arm-none-eabi/lib/thumb/v6-m\libc_nano.a(lib_a-malloc.o)
                0x0000742c                free
 .text.__ascii_mbtowc
                0x00007440       0x24 c:/users/b4t/downloads/sloeber-ide-v4.4.3-win32.win32.x86_64/sloeber/arduinoplugin/packages/arduino/tools/arm-none-eabi-gcc/7-2017q4/bin/../lib/gcc/arm-none-eabi/7.2.1/../../../../arm-none-eabi/lib/thumb/v6-m\libc_nano.a(lib_a-mbtowc_r.o)
                0x00007440                __ascii_mbtowc
 .text.memcpy   0x00007464       0x12 c:/users/b4t/downloads/sloeber-ide-v4.4.3-win32.win32.x86_64/sloeber/arduinoplugin/packages/arduino/tools/arm-none-eabi-gcc/7-2017q4/bin/../lib/gcc/arm-none-eabi/7.2.1/../../../../arm-none-eabi/lib/thumb/v6-m\libc_nano.a(lib_a-memcpy-stub.o)
                0x00007464                memcpy
 .text.memmove  0x00007476       0x26 c:/users/b4t/downloads/sloeber-ide-v4.4.3-win32.win32.x86_64/sloeber/arduinoplugin/packages/arduino/tools/arm-none-eabi-gcc/7-2017q4/bin/../lib/gcc/arm-none-eabi/7.2.1/../../../../arm-none-eabi/lib/thumb/v6-m\libc_nano.a(lib_a-memmove.o)
                0x00007476                memmove
 .text.memset   0x0000749c       0x10 c:/users/b4t/downloads/sloeber-ide-v4.4.3-win32.win32.x86_64/sloeber/arduinoplugin/packages/arduino/tools/arm-none-eabi-gcc/7-2017q4/bin/../lib/gcc/arm-none-eabi/7.2.1/../../../../arm-none-eabi/lib/thumb/v6-m\libc_nano.a(lib_a-memset.o)
                0x0000749c                memset
 .text._free_r  0x000074ac       0x94 c:/users/b4t/downloads/sloeber-ide-v4.4.3-win32.win32.x86_64/sloeber/arduinoplugin/packages/arduino/tools/arm-none-eabi-gcc/7-2017q4/bin/../lib/gcc/arm-none-eabi/7.2.1/../../../../arm-none-eabi/lib/thumb/v6-m\libc_nano.a(lib_a-nano-freer.o)
                0x000074ac                _free_r
 .text._malloc_r
                0x00007540       0xbc c:/users/b4t/downloads/sloeber-ide-v4.4.3-win32.win32.x86_64/sloeber/arduinoplugin/packages/arduino/tools/arm-none-eabi-gcc/7-2017q4/bin/../lib/gcc/arm-none-eabi/7.2.1/../../../../arm-none-eabi/lib/thumb/v6-m\libc_nano.a(lib_a-nano-mallocr.o)
                0x00007540                _malloc_r
 .text.__cvt    0x000075fc       0xc8 c:/users/b4t/downloads/sloeber-ide-v4.4.3-win32.win32.x86_64/sloeber/arduinoplugin/packages/arduino/tools/arm-none-eabi-gcc/7-2017q4/bin/../lib/gcc/arm-none-eabi/7.2.1/../../../../arm-none-eabi/lib/thumb/v6-m\libc_nano.a(lib_a-nano-vfprintf_float.o)
                0x000075fc                __cvt
 .text.__exponent
                0x000076c4       0x70 c:/users/b4t/downloads/sloeber-ide-v4.4.3-win32.win32.x86_64/sloeber/arduinoplugin/packages/arduino/tools/arm-none-eabi-gcc/7-2017q4/bin/../lib/gcc/arm-none-eabi/7.2.1/../../../../arm-none-eabi/lib/thumb/v6-m\libc_nano.a(lib_a-nano-vfprintf_float.o)
                0x000076c4                __exponent
 .text._printf_float
                0x00007734      0x498 c:/users/b4t/downloads/sloeber-ide-v4.4.3-win32.win32.x86_64/sloeber/arduinoplugin/packages/arduino/tools/arm-none-eabi-gcc/7-2017q4/bin/../lib/gcc/arm-none-eabi/7.2.1/../../../../arm-none-eabi/lib/thumb/v6-m\libc_nano.a(lib_a-nano-vfprintf_float.o)
                0x00007734                _printf_float
 .text._printf_common
                0x00007bcc       0xda c:/users/b4t/downloads/sloeber-ide-v4.4.3-win32.win32.x86_64/sloeber/arduinoplugin/packages/arduino/tools/arm-none-eabi-gcc/7-2017q4/bin/../lib/gcc/arm-none-eabi/7.2.1/../../../../arm-none-eabi/lib/thumb/v6-m\libc_nano.a(lib_a-nano-vfprintf_i.o)
                0x00007bcc                _printf_common
 *fill*         0x00007ca6        0x2 
 .text._printf_i
                0x00007ca8      0x210 c:/users/b4t/downloads/sloeber-ide-v4.4.3-win32.win32.x86_64/sloeber/arduinoplugin/packages/arduino/tools/arm-none-eabi-gcc/7-2017q4/bin/../lib/gcc/arm-none-eabi/7.2.1/../../../../arm-none-eabi/lib/thumb/v6-m\libc_nano.a(lib_a-nano-vfprintf_i.o)
                0x00007ca8                _printf_i
 .text.realloc  0x00007eb8       0x14 c:/users/b4t/downloads/sloeber-ide-v4.4.3-win32.win32.x86_64/sloeber/arduinoplugin/packages/arduino/tools/arm-none-eabi-gcc/7-2017q4/bin/../lib/gcc/arm-none-eabi/7.2.1/../../../../arm-none-eabi/lib/thumb/v6-m\libc_nano.a(lib_a-realloc.o)
                0x00007eb8                realloc
 .text._sbrk_r  0x00007ecc       0x24 c:/users/b4t/downloads/sloeber-ide-v4.4.3-win32.win32.x86_64/sloeber/arduinoplugin/packages/arduino/tools/arm-none-eabi-gcc/7-2017q4/bin/../lib/gcc/arm-none-eabi/7.2.1/../../../../arm-none-eabi/lib/thumb/v6-m\libc_nano.a(lib_a-sbrkr.o)
                0x00007ecc                _sbrk_r
 .text.sprintf  0x00007ef0       0x40 c:/users/b4t/downloads/sloeber-ide-v4.4.3-win32.win32.x86_64/sloeber/arduinoplugin/packages/arduino/tools/arm-none-eabi-gcc/7-2017q4/bin/../lib/gcc/arm-none-eabi/7.2.1/../../../../arm-none-eabi/lib/thumb/v6-m\libc_nano.a(lib_a-sprintf.o)
                0x00007ef0                siprintf
                0x00007ef0                sprintf
 .text          0x00007f30       0x14 c:/users/b4t/downloads/sloeber-ide-v4.4.3-win32.win32.x86_64/sloeber/arduinoplugin/packages/arduino/tools/arm-none-eabi-gcc/7-2017q4/bin/../lib/gcc/arm-none-eabi/7.2.1/../../../../arm-none-eabi/lib/thumb/v6-m\libc_nano.a(lib_a-strcmp.o)
                0x00007f30                strcmp
 .text.strcpy   0x00007f44       0x10 c:/users/b4t/downloads/sloeber-ide-v4.4.3-win32.win32.x86_64/sloeber/arduinoplugin/packages/arduino/tools/arm-none-eabi-gcc/7-2017q4/bin/../lib/gcc/arm-none-eabi/7.2.1/../../../../arm-none-eabi/lib/thumb/v6-m\libc_nano.a(lib_a-strcpy.o)
                0x00007f44                strcpy
 .text          0x00007f54        0xe c:/users/b4t/downloads/sloeber-ide-v4.4.3-win32.win32.x86_64/sloeber/arduinoplugin/packages/arduino/tools/arm-none-eabi-gcc/7-2017q4/bin/../lib/gcc/arm-none-eabi/7.2.1/../../../../arm-none-eabi/lib/thumb/v6-m\libc_nano.a(lib_a-strlen.o)
                0x00007f54                strlen
 .text.strncmp  0x00007f62       0x22 c:/users/b4t/downloads/sloeber-ide-v4.4.3-win32.win32.x86_64/sloeber/arduinoplugin/packages/arduino/tools/arm-none-eabi-gcc/7-2017q4/bin/../lib/gcc/arm-none-eabi/7.2.1/../../../../arm-none-eabi/lib/thumb/v6-m\libc_nano.a(lib_a-strncmp.o)
                0x00007f62                strncmp
 .text.unlikely.sulp
                0x00007f84       0x30 c:/users/b4t/downloads/sloeber-ide-v4.4.3-win32.win32.x86_64/sloeber/arduinoplugin/packages/arduino/tools/arm-none-eabi-gcc/7-2017q4/bin/../lib/gcc/arm-none-eabi/7.2.1/../../../../arm-none-eabi/lib/thumb/v6-m\libc_nano.a(lib_a-strtod.o)
 .text._strtod_l
                0x00007fb4      0xc50 c:/users/b4t/downloads/sloeber-ide-v4.4.3-win32.win32.x86_64/sloeber/arduinoplugin/packages/arduino/tools/arm-none-eabi-gcc/7-2017q4/bin/../lib/gcc/arm-none-eabi/7.2.1/../../../../arm-none-eabi/lib/thumb/v6-m\libc_nano.a(lib_a-strtod.o)
                0x00007fb4                _strtod_l
 .text.strtod   0x00008c04       0x24 c:/users/b4t/downloads/sloeber-ide-v4.4.3-win32.win32.x86_64/sloeber/arduinoplugin/packages/arduino/tools/arm-none-eabi-gcc/7-2017q4/bin/../lib/gcc/arm-none-eabi/7.2.1/../../../../arm-none-eabi/lib/thumb/v6-m\libc_nano.a(lib_a-strtod.o)
                0x00008c04                strtod
 .text._strtol_l.isra.0
                0x00008c28      0x104 c:/users/b4t/downloads/sloeber-ide-v4.4.3-win32.win32.x86_64/sloeber/arduinoplugin/packages/arduino/tools/arm-none-eabi-gcc/7-2017q4/bin/../lib/gcc/arm-none-eabi/7.2.1/../../../../arm-none-eabi/lib/thumb/v6-m\libc_nano.a(lib_a-strtol.o)
 .text.strtol   0x00008d2c       0x28 c:/users/b4t/downloads/sloeber-ide-v4.4.3-win32.win32.x86_64/sloeber/arduinoplugin/packages/arduino/tools/arm-none-eabi-gcc/7-2017q4/bin/../lib/gcc/arm-none-eabi/7.2.1/../../../../arm-none-eabi/lib/thumb/v6-m\libc_nano.a(lib_a-strtol.o)
                0x00008d2c                strtol
 .text.__ascii_wctomb
                0x00008d54       0x18 c:/users/b4t/downloads/sloeber-ide-v4.4.3-win32.win32.x86_64/sloeber/arduinoplugin/packages/arduino/tools/arm-none-eabi-gcc/7-2017q4/bin/../lib/gcc/arm-none-eabi/7.2.1/../../../../arm-none-eabi/lib/thumb/v6-m\libc_nano.a(lib_a-wctomb_r.o)
                0x00008d54                __ascii_wctomb
 .text.quorem   0x00008d6c      0x10c c:/users/b4t/downloads/sloeber-ide-v4.4.3-win32.win32.x86_64/sloeber/arduinoplugin/packages/arduino/tools/arm-none-eabi-gcc/7-2017q4/bin/../lib/gcc/arm-none-eabi/7.2.1/../../../../arm-none-eabi/lib/thumb/v6-m\libc_nano.a(lib_a-dtoa.o)
 .text._dtoa_r  0x00008e78      0xbc0 c:/users/b4t/downloads/sloeber-ide-v4.4.3-win32.win32.x86_64/sloeber/arduinoplugin/packages/arduino/tools/arm-none-eabi-gcc/7-2017q4/bin/../lib/gcc/arm-none-eabi/7.2.1/../../../../arm-none-eabi/lib/thumb/v6-m\libc_nano.a(lib_a-dtoa.o)
                0x00008e78                _dtoa_r
 .text.rshift   0x00009a38       0x68 c:/users/b4t/downloads/sloeber-ide-v4.4.3-win32.win32.x86_64/sloeber/arduinoplugin/packages/arduino/tools/arm-none-eabi-gcc/7-2017q4/bin/../lib/gcc/arm-none-eabi/7.2.1/../../../../arm-none-eabi/lib/thumb/v6-m\libc_nano.a(lib_a-gdtoa-gethex.o)
 .text.__hexdig_fun
                0x00009aa0       0x2a c:/users/b4t/downloads/sloeber-ide-v4.4.3-win32.win32.x86_64/sloeber/arduinoplugin/packages/arduino/tools/arm-none-eabi-gcc/7-2017q4/bin/../lib/gcc/arm-none-eabi/7.2.1/../../../../arm-none-eabi/lib/thumb/v6-m\libc_nano.a(lib_a-gdtoa-gethex.o)
                0x00009aa0                __hexdig_fun
 .text.__gethex
                0x00009aca      0x456 c:/users/b4t/downloads/sloeber-ide-v4.4.3-win32.win32.x86_64/sloeber/arduinoplugin/packages/arduino/tools/arm-none-eabi-gcc/7-2017q4/bin/../lib/gcc/arm-none-eabi/7.2.1/../../../../arm-none-eabi/lib/thumb/v6-m\libc_nano.a(lib_a-gdtoa-gethex.o)
                0x00009aca                __gethex
 .text.L_shift  0x00009f20       0x24 c:/users/b4t/downloads/sloeber-ide-v4.4.3-win32.win32.x86_64/sloeber/arduinoplugin/packages/arduino/tools/arm-none-eabi-gcc/7-2017q4/bin/../lib/gcc/arm-none-eabi/7.2.1/../../../../arm-none-eabi/lib/thumb/v6-m\libc_nano.a(lib_a-gdtoa-hexnan.o)
 .text.__match  0x00009f44       0x28 c:/users/b4t/downloads/sloeber-ide-v4.4.3-win32.win32.x86_64/sloeber/arduinoplugin/packages/arduino/tools/arm-none-eabi-gcc/7-2017q4/bin/../lib/gcc/arm-none-eabi/7.2.1/../../../../arm-none-eabi/lib/thumb/v6-m\libc_nano.a(lib_a-gdtoa-hexnan.o)
                0x00009f44                __match
 .text.__hexnan
                0x00009f6c      0x12e c:/users/b4t/downloads/sloeber-ide-v4.4.3-win32.win32.x86_64/sloeber/arduinoplugin/packages/arduino/tools/arm-none-eabi-gcc/7-2017q4/bin/../lib/gcc/arm-none-eabi/7.2.1/../../../../arm-none-eabi/lib/thumb/v6-m\libc_nano.a(lib_a-gdtoa-hexnan.o)
                0x00009f6c                __hexnan
 .text.__localeconv_l
                0x0000a09a        0x4 c:/users/b4t/downloads/sloeber-ide-v4.4.3-win32.win32.x86_64/sloeber/arduinoplugin/packages/arduino/tools/arm-none-eabi-gcc/7-2017q4/bin/../lib/gcc/arm-none-eabi/7.2.1/../../../../arm-none-eabi/lib/thumb/v6-m\libc_nano.a(lib_a-localeconv.o)
                0x0000a09a                __localeconv_l
 *fill*         0x0000a09e        0x2 
 .text._localeconv_r
                0x0000a0a0       0x18 c:/users/b4t/downloads/sloeber-ide-v4.4.3-win32.win32.x86_64/sloeber/arduinoplugin/packages/arduino/tools/arm-none-eabi-gcc/7-2017q4/bin/../lib/gcc/arm-none-eabi/7.2.1/../../../../arm-none-eabi/lib/thumb/v6-m\libc_nano.a(lib_a-localeconv.o)
                0x0000a0a0                _localeconv_r
 .text.memchr   0x0000a0b8       0x16 c:/users/b4t/downloads/sloeber-ide-v4.4.3-win32.win32.x86_64/sloeber/arduinoplugin/packages/arduino/tools/arm-none-eabi-gcc/7-2017q4/bin/../lib/gcc/arm-none-eabi/7.2.1/../../../../arm-none-eabi/lib/thumb/v6-m\libc_nano.a(lib_a-memchr-stub.o)
                0x0000a0b8                memchr
 .text.__malloc_lock
                0x0000a0ce        0x2 c:/users/b4t/downloads/sloeber-ide-v4.4.3-win32.win32.x86_64/sloeber/arduinoplugin/packages/arduino/tools/arm-none-eabi-gcc/7-2017q4/bin/../lib/gcc/arm-none-eabi/7.2.1/../../../../arm-none-eabi/lib/thumb/v6-m\libc_nano.a(lib_a-mlock.o)
                0x0000a0ce                __malloc_lock
 .text.__malloc_unlock
                0x0000a0d0        0x2 c:/users/b4t/downloads/sloeber-ide-v4.4.3-win32.win32.x86_64/sloeber/arduinoplugin/packages/arduino/tools/arm-none-eabi-gcc/7-2017q4/bin/../lib/gcc/arm-none-eabi/7.2.1/../../../../arm-none-eabi/lib/thumb/v6-m\libc_nano.a(lib_a-mlock.o)
                0x0000a0d0                __malloc_unlock
 .text._Balloc  0x0000a0d2       0x70 c:/users/b4t/downloads/sloeber-ide-v4.4.3-win32.win32.x86_64/sloeber/arduinoplugin/packages/arduino/tools/arm-none-eabi-gcc/7-2017q4/bin/../lib/gcc/arm-none-eabi/7.2.1/../../../../arm-none-eabi/lib/thumb/v6-m\libc_nano.a(lib_a-mprec.o)
                0x0000a0d2                _Balloc
 .text._Bfree   0x0000a142       0x32 c:/users/b4t/downloads/sloeber-ide-v4.4.3-win32.win32.x86_64/sloeber/arduinoplugin/packages/arduino/tools/arm-none-eabi-gcc/7-2017q4/bin/../lib/gcc/arm-none-eabi/7.2.1/../../../../arm-none-eabi/lib/thumb/v6-m\libc_nano.a(lib_a-mprec.o)
                0x0000a142                _Bfree
 .text.__multadd
                0x0000a174       0x7c c:/users/b4t/downloads/sloeber-ide-v4.4.3-win32.win32.x86_64/sloeber/arduinoplugin/packages/arduino/tools/arm-none-eabi-gcc/7-2017q4/bin/../lib/gcc/arm-none-eabi/7.2.1/../../../../arm-none-eabi/lib/thumb/v6-m\libc_nano.a(lib_a-mprec.o)
                0x0000a174                __multadd
 .text.__s2b    0x0000a1f0       0x7c c:/users/b4t/downloads/sloeber-ide-v4.4.3-win32.win32.x86_64/sloeber/arduinoplugin/packages/arduino/tools/arm-none-eabi-gcc/7-2017q4/bin/../lib/gcc/arm-none-eabi/7.2.1/../../../../arm-none-eabi/lib/thumb/v6-m\libc_nano.a(lib_a-mprec.o)
                0x0000a1f0                __s2b
 .text.__hi0bits
                0x0000a26c       0x34 c:/users/b4t/downloads/sloeber-ide-v4.4.3-win32.win32.x86_64/sloeber/arduinoplugin/packages/arduino/tools/arm-none-eabi-gcc/7-2017q4/bin/../lib/gcc/arm-none-eabi/7.2.1/../../../../arm-none-eabi/lib/thumb/v6-m\libc_nano.a(lib_a-mprec.o)
                0x0000a26c                __hi0bits
 .text.__lo0bits
                0x0000a2a0       0x5e c:/users/b4t/downloads/sloeber-ide-v4.4.3-win32.win32.x86_64/sloeber/arduinoplugin/packages/arduino/tools/arm-none-eabi-gcc/7-2017q4/bin/../lib/gcc/arm-none-eabi/7.2.1/../../../../arm-none-eabi/lib/thumb/v6-m\libc_nano.a(lib_a-mprec.o)
                0x0000a2a0                __lo0bits
 .text.__i2b    0x0000a2fe       0x12 c:/users/b4t/downloads/sloeber-ide-v4.4.3-win32.win32.x86_64/sloeber/arduinoplugin/packages/arduino/tools/arm-none-eabi-gcc/7-2017q4/bin/../lib/gcc/arm-none-eabi/7.2.1/../../../../arm-none-eabi/lib/thumb/v6-m\libc_nano.a(lib_a-mprec.o)
                0x0000a2fe                __i2b
 .text.__multiply
                0x0000a310      0x11e c:/users/b4t/downloads/sloeber-ide-v4.4.3-win32.win32.x86_64/sloeber/arduinoplugin/packages/arduino/tools/arm-none-eabi-gcc/7-2017q4/bin/../lib/gcc/arm-none-eabi/7.2.1/../../../../arm-none-eabi/lib/thumb/v6-m\libc_nano.a(lib_a-mprec.o)
                0x0000a310                __multiply
 *fill*         0x0000a42e        0x2 
 .text.__pow5mult
                0x0000a430       0xa4 c:/users/b4t/downloads/sloeber-ide-v4.4.3-win32.win32.x86_64/sloeber/arduinoplugin/packages/arduino/tools/arm-none-eabi-gcc/7-2017q4/bin/../lib/gcc/arm-none-eabi/7.2.1/../../../../arm-none-eabi/lib/thumb/v6-m\libc_nano.a(lib_a-mprec.o)
                0x0000a430                __pow5mult
 .text.__lshift
                0x0000a4d4       0xa4 c:/users/b4t/downloads/sloeber-ide-v4.4.3-win32.win32.x86_64/sloeber/arduinoplugin/packages/arduino/tools/arm-none-eabi-gcc/7-2017q4/bin/../lib/gcc/arm-none-eabi/7.2.1/../../../../arm-none-eabi/lib/thumb/v6-m\libc_nano.a(lib_a-mprec.o)
                0x0000a4d4                __lshift
 .text.__mcmp   0x0000a578       0x34 c:/users/b4t/downloads/sloeber-ide-v4.4.3-win32.win32.x86_64/sloeber/arduinoplugin/packages/arduino/tools/arm-none-eabi-gcc/7-2017q4/bin/../lib/gcc/arm-none-eabi/7.2.1/../../../../arm-none-eabi/lib/thumb/v6-m\libc_nano.a(lib_a-mprec.o)
                0x0000a578                __mcmp
 .text.__mdiff  0x0000a5ac       0xc8 c:/users/b4t/downloads/sloeber-ide-v4.4.3-win32.win32.x86_64/sloeber/arduinoplugin/packages/arduino/tools/arm-none-eabi-gcc/7-2017q4/bin/../lib/gcc/arm-none-eabi/7.2.1/../../../../arm-none-eabi/lib/thumb/v6-m\libc_nano.a(lib_a-mprec.o)
                0x0000a5ac                __mdiff
 .text.__ulp    0x0000a674       0x4c c:/users/b4t/downloads/sloeber-ide-v4.4.3-win32.win32.x86_64/sloeber/arduinoplugin/packages/arduino/tools/arm-none-eabi-gcc/7-2017q4/bin/../lib/gcc/arm-none-eabi/7.2.1/../../../../arm-none-eabi/lib/thumb/v6-m\libc_nano.a(lib_a-mprec.o)
                0x0000a674                __ulp
 .text.__b2d    0x0000a6c0       0x98 c:/users/b4t/downloads/sloeber-ide-v4.4.3-win32.win32.x86_64/sloeber/arduinoplugin/packages/arduino/tools/arm-none-eabi-gcc/7-2017q4/bin/../lib/gcc/arm-none-eabi/7.2.1/../../../../arm-none-eabi/lib/thumb/v6-m\libc_nano.a(lib_a-mprec.o)
                0x0000a6c0                __b2d
 .text.__d2b    0x0000a758       0xa8 c:/users/b4t/downloads/sloeber-ide-v4.4.3-win32.win32.x86_64/sloeber/arduinoplugin/packages/arduino/tools/arm-none-eabi-gcc/7-2017q4/bin/../lib/gcc/arm-none-eabi/7.2.1/../../../../arm-none-eabi/lib/thumb/v6-m\libc_nano.a(lib_a-mprec.o)
                0x0000a758                __d2b
 .text.__ratio  0x0000a800       0x4e c:/users/b4t/downloads/sloeber-ide-v4.4.3-win32.win32.x86_64/sloeber/arduinoplugin/packages/arduino/tools/arm-none-eabi-gcc/7-2017q4/bin/../lib/gcc/arm-none-eabi/7.2.1/../../../../arm-none-eabi/lib/thumb/v6-m\libc_nano.a(lib_a-mprec.o)
                0x0000a800                __ratio
 .text.__copybits
                0x0000a84e       0x2c c:/users/b4t/downloads/sloeber-ide-v4.4.3-win32.win32.x86_64/sloeber/arduinoplugin/packages/arduino/tools/arm-none-eabi-gcc/7-2017q4/bin/../lib/gcc/arm-none-eabi/7.2.1/../../../../arm-none-eabi/lib/thumb/v6-m\libc_nano.a(lib_a-mprec.o)
                0x0000a84e                __copybits
 .text.__any_on
                0x0000a87a       0x44 c:/users/b4t/downloads/sloeber-ide-v4.4.3-win32.win32.x86_64/sloeber/arduinoplugin/packages/arduino/tools/arm-none-eabi-gcc/7-2017q4/bin/../lib/gcc/arm-none-eabi/7.2.1/../../../../arm-none-eabi/lib/thumb/v6-m\libc_nano.a(lib_a-mprec.o)
                0x0000a87a                __any_on
 .text._calloc_r
                0x0000a8be       0x1c c:/users/b4t/downloads/sloeber-ide-v4.4.3-win32.win32.x86_64/sloeber/arduinoplugin/packages/arduino/tools/arm-none-eabi-gcc/7-2017q4/bin/../lib/gcc/arm-none-eabi/7.2.1/../../../../arm-none-eabi/lib/thumb/v6-m\libc_nano.a(lib_a-nano-callocr.o)
                0x0000a8be                _calloc_r
 .text._realloc_r
                0x0000a8da       0x4c c:/users/b4t/downloads/sloeber-ide-v4.4.3-win32.win32.x86_64/sloeber/arduinoplugin/packages/arduino/tools/arm-none-eabi-gcc/7-2017q4/bin/../lib/gcc/arm-none-eabi/7.2.1/../../../../arm-none-eabi/lib/thumb/v6-m\libc_nano.a(lib_a-nano-reallocr.o)
                0x0000a8da                _realloc_r
 *fill*         0x0000a926        0x2 
 .text.__ssputs_r
                0x0000a928       0xc4 c:/users/b4t/downloads/sloeber-ide-v4.4.3-win32.win32.x86_64/sloeber/arduinoplugin/packages/arduino/tools/arm-none-eabi-gcc/7-2017q4/bin/../lib/gcc/arm-none-eabi/7.2.1/../../../../arm-none-eabi/lib/thumb/v6-m\libc_nano.a(lib_a-nano-svfprintf.o)
                0x0000a928                __ssputs_r
 .text._svfprintf_r
                0x0000a9ec      0x1fc c:/users/b4t/downloads/sloeber-ide-v4.4.3-win32.win32.x86_64/sloeber/arduinoplugin/packages/arduino/tools/arm-none-eabi-gcc/7-2017q4/bin/../lib/gcc/arm-none-eabi/7.2.1/../../../../arm-none-eabi/lib/thumb/v6-m\libc_nano.a(lib_a-nano-svfprintf.o)
                0x0000a9ec                _svfiprintf_r
                0x0000a9ec                _svfprintf_r
 .text._malloc_usable_size_r
                0x0000abe8       0x10 c:/users/b4t/downloads/sloeber-ide-v4.4.3-win32.win32.x86_64/sloeber/arduinoplugin/packages/arduino/tools/arm-none-eabi-gcc/7-2017q4/bin/../lib/gcc/arm-none-eabi/7.2.1/../../../../arm-none-eabi/lib/thumb/v6-m\libc_nano.a(lib_a-nano-msizer.o)
                0x0000abe8                _malloc_usable_size_r
 .text          0x0000abf8       0x74 c:/users/b4t/downloads/sloeber-ide-v4.4.3-win32.win32.x86_64/sloeber/arduinoplugin/packages/arduino/tools/arm-none-eabi-gcc/7-2017q4/bin/../lib/gcc/arm-none-eabi/7.2.1/thumb/v6-m\libgcc.a(floatsidf.o)
                0x0000abf8                __aeabi_i2d
 .text._sbrk    0x0000ac6c       0x1c c:/users/b4t/downloads/sloeber-ide-v4.4.3-win32.win32.x86_64/sloeber/arduinoplugin/packages/arduino/tools/arm-none-eabi-gcc/7-2017q4/bin/../lib/gcc/arm-none-eabi/7.2.1/../../../../arm-none-eabi/lib/thumb/v6-m\libnosys.a(sbrk.o)
                0x0000ac6c                _sbrk
 *(.init)
 .init          0x0000ac88        0x4 c:/users/b4t/downloads/sloeber-ide-v4.4.3-win32.win32.x86_64/sloeber/arduinoplugin/packages/arduino/tools/arm-none-eabi-gcc/7-2017q4/bin/../lib/gcc/arm-none-eabi/7.2.1/thumb/v6-m/crti.o
                0x0000ac88                _init
 .init          0x0000ac8c        0x8 c:/users/b4t/downloads/sloeber-ide-v4.4.3-win32.win32.x86_64/sloeber/arduinoplugin/packages/arduino/tools/arm-none-eabi-gcc/7-2017q4/bin/../lib/gcc/arm-none-eabi/7.2.1/thumb/v6-m/crtn.o
 *(.fini)
 .fini          0x0000ac94        0x4 c:/users/b4t/downloads/sloeber-ide-v4.4.3-win32.win32.x86_64/sloeber/arduinoplugin/packages/arduino/tools/arm-none-eabi-gcc/7-2017q4/bin/../lib/gcc/arm-none-eabi/7.2.1/thumb/v6-m/crti.o
                0x0000ac94                _fini
 .fini          0x0000ac98        0x8 c:/users/b4t/downloads/sloeber-ide-v4.4.3-win32.win32.x86_64/sloeber/arduinoplugin/packages/arduino/tools/arm-none-eabi-gcc/7-2017q4/bin/../lib/gcc/arm-none-eabi/7.2.1/thumb/v6-m/crtn.o
 *crtbegin.o(.ctors)
 *crtbegin?.o(.ctors)
 *(EXCLUDE_FILE(*crtend.o *crtend?.o) .ctors)
 *(SORT_BY_NAME(.ctors.*))
 *(.ctors)
 *crtbegin.o(.dtors)
 *crtbegin?.o(.dtors)
 *(EXCLUDE_FILE(*crtend.o *crtend?.o) .dtors)
 *(SORT_BY_NAME(.dtors.*))
 *(.dtors)
 *(.rodata*)
 .rodata._Z11printPromptv.str1.1
                0x0000aca0        0x6 .\sloeber.ino.cpp.o
 .rodata._Z11printStatusv.str1.1
                0x0000aca6       0x94 .\sloeber.ino.cpp.o
                                 0xb5 (size before relaxing)
 .rodata._Z13handleCommandPc.str1.1
                0x0000ad3a      0x111 .\sloeber.ino.cpp.o
                                0x116 (size before relaxing)
 .rodata._Z15handleBackspacev.str1.1
                0x0000ae4b        0x4 .\sloeber.ino.cpp.o
 .rodata._Z15handlePrintablec.str1.1
                0x0000ae4f       0x1f .\sloeber.ino.cpp.o
 .rodata._Z16sendSensorPacketv.str1.1
                0x0000ae6e       0x35 .\sloeber.ino.cpp.o
                                 0x37 (size before relaxing)
 .rodata._Z9printHelpv.str1.1
                0x0000aea3      0x179 .\sloeber.ino.cpp.o
 .rodata.setup.str1.1
                0x0000b01c       0x56 .\sloeber.ino.cpp.o
 *fill*         0x0000b072        0x2 
 .rodata.g_APinDescription
                0x0000b074      0x360 .\core\variant\variant.cpp.o
                0x0000b074                g_APinDescription
 .rodata._ZTV7Serial_
                0x0000b3d4       0x58 C:\Users\B4T\Documents\sloeber-workspace\Pass_Thru_Data_to_Cloud\Release\arduino.ar(CDC.cpp.o)
                0x0000b3d4                vtable for Serial_
 .rodata._ZTV26DoubleBufferedEPOutHandler
                0x0000b42c       0x24 C:\Users\B4T\Documents\sloeber-workspace\Pass_Thru_Data_to_Cloud\Release\arduino.ar(USBCore.cpp.o)
                0x0000b42c                vtable for DoubleBufferedEPOutHandler
 .rodata._ZL14STRING_PRODUCT
                0x0000b450       0x16 C:\Users\B4T\Documents\sloeber-workspace\Pass_Thru_Data_to_Cloud\Release\arduino.ar(USBCore.cpp.o)
 .rodata._ZL15STRING_LANGUAGE
                0x0000b466        0x4 C:\Users\B4T\Documents\sloeber-workspace\Pass_Thru_Data_to_Cloud\Release\arduino.ar(USBCore.cpp.o)
 .rodata._ZL19STRING_MANUFACTURER
                0x0000b46a        0xc C:\Users\B4T\Documents\sloeber-workspace\Pass_Thru_Data_to_Cloud\Release\arduino.ar(USBCore.cpp.o)
 .rodata._ZL21USB_DeviceDescriptorB
                0x0000b476       0x12 C:\Users\B4T\Documents\sloeber-workspace\Pass_Thru_Data_to_Cloud\Release\arduino.ar(USBCore.cpp.o)
 .rodata._ZN5Print10printFloatEdh.str1.1
                0x0000b488        0xc C:\Users\B4T\Documents\sloeber-workspace\Pass_Thru_Data_to_Cloud\Release\arduino.ar(Print.cpp.o)
 .rodata._ZN5Print7printlnEv.str1.1
                0x0000b494        0x3 C:\Users\B4T\Documents\sloeber-workspace\Pass_Thru_Data_to_Cloud\Release\arduino.ar(Print.cpp.o)
 .rodata._ZTV4Uart
                0x0000b494       0x34 C:\Users\B4T\Documents\sloeber-workspace\Pass_Thru_Data_to_Cloud\Release\arduino.ar(Uart.cpp.o)
                0x0000b494                vtable for Uart
 .rodata.dtostrf.str1.1
                0x0000b4c8        0x9 C:\Users\B4T\Documents\sloeber-workspace\Pass_Thru_Data_to_Cloud\Release\arduino.ar(dtostrf.c.o)
 *fill*         0x0000b4d1        0x3 
 .rodata        0x0000b4d4       0x40 c:/users/b4t/downloads/sloeber-ide-v4.4.3-win32.win32.x86_64/sloeber/arduinoplugin/packages/arduino/tools/arm-none-eabi-gcc/7-2017q4/bin/../lib/gcc/arm-none-eabi/7.2.1/thumb/v6-m\libgcc.a(divdf3.o)
 .rodata        0x0000b514       0x40 c:/users/b4t/downloads/sloeber-ide-v4.4.3-win32.win32.x86_64/sloeber/arduinoplugin/packages/arduino/tools/arm-none-eabi-gcc/7-2017q4/bin/../lib/gcc/arm-none-eabi/7.2.1/thumb/v6-m\libgcc.a(muldf3.o)
 .rodata._setlocale_r.str1.1
                0x0000b554        0x6 c:/users/b4t/downloads/sloeber-ide-v4.4.3-win32.win32.x86_64/sloeber/arduinoplugin/packages/arduino/tools/arm-none-eabi-gcc/7-2017q4/bin/../lib/gcc/arm-none-eabi/7.2.1/../../../../arm-none-eabi/lib/thumb/v6-m\libc_nano.a(lib_a-locale.o)
                                  0x9 (size before relaxing)
 .rodata.str1.1
                0x0000b55a        0x6 c:/users/b4t/downloads/sloeber-ide-v4.4.3-win32.win32.x86_64/sloeber/arduinoplugin/packages/arduino/tools/arm-none-eabi-gcc/7-2017q4/bin/../lib/gcc/arm-none-eabi/7.2.1/../../../../arm-none-eabi/lib/thumb/v6-m\libc_nano.a(lib_a-locale.o)
                                  0x2 (size before relaxing)
 .rodata._printf_float.str1.1
                0x0000b55a        0xa c:/users/b4t/downloads/sloeber-ide-v4.4.3-win32.win32.x86_64/sloeber/arduinoplugin/packages/arduino/tools/arm-none-eabi-gcc/7-2017q4/bin/../lib/gcc/arm-none-eabi/7.2.1/../../../../arm-none-eabi/lib/thumb/v6-m\libc_nano.a(lib_a-nano-vfprintf_float.o)
                                 0x12 (size before relaxing)
 .rodata._printf_i.str1.1
                0x0000b564       0x22 c:/users/b4t/downloads/sloeber-ide-v4.4.3-win32.win32.x86_64/sloeber/arduinoplugin/packages/arduino/tools/arm-none-eabi-gcc/7-2017q4/bin/../lib/gcc/arm-none-eabi/7.2.1/../../../../arm-none-eabi/lib/thumb/v6-m\libc_nano.a(lib_a-nano-vfprintf_i.o)
 .rodata._strtod_l.str1.1
                0x0000b586       0x22 c:/users/b4t/downloads/sloeber-ide-v4.4.3-win32.win32.x86_64/sloeber/arduinoplugin/packages/arduino/tools/arm-none-eabi-gcc/7-2017q4/bin/../lib/gcc/arm-none-eabi/7.2.1/../../../../arm-none-eabi/lib/thumb/v6-m\libc_nano.a(lib_a-strtod.o)
                                  0xc (size before relaxing)
 *fill*         0x0000b586        0x2 
 .rodata.fpi.6156
                0x0000b588       0x14 c:/users/b4t/downloads/sloeber-ide-v4.4.3-win32.win32.x86_64/sloeber/arduinoplugin/packages/arduino/tools/arm-none-eabi-gcc/7-2017q4/bin/../lib/gcc/arm-none-eabi/7.2.1/../../../../arm-none-eabi/lib/thumb/v6-m\libc_nano.a(lib_a-strtod.o)
 .rodata.fpinan.6192
                0x0000b59c       0x14 c:/users/b4t/downloads/sloeber-ide-v4.4.3-win32.win32.x86_64/sloeber/arduinoplugin/packages/arduino/tools/arm-none-eabi-gcc/7-2017q4/bin/../lib/gcc/arm-none-eabi/7.2.1/../../../../arm-none-eabi/lib/thumb/v6-m\libc_nano.a(lib_a-strtod.o)
 .rodata.tinytens
                0x0000b5b0       0x28 c:/users/b4t/downloads/sloeber-ide-v4.4.3-win32.win32.x86_64/sloeber/arduinoplugin/packages/arduino/tools/arm-none-eabi-gcc/7-2017q4/bin/../lib/gcc/arm-none-eabi/7.2.1/../../../../arm-none-eabi/lib/thumb/v6-m\libc_nano.a(lib_a-strtod.o)
 .rodata._ctype_
                0x0000b5d8      0x101 c:/users/b4t/downloads/sloeber-ide-v4.4.3-win32.win32.x86_64/sloeber/arduinoplugin/packages/arduino/tools/arm-none-eabi-gcc/7-2017q4/bin/../lib/gcc/arm-none-eabi/7.2.1/../../../../arm-none-eabi/lib/thumb/v6-m\libc_nano.a(lib_a-ctype_.o)
                0x0000b5d8                _ctype_
 .rodata._dtoa_r.str1.1
                0x0000b6d9        0xd c:/users/b4t/downloads/sloeber-ide-v4.4.3-win32.win32.x86_64/sloeber/arduinoplugin/packages/arduino/tools/arm-none-eabi-gcc/7-2017q4/bin/../lib/gcc/arm-none-eabi/7.2.1/../../../../arm-none-eabi/lib/thumb/v6-m\libc_nano.a(lib_a-dtoa.o)
                                  0xf (size before relaxing)
 *fill*         0x0000b6e6        0x2 
 .rodata.__mprec_bigtens
                0x0000b6e8       0x28 c:/users/b4t/downloads/sloeber-ide-v4.4.3-win32.win32.x86_64/sloeber/arduinoplugin/packages/arduino/tools/arm-none-eabi-gcc/7-2017q4/bin/../lib/gcc/arm-none-eabi/7.2.1/../../../../arm-none-eabi/lib/thumb/v6-m\libc_nano.a(lib_a-mprec.o)
                0x0000b6e8                __mprec_bigtens
 .rodata.__mprec_tens
                0x0000b710       0xc8 c:/users/b4t/downloads/sloeber-ide-v4.4.3-win32.win32.x86_64/sloeber/arduinoplugin/packages/arduino/tools/arm-none-eabi-gcc/7-2017q4/bin/../lib/gcc/arm-none-eabi/7.2.1/../../../../arm-none-eabi/lib/thumb/v6-m\libc_nano.a(lib_a-mprec.o)
                0x0000b710                __mprec_tens
 .rodata.p05.6084
                0x0000b7d8        0xc c:/users/b4t/downloads/sloeber-ide-v4.4.3-win32.win32.x86_64/sloeber/arduinoplugin/packages/arduino/tools/arm-none-eabi-gcc/7-2017q4/bin/../lib/gcc/arm-none-eabi/7.2.1/../../../../arm-none-eabi/lib/thumb/v6-m\libc_nano.a(lib_a-mprec.o)
 .rodata._svfprintf_r.str1.1
                0x0000b7e4       0x11 c:/users/b4t/downloads/sloeber-ide-v4.4.3-win32.win32.x86_64/sloeber/arduinoplugin/packages/arduino/tools/arm-none-eabi-gcc/7-2017q4/bin/../lib/gcc/arm-none-eabi/7.2.1/../../../../arm-none-eabi/lib/thumb/v6-m\libc_nano.a(lib_a-nano-svfprintf.o)
 *(.eh_frame*)
 *fill*         0x0000b7f5        0x3 
 .eh_frame      0x0000b7f8        0x0 c:/users/b4t/downloads/sloeber-ide-v4.4.3-win32.win32.x86_64/sloeber/arduinoplugin/packages/arduino/tools/arm-none-eabi-gcc/7-2017q4/bin/../lib/gcc/arm-none-eabi/7.2.1/thumb/v6-m/crtbegin.o
 .eh_frame      0x0000b7f8        0x4 c:/users/b4t/downloads/sloeber-ide-v4.4.3-win32.win32.x86_64/sloeber/arduinoplugin/packages/arduino/tools/arm-none-eabi-gcc/7-2017q4/bin/../lib/gcc/arm-none-eabi/7.2.1/thumb/v6-m/crtend.o

.glue_7         0x0000b7fc        0x0
 .glue_7        0x0000b7fc        0x0 linker stubs

.glue_7t        0x0000b7fc        0x0
 .glue_7t       0x0000b7fc        0x0 linker stubs

.vfp11_veneer   0x0000b7fc        0x0
 .vfp11_veneer  0x0000b7fc        0x0 linker stubs

.v4_bx          0x0000b7fc        0x0
 .v4_bx         0x0000b7fc        0x0 linker stubs

.iplt           0x0000b7fc        0x0
 .iplt          0x0000b7fc        0x0 c:/users/b4t/downloads/sloeber-ide-v4.4.3-win32.win32.x86_64/sloeber/arduinoplugin/packages/arduino/tools/arm-none-eabi-gcc/7-2017q4/bin/../lib/gcc/arm-none-eabi/7.2.1/thumb/v6-m/crtbegin.o

.rel.dyn        0x0000b7fc        0x0
 .rel.iplt      0x0000b7fc        0x0 c:/users/b4t/downloads/sloeber-ide-v4.4.3-win32.win32.x86_64/sloeber/arduinoplugin/packages/arduino/tools/arm-none-eabi-gcc/7-2017q4/bin/../lib/gcc/arm-none-eabi/7.2.1/thumb/v6-m/crtbegin.o

.ARM.extab
 *(.ARM.extab* .gnu.linkonce.armextab.*)
                0x0000b7fc                __exidx_start = .

.ARM.exidx
 *(.ARM.exidx* .gnu.linkonce.armexidx.*)
                0x0000b7fc                __exidx_end = .
                0x0000b7fc                __etext = .

.data           0x20000000      0x210 load address 0x0000b7fc
                0x20000000                __data_start__ = .
 *(vtable)
 *(.data*)
 .data.humidityValue
                0x20000000        0x4 .\sloeber.ino.cpp.o
                0x20000000                humidityValue
 .data.n2oValue
                0x20000004        0x2 .\sloeber.ino.cpp.o
                0x20000004                n2oValue
 *fill*         0x20000006        0x2 
 .data.temperatureValue
                0x20000008        0x4 .\sloeber.ino.cpp.o
                0x20000008                temperatureValue
 .data._ZL10breakValue
                0x2000000c        0x4 C:\Users\B4T\Documents\sloeber-workspace\Pass_Thru_Data_to_Cloud\Release\arduino.ar(CDC.cpp.o)
 .data._ZL12_usbLineInfo
                0x20000010        0x8 C:\Users\B4T\Documents\sloeber-workspace\Pass_Thru_Data_to_Cloud\Release\arduino.ar(CDC.cpp.o)
 .data._serialPeek
                0x20000018        0x4 C:\Users\B4T\Documents\sloeber-workspace\Pass_Thru_Data_to_Cloud\Release\arduino.ar(CDC.cpp.o)
                0x20000018                _serialPeek
 .data._ZL5ticks
                0x2000001c        0x4 C:\Users\B4T\Documents\sloeber-workspace\Pass_Thru_Data_to_Cloud\Release\arduino.ar(Reset.cpp.o)
 .data.SystemCoreClock
                0x20000020        0x4 C:\Users\B4T\Documents\sloeber-workspace\Pass_Thru_Data_to_Cloud\Release\arduino.ar(wiring.c.o)
                0x20000020                SystemCoreClock
 .data._ADCResolution
                0x20000024        0x4 C:\Users\B4T\Documents\sloeber-workspace\Pass_Thru_Data_to_Cloud\Release\arduino.ar(wiring_analog.c.o)
 .data._readResolution
                0x20000028        0x4 C:\Users\B4T\Documents\sloeber-workspace\Pass_Thru_Data_to_Cloud\Release\arduino.ar(wiring_analog.c.o)
 .data._impure_ptr
                0x2000002c        0x4 c:/users/b4t/downloads/sloeber-ide-v4.4.3-win32.win32.x86_64/sloeber/arduinoplugin/packages/arduino/tools/arm-none-eabi-gcc/7-2017q4/bin/../lib/gcc/arm-none-eabi/7.2.1/../../../../arm-none-eabi/lib/thumb/v6-m\libc_nano.a(lib_a-impure.o)
                0x2000002c                _impure_ptr
 .data.impure_data
                0x20000030       0x60 c:/users/b4t/downloads/sloeber-ide-v4.4.3-win32.win32.x86_64/sloeber/arduinoplugin/packages/arduino/tools/arm-none-eabi-gcc/7-2017q4/bin/../lib/gcc/arm-none-eabi/7.2.1/../../../../arm-none-eabi/lib/thumb/v6-m\libc_nano.a(lib_a-impure.o)
 .data.__global_locale
                0x20000090      0x16c c:/users/b4t/downloads/sloeber-ide-v4.4.3-win32.win32.x86_64/sloeber/arduinoplugin/packages/arduino/tools/arm-none-eabi-gcc/7-2017q4/bin/../lib/gcc/arm-none-eabi/7.2.1/../../../../arm-none-eabi/lib/thumb/v6-m\libc_nano.a(lib_a-locale.o)
                0x20000090                __global_locale
                0x200001fc                . = ALIGN (0x4)
                0x200001fc                PROVIDE (__preinit_array_start, .)
 *(.preinit_array)
                0x200001fc                PROVIDE (__preinit_array_end, .)
                0x200001fc                . = ALIGN (0x4)
                0x200001fc                PROVIDE (__init_array_start, .)
 *(SORT_BY_NAME(.init_array.*))
 *(.init_array)